Archive member included to satisfy reference by file (symbol)

c:/siliconlabs/simplicitystudio/v5/developer/toolchains/gnu_arm/10.2_2020q4/bin/../lib/gcc/arm-none-eabi/10.2.1/thumb/v8-m.main+fp/hard\libgcc.a(_arm_addsubdf3.o)
                              ./bh1750_driver.o (__aeabi_i2d)
c:/siliconlabs/simplicitystudio/v5/developer/toolchains/gnu_arm/10.2_2020q4/bin/../lib/gcc/arm-none-eabi/10.2.1/thumb/v8-m.main+fp/hard\libgcc.a(_arm_muldivdf3.o)
                              ./bh1750_driver.o (__aeabi_ddiv)
c:/siliconlabs/simplicitystudio/v5/developer/toolchains/gnu_arm/10.2_2020q4/bin/../lib/gcc/arm-none-eabi/10.2.1/thumb/v8-m.main+fp/hard\libgcc.a(_arm_fixunsdfsi.o)
                              ./bh1750_driver.o (__aeabi_d2uiz)
c:/siliconlabs/simplicitystudio/v5/developer/toolchains/gnu_arm/10.2_2020q4/bin/../lib/gcc/arm-none-eabi/10.2.1/thumb/v8-m.main+fp/hard\libgcc.a(_aeabi_ldivmod.o)
                              ./gecko_sdk_4.0.1/platform/emlib/src/em_usart.o (__aeabi_ldivmod)
c:/siliconlabs/simplicitystudio/v5/developer/toolchains/gnu_arm/10.2_2020q4/bin/../lib/gcc/arm-none-eabi/10.2.1/thumb/v8-m.main+fp/hard\libgcc.a(_aeabi_uldivmod.o)
                              ./gecko_sdk_4.0.1/platform/emlib/src/em_usart.o (__aeabi_uldivmod)
c:/siliconlabs/simplicitystudio/v5/developer/toolchains/gnu_arm/10.2_2020q4/bin/../lib/gcc/arm-none-eabi/10.2.1/thumb/v8-m.main+fp/hard\libgcc.a(_udivmoddi4.o)
                              c:/siliconlabs/simplicitystudio/v5/developer/toolchains/gnu_arm/10.2_2020q4/bin/../lib/gcc/arm-none-eabi/10.2.1/thumb/v8-m.main+fp/hard\libgcc.a(_aeabi_ldivmod.o) (__udivmoddi4)
c:/siliconlabs/simplicitystudio/v5/developer/toolchains/gnu_arm/10.2_2020q4/bin/../lib/gcc/arm-none-eabi/10.2.1/thumb/v8-m.main+fp/hard\libgcc.a(_dvmd_tls.o)
                              c:/siliconlabs/simplicitystudio/v5/developer/toolchains/gnu_arm/10.2_2020q4/bin/../lib/gcc/arm-none-eabi/10.2.1/thumb/v8-m.main+fp/hard\libgcc.a(_aeabi_ldivmod.o) (__aeabi_ldiv0)
c:/siliconlabs/simplicitystudio/v5/developer/toolchains/gnu_arm/10.2_2020q4/bin/../lib/gcc/arm-none-eabi/10.2.1/../../../../arm-none-eabi/lib/thumb/v8-m.main+fp/hard\libc_nano.a(lib_a-exit.o)
                              c:/siliconlabs/simplicitystudio/v5/developer/toolchains/gnu_arm/10.2_2020q4/bin/../lib/gcc/arm-none-eabi/10.2.1/../../../../arm-none-eabi/lib/thumb/v8-m.main+fp/hard/crt0.o (exit)
c:/siliconlabs/simplicitystudio/v5/developer/toolchains/gnu_arm/10.2_2020q4/bin/../lib/gcc/arm-none-eabi/10.2.1/../../../../arm-none-eabi/lib/thumb/v8-m.main+fp/hard\libc_nano.a(lib_a-impure.o)
                              c:/siliconlabs/simplicitystudio/v5/developer/toolchains/gnu_arm/10.2_2020q4/bin/../lib/gcc/arm-none-eabi/10.2.1/../../../../arm-none-eabi/lib/thumb/v8-m.main+fp/hard\libc_nano.a(lib_a-exit.o) (_global_impure_ptr)
c:/siliconlabs/simplicitystudio/v5/developer/toolchains/gnu_arm/10.2_2020q4/bin/../lib/gcc/arm-none-eabi/10.2.1/../../../../arm-none-eabi/lib/thumb/v8-m.main+fp/hard\libc_nano.a(lib_a-init.o)
                              c:/siliconlabs/simplicitystudio/v5/developer/toolchains/gnu_arm/10.2_2020q4/bin/../lib/gcc/arm-none-eabi/10.2.1/../../../../arm-none-eabi/lib/thumb/v8-m.main+fp/hard/crt0.o (__libc_init_array)
c:/siliconlabs/simplicitystudio/v5/developer/toolchains/gnu_arm/10.2_2020q4/bin/../lib/gcc/arm-none-eabi/10.2.1/../../../../arm-none-eabi/lib/thumb/v8-m.main+fp/hard\libc_nano.a(lib_a-memset.o)
                              c:/siliconlabs/simplicitystudio/v5/developer/toolchains/gnu_arm/10.2_2020q4/bin/../lib/gcc/arm-none-eabi/10.2.1/../../../../arm-none-eabi/lib/thumb/v8-m.main+fp/hard/crt0.o (memset)
c:/siliconlabs/simplicitystudio/v5/developer/toolchains/gnu_arm/10.2_2020q4/bin/../lib/gcc/arm-none-eabi/10.2.1/../../../../arm-none-eabi/lib/thumb/v8-m.main+fp/hard\libc_nano.a(lib_a-setvbuf.o)
                              ./gecko_sdk_4.0.1/platform/service/iostream/src/sl_iostream_stdlib_config.o (setvbuf)
c:/siliconlabs/simplicitystudio/v5/developer/toolchains/gnu_arm/10.2_2020q4/bin/../lib/gcc/arm-none-eabi/10.2.1/../../../../arm-none-eabi/lib/thumb/v8-m.main+fp/hard\libc_nano.a(lib_a-strcmp.o)
                              ./autogen/sl_iostream_handles.o (strcmp)
c:/siliconlabs/simplicitystudio/v5/developer/toolchains/gnu_arm/10.2_2020q4/bin/../lib/gcc/arm-none-eabi/10.2.1/../../../../arm-none-eabi/lib/thumb/v8-m.main+fp/hard\libc_nano.a(lib_a-vprintf.o)
                              ./gecko_sdk_4.0.1/platform/service/iostream/src/sl_iostream.o (vprintf)
c:/siliconlabs/simplicitystudio/v5/developer/toolchains/gnu_arm/10.2_2020q4/bin/../lib/gcc/arm-none-eabi/10.2.1/../../../../arm-none-eabi/lib/thumb/v8-m.main+fp/hard\libc_nano.a(lib_a-fflush.o)
                              c:/siliconlabs/simplicitystudio/v5/developer/toolchains/gnu_arm/10.2_2020q4/bin/../lib/gcc/arm-none-eabi/10.2.1/../../../../arm-none-eabi/lib/thumb/v8-m.main+fp/hard\libc_nano.a(lib_a-setvbuf.o) (_fflush_r)
[...]
Memory Configuration

Name             Origin             Length             Attributes
FLASH            0x00000000         0x0007e000         xr
RAM              0x20000000         0x00008000         xrw
*default*        0x00000000         0xffffffff

Linker script and memory map

LOAD c:/siliconlabs/simplicitystudio/v5/developer/toolchains/gnu_arm/10.2_2020q4/bin/../lib/gcc/arm-none-eabi/10.2.1/thumb/v8-m.main+fp/hard/crti.o
LOAD c:/siliconlabs/simplicitystudio/v5/developer/toolchains/gnu_arm/10.2_2020q4/bin/../lib/gcc/arm-none-eabi/10.2.1/thumb/v8-m.main+fp/hard/crtbegin.o
LOAD c:/siliconlabs/simplicitystudio/v5/developer/toolchains/gnu_arm/10.2_2020q4/bin/../lib/gcc/arm-none-eabi/10.2.1/../../../../arm-none-eabi/lib/thumb/v8-m.main+fp/hard/crt0.o
START GROUP
LOAD ./app.o
LOAD ./bh1750_driver.o
LOAD ./main.o
LOAD ./autogen/sl_board_default_init.o
LOAD ./autogen/sl_device_init_clocks.o
LOAD ./autogen/sl_event_handler.o
LOAD ./autogen/sl_i2cspm_init.o
LOAD ./autogen/sl_iostream_handles.o
LOAD ./autogen/sl_iostream_init_usart_instances.o
LOAD ./gecko_sdk_4.0.1/app/common/util/app_log/app_log.o
LOAD ./gecko_sdk_4.0.1/hardware/board/src/sl_board_control_gpio.o
LOAD ./gecko_sdk_4.0.1/hardware/board/src/sl_board_init.o
LOAD ./gecko_sdk_4.0.1/platform/Device/SiliconLabs/BGM22/Source/GCC/startup_bgm22.o
LOAD ./gecko_sdk_4.0.1/platform/Device/SiliconLabs/BGM22/Source/system_bgm22.o
LOAD ./gecko_sdk_4.0.1/platform/common/toolchain/src/sl_memory.o
LOAD ./gecko_sdk_4.0.1/platform/driver/i2cspm/src/sl_i2cspm.o
LOAD ./gecko_sdk_4.0.1/platform/emlib/src/em_assert.o
LOAD ./gecko_sdk_4.0.1/platform/emlib/src/em_cmu.o
LOAD ./gecko_sdk_4.0.1/platform/emlib/src/em_core.o
LOAD ./gecko_sdk_4.0.1/platform/emlib/src/em_emu.o
LOAD ./gecko_sdk_4.0.1/platform/emlib/src/em_gpio.o
LOAD ./gecko_sdk_4.0.1/platform/emlib/src/em_i2c.o
LOAD ./gecko_sdk_4.0.1/platform/emlib/src/em_iadc.o
LOAD ./gecko_sdk_4.0.1/platform/emlib/src/em_system.o
LOAD ./gecko_sdk_4.0.1/platform/emlib/src/em_usart.o
LOAD ./gecko_sdk_4.0.1/platform/service/device_init/src/sl_device_init_dcdc_s2.o
LOAD ./gecko_sdk_4.0.1/platform/service/device_init/src/sl_device_init_emu_s2.o
LOAD ./gecko_sdk_4.0.1/platform/service/device_init/src/sl_device_init_hfxo_s2.o
LOAD ./gecko_sdk_4.0.1/platform/service/device_init/src/sl_device_init_lfxo_s2.o
LOAD ./gecko_sdk_4.0.1/platform/service/device_init/src/sl_device_init_nvic.o
LOAD ./gecko_sdk_4.0.1/platform/service/iostream/src/sl_iostream.o
LOAD ./gecko_sdk_4.0.1/platform/service/iostream/src/sl_iostream_retarget_stdio.o
LOAD ./gecko_sdk_4.0.1/platform/service/iostream/src/sl_iostream_stdlib_config.o
LOAD ./gecko_sdk_4.0.1/platform/service/iostream/src/sl_iostream_uart.o
LOAD ./gecko_sdk_4.0.1/platform/service/iostream/src/sl_iostream_usart.o
LOAD ./gecko_sdk_4.0.1/platform/service/system/src/sl_system_init.o
LOAD ./gecko_sdk_4.0.1/platform/service/system/src/sl_system_process_action.o
LOAD ./gecko_sdk_4.0.1/platform/service/udelay/src/sl_udelay.o
LOAD ./gecko_sdk_4.0.1/platform/service/udelay/src/sl_udelay_armv6m_gcc.o
LOAD c:/siliconlabs/simplicitystudio/v5/developer/toolchains/gnu_arm/10.2_2020q4/bin/../lib/gcc/arm-none-eabi/10.2.1/thumb/v8-m.main+fp/hard\libgcc.a
LOAD c:/siliconlabs/simplicitystudio/v5/developer/toolchains/gnu_arm/10.2_2020q4/bin/../lib/gcc/arm-none-eabi/10.2.1/../../../../arm-none-eabi/lib/thumb/v8-m.main+fp/hard\libc_nano.a
LOAD c:/siliconlabs/simplicitystudio/v5/developer/toolchains/gnu_arm/10.2_2020q4/bin/../lib/gcc/arm-none-eabi/10.2.1/../../../../arm-none-eabi/lib/thumb/v8-m.main+fp/hard\libm.a
LOAD c:/siliconlabs/simplicitystudio/v5/developer/toolchains/gnu_arm/10.2_2020q4/bin/../lib/gcc/arm-none-eabi/10.2.1/../../../../arm-none-eabi/lib/thumb/v8-m.main+fp/hard\libnosys.a
END GROUP
START GROUP
LOAD c:/siliconlabs/simplicitystudio/v5/developer/toolchains/gnu_arm/10.2_2020q4/bin/../lib/gcc/arm-none-eabi/10.2.1/thumb/v8-m.main+fp/hard\libgcc.a
LOAD c:/siliconlabs/simplicitystudio/v5/developer/toolchains/gnu_arm/10.2_2020q4/bin/../lib/gcc/arm-none-eabi/10.2.1/../../../../arm-none-eabi/lib/thumb/v8-m.main+fp/hard\libc_nano.a
LOAD c:/siliconlabs/simplicitystudio/v5/developer/toolchains/gnu_arm/10.2_2020q4/bin/../lib/gcc/arm-none-eabi/10.2.1/../../../../arm-none-eabi/lib/thumb/v8-m.main+fp/hard\libnosys.a
END GROUP
START GROUP
LOAD c:/siliconlabs/simplicitystudio/v5/developer/toolchains/gnu_arm/10.2_2020q4/bin/../lib/gcc/arm-none-eabi/10.2.1/thumb/v8-m.main+fp/hard\libgcc.a
LOAD c:/siliconlabs/simplicitystudio/v5/developer/toolchains/gnu_arm/10.2_2020q4/bin/../lib/gcc/arm-none-eabi/10.2.1/../../../../arm-none-eabi/lib/thumb/v8-m.main+fp/hard\libg_nano.a
LOAD c:/siliconlabs/simplicitystudio/v5/developer/toolchains/gnu_arm/10.2_2020q4/bin/../lib/gcc/arm-none-eabi/10.2.1/../../../../arm-none-eabi/lib/thumb/v8-m.main+fp/hard\libc_nano.a
END GROUP
START GROUP
LOAD c:/siliconlabs/simplicitystudio/v5/developer/toolchains/gnu_arm/10.2_2020q4/bin/../lib/gcc/arm-none-eabi/10.2.1/thumb/v8-m.main+fp/hard\libgcc.a
LOAD c:/siliconlabs/simplicitystudio/v5/developer/toolchains/gnu_arm/10.2_2020q4/bin/../lib/gcc/arm-none-eabi/10.2.1/../../../../arm-none-eabi/lib/thumb/v8-m.main+fp/hard\libc_nano.a
END GROUP
LOAD c:/siliconlabs/simplicitystudio/v5/developer/toolchains/gnu_arm/10.2_2020q4/bin/../lib/gcc/arm-none-eabi/10.2.1/thumb/v8-m.main+fp/hard/crtend.o
LOAD c:/siliconlabs/simplicitystudio/v5/developer/toolchains/gnu_arm/10.2_2020q4/bin/../lib/gcc/arm-none-eabi/10.2.1/thumb/v8-m.main+fp/hard/crtn.o

.text           0x00000000     0x4734
                0x00000000                linker_vectors_begin = .
 *(.vectors)
 .vectors       0x00000000      0x140 ./gecko_sdk_4.0.1/platform/Device/SiliconLabs/BGM22/Source/GCC/startup_bgm22.o
                0x00000000                __Vectors
                0x00000140                linker_vectors_end = .
                0x00000140                __Vectors_End = .
                0x00000140                __Vectors_Size = (__Vectors_End - __Vectors)
                0x00000140                linker_code_begin = .
 *(.text*)
 .text          0x00000140       0x40 c:/siliconlabs/simplicitystudio/v5/developer/toolchains/gnu_arm/10.2_2020q4/bin/../lib/gcc/arm-none-eabi/10.2.1/thumb/v8-m.main+fp/hard/crtbegin.o
 .text          0x00000180       0x7c c:/siliconlabs/simplicitystudio/v5/developer/toolchains/gnu_arm/10.2_2020q4/bin/../lib/gcc/arm-none-eabi/10.2.1/../../../../arm-none-eabi/lib/thumb/v8-m.main+fp/hard/crt0.o
                0x00000180                _stack_init
                0x00000188                _start
                0x00000188                _mainCRTStartup
 .text.app_init
                0x000001fc        0x2 ./app.o
                0x000001fc                app_init
 .text.app_process_action
                0x000001fe        0x2 ./app.o
                0x000001fe                app_process_action
 .text.BH1750_I2C_Init
                0x00000200       0x30 ./bh1750_driver.o
                0x00000200                BH1750_I2C_Init
 .text.BH1750_Set_Power_On
                0x00000230       0x2c ./bh1750_driver.o
                0x00000230                BH1750_Set_Power_On
 .text.BH1750_Set_Mode
                0x0000025c       0x30 ./bh1750_driver.o
                0x0000025c                BH1750_Set_Mode
 .text.BH1750_I2C_Transfer_Return
                0x0000028c       0x94 ./bh1750_driver.o
                0x0000028c                BH1750_I2C_Transfer_Return
 .text.startup.main
                0x00000320       0x70 ./main.o
                0x00000320                main
 .text.sl_board_default_init
                0x00000390        0x2 ./autogen/sl_board_default_init.o
                0x00000390                sl_board_default_init
 .text.sl_device_init_clocks
                0x00000392       0x46 ./autogen/sl_device_init_clocks.o
                0x00000392                sl_device_init_clocks
 .text.sl_platform_init
                0x000003d8       0x60 ./autogen/sl_event_handler.o
                0x000003d8                sl_platform_init
 .text.sl_driver_init
                0x00000438        0x2 ./autogen/sl_event_handler.o
                0x00000438                sl_driver_init
 .text.sl_service_init
                0x0000043a       0x12 ./autogen/sl_event_handler.o
                0x0000043a                sl_service_init
 .text.sl_stack_init
                0x0000044c        0x2 ./autogen/sl_event_handler.o
                0x0000044c                sl_stack_init
 .text.sl_internal_app_init
                0x0000044e        0x4 ./autogen/sl_event_handler.o
                0x0000044e                sl_internal_app_init
 *fill*         0x00000452        0x2 
 .text.sl_iostream_usart_init_vcom
                0x00000454       0x64 ./autogen/sl_iostream_init_usart_instances.o
                0x00000454                sl_iostream_usart_init_vcom
 .text.sl_iostream_usart_init_instances
                0x000004b8        0x4 ./autogen/sl_iostream_init_usart_instances.o
                0x000004b8                sl_iostream_usart_init_instances
 .text.USART1_RX_IRQHandler
                0x000004bc        0xc ./autogen/sl_iostream_init_usart_instances.o
                0x000004bc                USART1_RX_IRQHandler
 .text.USART1_TX_IRQHandler
                0x000004c8        0x4 ./autogen/sl_iostream_init_usart_instances.o
                0x000004c8                USART1_TX_IRQHandler
 .text._app_log_check_level
                0x000004cc       0x40 ./gecko_sdk_4.0.1/app/common/util/app_log/app_log.o
                0x000004cc                _app_log_check_level
 .text._app_log_time
                0x0000050c        0x2 ./gecko_sdk_4.0.1/app/common/util/app_log/app_log.o
                0x0000050c                _app_log_time
 .text._app_log_counter
                0x0000050e        0x2 ./gecko_sdk_4.0.1/app/common/util/app_log/app_log.o
                0x0000050e                _app_log_counter
 .text.app_log_init
                0x00000510       0x38 ./gecko_sdk_4.0.1/app/common/util/app_log/app_log.o
                0x00000510                app_log_init
 .text.sl_board_configure_vcom
                0x00000548        0x4 ./gecko_sdk_4.0.1/hardware/board/src/sl_board_control_gpio.o
                0x00000548                sl_board_configure_vcom
 .text.sl_board_init
                0x0000054c       0x12 ./gecko_sdk_4.0.1/hardware/board/src/sl_board_init.o
                0x0000054c                sl_board_init
 .text.sl_board_preinit
                0x0000055e        0x8 ./gecko_sdk_4.0.1/hardware/board/src/sl_board_init.o
                0x0000055e                sl_board_preinit
 .text.Default_Handler
                0x00000566        0x2 ./gecko_sdk_4.0.1/platform/Device/SiliconLabs/BGM22/Source/GCC/startup_bgm22.o
                0x00000566                ULFRCO_IRQHandler
                0x00000566                SW2_IRQHandler
                0x00000566                TIMER2_IRQHandler
                0x00000566                DebugMon_Handler
                0x00000566                PKE_IRQHandler
                0x00000566                USART0_TX_IRQHandler
                0x00000566                PRORTC_IRQHandler
                0x00000566                IADC_IRQHandler
                0x00000566                I2C0_IRQHandler
                0x00000566                LFXO_IRQHandler
                0x00000566                CRYPTOACC_IRQHandler
                0x00000566                HardFault_Handler
                0x00000566                SMU_SECURE_IRQHandler
                0x00000566                SysTick_Handler
                0x00000566                EMUEFP_IRQHandler
                0x00000566                PendSV_Handler
                0x00000566                NMI_Handler
                0x00000566                SYNTH_IRQHandler
                0x00000566                HFXO0_IRQHandler
                0x00000566                I2C1_IRQHandler
                0x00000566                PDM_IRQHandler
                0x00000566                WDOG0_IRQHandler
                0x00000566                TIMER3_IRQHandler
                0x00000566                SYSCFG_IRQHandler
                0x00000566                EMUSE_IRQHandler
                0x00000566                EMUDG_IRQHandler
                0x00000566                SMU_PRIVILEGED_IRQHandler
                0x00000566                MSC_IRQHandler
                0x00000566                DPLL0_IRQHandler
                0x00000566                UsageFault_Handler
                0x00000566                M33CTI1_IRQHandler
                0x00000566                TIMER4_IRQHandler
                0x00000566                GPIO_EVEN_IRQHandler
                0x00000566                LDMA_IRQHandler
                0x00000566                SW0_IRQHandler
                0x00000566                TIMER0_IRQHandler
                0x00000566                LETIMER0_IRQHandler
                0x00000566                TIMER1_IRQHandler
                0x00000566                HFRCO0_IRQHandler
                0x00000566                RFSENSE_IRQHandler
                0x00000566                BUFC_IRQHandler
                0x00000566                DCDC_IRQHandler
                0x00000566                MODEM_IRQHandler
                0x00000566                Default_Handler
                0x00000566                RAC_SEQ_IRQHandler
                0x00000566                FRC_PRI_IRQHandler
                0x00000566                EMU_IRQHandler
                0x00000566                SW3_IRQHandler
                0x00000566                KERNEL0_IRQHandler
                0x00000566                FRC_IRQHandler
                0x00000566                KERNEL1_IRQHandler
                0x00000566                AGC_IRQHandler
                0x00000566                sl_app_properties
                0x00000566                BURTC_IRQHandler
                0x00000566                LFRCO_IRQHandler
                0x00000566                USART0_RX_IRQHandler
                0x00000566                MemManage_Handler
                0x00000566                RDMAILBOX_IRQHandler
                0x00000566                SVC_Handler
                0x00000566                RTCC_IRQHandler
                0x00000566                SW1_IRQHandler
                0x00000566                CMU_IRQHandler
                0x00000566                RAC_RSM_IRQHandler
                0x00000566                EUART0_TX_IRQHandler
                0x00000566                EUART0_RX_IRQHandler
                0x00000566                GPIO_ODD_IRQHandler
                0x00000566                AES_IRQHandler
                0x00000566                M33CTI0_IRQHandler
                0x00000566                ICACHE0_IRQHandler
                0x00000566                SMU_NS_PRIVILEGED_IRQHandler
                0x00000566                PROTIMER_IRQHandler
                0x00000566                BusFault_Handler
                0x00000566                TRNG_IRQHandler
 .text.Reset_Handler
                0x00000568       0x2c ./gecko_sdk_4.0.1/platform/Device/SiliconLabs/BGM22/Source/GCC/startup_bgm22.o
                0x00000568                Reset_Handler
 .text.SystemInit
                0x00000594       0x1c ./gecko_sdk_4.0.1/platform/Device/SiliconLabs/BGM22/Source/system_bgm22.o
                0x00000594                SystemInit
 .text.SystemHFRCODPLLClockGet
                0x000005b0        0xc ./gecko_sdk_4.0.1/platform/Device/SiliconLabs/BGM22/Source/system_bgm22.o
                0x000005b0                SystemHFRCODPLLClockGet
 .text.SystemSYSCLKGet
                0x000005bc       0x34 ./gecko_sdk_4.0.1/platform/Device/SiliconLabs/BGM22/Source/system_bgm22.o
                0x000005bc                SystemSYSCLKGet
 .text.SystemHCLKGet
                0x000005f0       0x24 ./gecko_sdk_4.0.1/platform/Device/SiliconLabs/BGM22/Source/system_bgm22.o
                0x000005f0                SystemHCLKGet
 .text.SystemMaxCoreClockGet
                0x00000614        0x8 ./gecko_sdk_4.0.1/platform/Device/SiliconLabs/BGM22/Source/system_bgm22.o
                0x00000614                SystemMaxCoreClockGet
 .text.SystemHFXOClockGet
                0x0000061c        0xc ./gecko_sdk_4.0.1/platform/Device/SiliconLabs/BGM22/Source/system_bgm22.o
                0x0000061c                SystemHFXOClockGet
 .text.SystemHFXOClockSet
                0x00000628       0x20 ./gecko_sdk_4.0.1/platform/Device/SiliconLabs/BGM22/Source/system_bgm22.o
                0x00000628                SystemHFXOClockSet
 .text.SystemCLKIN0Get
                0x00000648        0x4 ./gecko_sdk_4.0.1/platform/Device/SiliconLabs/BGM22/Source/system_bgm22.o
                0x00000648                SystemCLKIN0Get
 .text.SystemFSRCOClockGet
                0x0000064c        0x8 ./gecko_sdk_4.0.1/platform/Device/SiliconLabs/BGM22/Source/system_bgm22.o
                0x0000064c                SystemFSRCOClockGet
 .text.SystemLFRCOClockGet
                0x00000654        0x6 ./gecko_sdk_4.0.1/platform/Device/SiliconLabs/BGM22/Source/system_bgm22.o
                0x00000654                SystemLFRCOClockGet
 .text.SystemULFRCOClockGet
                0x0000065a        0x6 ./gecko_sdk_4.0.1/platform/Device/SiliconLabs/BGM22/Source/system_bgm22.o
                0x0000065a                SystemULFRCOClockGet
 .text.SystemLFXOClockGet
                0x00000660        0xc ./gecko_sdk_4.0.1/platform/Device/SiliconLabs/BGM22/Source/system_bgm22.o
                0x00000660                SystemLFXOClockGet
 .text._sbrk    0x0000066c       0x20 ./gecko_sdk_4.0.1/platform/common/toolchain/src/sl_memory.o
                0x0000066c                _sbrk
 .text.I2CSPM_Init
                0x0000068c      0x180 ./gecko_sdk_4.0.1/platform/driver/i2cspm/src/sl_i2cspm.o
                0x0000068c                I2CSPM_Init
 .text.I2CSPM_Transfer
                0x0000080c       0x16 ./gecko_sdk_4.0.1/platform/driver/i2cspm/src/sl_i2cspm.o
                0x0000080c                I2CSPM_Transfer
 .text.assertEFM
                0x00000822        0x2 ./gecko_sdk_4.0.1/platform/emlib/src/em_assert.o
                0x00000822                assertEFM
 .text.EMU_VScaleGet
                0x00000824       0x16 ./gecko_sdk_4.0.1/platform/emlib/src/em_cmu.o
 *fill*         0x0000083a        0x2 
 .text.em01GrpaClkGet
                0x0000083c       0x54 ./gecko_sdk_4.0.1/platform/emlib/src/em_cmu.o
 .text.iadcClkGet
                0x00000890       0x54 ./gecko_sdk_4.0.1/platform/emlib/src/em_cmu.o
 .text.em01GrpbClkGet
                0x000008e4       0x70 ./gecko_sdk_4.0.1/platform/emlib/src/em_cmu.o
 .text.em23GrpaClkGet
                0x00000954       0x54 ./gecko_sdk_4.0.1/platform/emlib/src/em_cmu.o
 .text.wdog0ClkGet
                0x000009a8       0x60 ./gecko_sdk_4.0.1/platform/emlib/src/em_cmu.o
 .text.rtccClkGet
                0x00000a08       0x54 ./gecko_sdk_4.0.1/platform/emlib/src/em_cmu.o
 .text.em4GrpaClkGet
                0x00000a5c       0x54 ./gecko_sdk_4.0.1/platform/emlib/src/em_cmu.o
 .text.euart0ClkGet
                0x00000ab0       0x48 ./gecko_sdk_4.0.1/platform/emlib/src/em_cmu.o
 .text.CMU_ClockDivGet
                0x00000af8       0x84 ./gecko_sdk_4.0.1/platform/emlib/src/em_cmu.o
                0x00000af8                CMU_ClockDivGet
 .text.flashWaitStateControl
                0x00000b7c       0x50 ./gecko_sdk_4.0.1/platform/emlib/src/em_cmu.o
 .text.waitStateMax
                0x00000bcc       0x10 ./gecko_sdk_4.0.1/platform/emlib/src/em_cmu.o
 .text.CMU_ClockEnable
                0x00000bdc       0x54 ./gecko_sdk_4.0.1/platform/emlib/src/em_cmu.o
                0x00000bdc                CMU_ClockEnable
 .text.CMU_ClockFreqGet
                0x00000c30      0x198 ./gecko_sdk_4.0.1/platform/emlib/src/em_cmu.o
                0x00000c30                CMU_ClockFreqGet
 .text.rhclkPrescOptimize
                0x00000dc8       0x20 ./gecko_sdk_4.0.1/platform/emlib/src/em_cmu.o
 .text.CMU_ClockSelectGet
                0x00000de8      0x188 ./gecko_sdk_4.0.1/platform/emlib/src/em_cmu.o
                0x00000de8                CMU_ClockSelectGet
 .text.CMU_HFXOInit
                0x00000f70      0x1d8 ./gecko_sdk_4.0.1/platform/emlib/src/em_cmu.o
                0x00000f70                CMU_HFXOInit
 .text.CMU_HFXOCTuneDeltaGet
                0x00001148        0xc ./gecko_sdk_4.0.1/platform/emlib/src/em_cmu.o
                0x00001148                CMU_HFXOCTuneDeltaGet
 .text.CMU_LFXOInit
                0x00001154       0xc4 ./gecko_sdk_4.0.1/platform/emlib/src/em_cmu.o
                0x00001154                CMU_LFXOInit
 .text.CMU_LFXOPrecisionSet
                0x00001218        0xc ./gecko_sdk_4.0.1/platform/emlib/src/em_cmu.o
                0x00001218                CMU_LFXOPrecisionSet
 .text.CMU_UpdateWaitStates
                0x00001224        0xc ./gecko_sdk_4.0.1/platform/emlib/src/em_cmu.o
                0x00001224                CMU_UpdateWaitStates
 .text.CMU_ClockDivSet
                0x00001230      0x104 ./gecko_sdk_4.0.1/platform/emlib/src/em_cmu.o
                0x00001230                CMU_ClockDivSet
 .text.pclkDivMax
                0x00001334        0xa ./gecko_sdk_4.0.1/platform/emlib/src/em_cmu.o
 *fill*         0x0000133e        0x2 
 .text.pclkDivOptimize
                0x00001340       0x24 ./gecko_sdk_4.0.1/platform/emlib/src/em_cmu.o
 .text.CMU_ClockSelectSet
                0x00001364      0x3c4 ./gecko_sdk_4.0.1/platform/emlib/src/em_cmu.o
                0x00001364                CMU_ClockSelectSet
 .text.CORE_EnterCritical
                0x00001728        0x8 ./gecko_sdk_4.0.1/platform/emlib/src/em_core.o
                0x00001728                CORE_EnterCritical
 .text.CORE_ExitCritical
                0x00001730        0x6 ./gecko_sdk_4.0.1/platform/emlib/src/em_core.o
                0x00001730                CORE_ExitCritical
 .text.CORE_EnterAtomic
                0x00001736        0xc ./gecko_sdk_4.0.1/platform/emlib/src/em_core.o
                0x00001736                CORE_EnterAtomic
 .text.CORE_ExitAtomic
                0x00001742        0x6 ./gecko_sdk_4.0.1/platform/emlib/src/em_core.o
                0x00001742                CORE_ExitAtomic
 .text.EMU_EM4Init
                0x00001748       0x12 ./gecko_sdk_4.0.1/platform/emlib/src/em_emu.o
                0x00001748                EMU_EM4Init
 .text.EMU_EFPEM01VScale
                0x0000175a        0x2 ./gecko_sdk_4.0.1/platform/emlib/src/em_emu.o
                0x0000175a                EMU_EFPEM01VScale
 .text.EMU_VScaleEM01
                0x0000175c       0xb0 ./gecko_sdk_4.0.1/platform/emlib/src/em_emu.o
                0x0000175c                EMU_VScaleEM01
 .text.EMU_VScaleEM01ByClock
                0x0000180c       0x30 ./gecko_sdk_4.0.1/platform/emlib/src/em_emu.o
                0x0000180c                EMU_VScaleEM01ByClock
 .text.EMU_DCDCModeSet
                0x0000183c       0x74 ./gecko_sdk_4.0.1/platform/emlib/src/em_emu.o
                0x0000183c                EMU_DCDCModeSet
 .text.EMU_DCDCInit
                0x000018b0       0x74 ./gecko_sdk_4.0.1/platform/emlib/src/em_emu.o
                0x000018b0                EMU_DCDCInit
 .text.GPIO_PinOutSet
                0x00001924       0x54 ./gecko_sdk_4.0.1/platform/emlib/src/em_gpio.o
 .text.GPIO_PinOutClear
                0x00001978       0x54 ./gecko_sdk_4.0.1/platform/emlib/src/em_gpio.o
 .text.BUS_RegMaskedWrite
                0x000019cc       0x22 ./gecko_sdk_4.0.1/platform/emlib/src/em_gpio.o
 *fill*         0x000019ee        0x2 
 .text.GPIO_PinModeSet
                0x000019f0       0xa0 ./gecko_sdk_4.0.1/platform/emlib/src/em_gpio.o
                0x000019f0                GPIO_PinModeSet
 .text.I2C_BusFreqSet
                0x00001a90       0xe8 ./gecko_sdk_4.0.1/platform/emlib/src/em_i2c.o
                0x00001a90                I2C_BusFreqSet
 .text.I2C_Enable
                0x00001b78       0x3c ./gecko_sdk_4.0.1/platform/emlib/src/em_i2c.o
                0x00001b78                I2C_Enable
 .text.I2C_Init
                0x00001bb4       0x68 ./gecko_sdk_4.0.1/platform/emlib/src/em_i2c.o
                0x00001bb4                I2C_Init
 .text.I2C_Transfer
                0x00001c1c      0x244 ./gecko_sdk_4.0.1/platform/emlib/src/em_i2c.o
                0x00001c1c                I2C_Transfer
 .text.I2C_TransferInit
                0x00001e60       0xbc ./gecko_sdk_4.0.1/platform/emlib/src/em_i2c.o
                0x00001e60                I2C_TransferInit
 .text.USART_BaudrateAsyncSet
                0x00001f1c       0xe0 ./gecko_sdk_4.0.1/platform/emlib/src/em_usart.o
                0x00001f1c                USART_BaudrateAsyncSet
 .text.USART_Enable
                0x00001ffc       0x44 ./gecko_sdk_4.0.1/platform/emlib/src/em_usart.o
                0x00001ffc                USART_Enable
 .text.USART_Reset
                0x00002040       0x78 ./gecko_sdk_4.0.1/platform/emlib/src/em_usart.o
                0x00002040                USART_Reset
 .text.USART_InitAsync
                0x000020b8      0x124 ./gecko_sdk_4.0.1/platform/emlib/src/em_usart.o
                0x000020b8                USART_InitAsync
 .text.USART_Rx
                0x000021dc        0xc ./gecko_sdk_4.0.1/platform/emlib/src/em_usart.o
                0x000021dc                USART_Rx
 .text.USART_Tx
                0x000021e8        0xa ./gecko_sdk_4.0.1/platform/emlib/src/em_usart.o
                0x000021e8                USART_Tx
 *fill*         0x000021f2        0x2 
 .text.sl_device_init_dcdc
                0x000021f4       0x20 ./gecko_sdk_4.0.1/platform/service/device_init/src/sl_device_init_dcdc_s2.o
                0x000021f4                sl_device_init_dcdc
 .text.sl_device_init_emu
                0x00002214       0x22 ./gecko_sdk_4.0.1/platform/service/device_init/src/sl_device_init_emu_s2.o
                0x00002214                sl_device_init_emu
 *fill*         0x00002236        0x2 
 .text.sl_device_init_hfxo
                0x00002238       0x7c ./gecko_sdk_4.0.1/platform/service/device_init/src/sl_device_init_hfxo_s2.o
                0x00002238                sl_device_init_hfxo
 .text.sl_device_init_lfxo
                0x000022b4       0x34 ./gecko_sdk_4.0.1/platform/service/device_init/src/sl_device_init_lfxo_s2.o
                0x000022b4                sl_device_init_lfxo
 .text.sl_device_init_nvic
                0x000022e8       0x3c ./gecko_sdk_4.0.1/platform/service/device_init/src/sl_device_init_nvic.o
                0x000022e8                sl_device_init_nvic
 .text.sl_iostream_set_default
                0x00002324       0x18 ./gecko_sdk_4.0.1/platform/service/iostream/src/sl_iostream.o
                0x00002324                sl_iostream_set_default
 .text.sl_iostream_get_default
                0x0000233c       0x18 ./gecko_sdk_4.0.1/platform/service/iostream/src/sl_iostream.o
                0x0000233c                sl_iostream_get_default
 .text.sl_iostream_write
                0x00002354       0x28 ./gecko_sdk_4.0.1/platform/service/iostream/src/sl_iostream.o
                0x00002354                sl_iostream_write
 .text.sl_iostream_read
                0x0000237c       0x32 ./gecko_sdk_4.0.1/platform/service/iostream/src/sl_iostream.o
                0x0000237c                sl_iostream_read
 .text.sl_iostream_printf
                0x000023ae       0x50 ./gecko_sdk_4.0.1/platform/service/iostream/src/sl_iostream.o
                0x000023ae                sl_iostream_printf
 .text._close   0x000023fe        0x4 ./gecko_sdk_4.0.1/platform/service/iostream/src/sl_iostream_retarget_stdio.o
                0x000023fe                _close
 .text._exit    0x00002402        0x2 ./gecko_sdk_4.0.1/platform/service/iostream/src/sl_iostream_retarget_stdio.o
                0x00002402                _exit
 .text._fstat   0x00002404        0xa ./gecko_sdk_4.0.1/platform/service/iostream/src/sl_iostream_retarget_stdio.o
                0x00002404                _fstat
 .text._isatty  0x0000240e        0x4 ./gecko_sdk_4.0.1/platform/service/iostream/src/sl_iostream_retarget_stdio.o
                0x0000240e                _isatty
 .text._lseek   0x00002412        0x4 ./gecko_sdk_4.0.1/platform/service/iostream/src/sl_iostream_retarget_stdio.o
                0x00002412                _lseek
 .text._read    0x00002416       0x1c ./gecko_sdk_4.0.1/platform/service/iostream/src/sl_iostream_retarget_stdio.o
                0x00002416                _read
 *fill*         0x00002432        0x2 
 .text._write   0x00002434       0x1c ./gecko_sdk_4.0.1/platform/service/iostream/src/sl_iostream_retarget_stdio.o
                0x00002434                _write
 .text.sl_iostream_stdlib_disable_buffering
                0x00002450       0x14 ./gecko_sdk_4.0.1/platform/service/iostream/src/sl_iostream_stdlib_config.o
                0x00002450                sl_iostream_stdlib_disable_buffering
 .text.set_auto_cr_lf
                0x00002464        0x6 ./gecko_sdk_4.0.1/platform/service/iostream/src/sl_iostream_uart.o
 .text.get_auto_cr_lf
                0x0000246a        0x6 ./gecko_sdk_4.0.1/platform/service/iostream/src/sl_iostream_uart.o
 .text.uart_deinit
                0x00002470       0x56 ./gecko_sdk_4.0.1/platform/service/iostream/src/sl_iostream_uart.o
 .text.nolock_uart_write.isra.0
                0x000024c6       0x4e ./gecko_sdk_4.0.1/platform/service/iostream/src/sl_iostream_uart.o
 .text.uart_read
                0x00002514       0x84 ./gecko_sdk_4.0.1/platform/service/iostream/src/sl_iostream_uart.o
 .text.uart_write
                0x00002598        0xa ./gecko_sdk_4.0.1/platform/service/iostream/src/sl_iostream_uart.o
 *fill*         0x000025a2        0x2 
 .text.sli_iostream_uart_context_init
                0x000025a4       0xac ./gecko_sdk_4.0.1/platform/service/iostream/src/sl_iostream_uart.o
                0x000025a4                sli_iostream_uart_context_init
 .text.sli_uart_is_rx_space_avail
                0x00002650       0x20 ./gecko_sdk_4.0.1/platform/service/iostream/src/sl_iostream_uart.o
                0x00002650                sli_uart_is_rx_space_avail
 .text.sli_uart_push_rxd_data
                0x00002670       0x8c ./gecko_sdk_4.0.1/platform/service/iostream/src/sl_iostream_uart.o
                0x00002670                sli_uart_push_rxd_data
 .text.usart_enable_rx
                0x000026fc        0xc ./gecko_sdk_4.0.1/platform/service/iostream/src/sl_iostream_usart.o
 .text.usart_deinit
                0x00002708       0x70 ./gecko_sdk_4.0.1/platform/service/iostream/src/sl_iostream_usart.o
 .text.usart_tx
                0x00002778        0xc ./gecko_sdk_4.0.1/platform/service/iostream/src/sl_iostream_usart.o
 .text.sl_iostream_usart_init
                0x00002784      0x178 ./gecko_sdk_4.0.1/platform/service/iostream/src/sl_iostream_usart.o
                0x00002784                sl_iostream_usart_init
 .text.sl_iostream_usart_irq_handler
                0x000028fc       0x30 ./gecko_sdk_4.0.1/platform/service/iostream/src/sl_iostream_usart.o
                0x000028fc                sl_iostream_usart_irq_handler
 .text.sl_system_init
                0x0000292c       0x1a ./gecko_sdk_4.0.1/platform/service/system/src/sl_system_init.o
                0x0000292c                sl_system_init
 *fill*         0x00002946        0x2 
 .text.sl_udelay_wait
                0x00002948       0x58 ./gecko_sdk_4.0.1/platform/service/udelay/src/sl_udelay.o
                0x00002948                sl_udelay_wait
 .text          0x000029a0        0x8 ./gecko_sdk_4.0.1/platform/service/udelay/src/sl_udelay_armv6m_gcc.o
                0x000029a0                sli_delay_loop
 .text          0x000029a8      0x378 c:/siliconlabs/simplicitystudio/v5/developer/toolchains/gnu_arm/10.2_2020q4/bin/../lib/gcc/arm-none-eabi/10.2.1/thumb/v8-m.main+fp/hard\libgcc.a(_arm_addsubdf3.o)
                0x000029a8                __aeabi_drsub
                0x000029b0                __aeabi_dsub
                0x000029b0                __subdf3
                0x000029b4                __aeabi_dadd
                0x000029b4                __adddf3
                0x00002c2c                __floatunsidf
                0x00002c2c                __aeabi_ui2d
                0x00002c4c                __floatsidf
                0x00002c4c                __aeabi_i2d
                0x00002c70                __aeabi_f2d
                0x00002c70                __extendsfdf2
                0x00002cb4                __floatundidf
                0x00002cb4                __aeabi_ul2d
                0x00002cc4                __floatdidf
                0x00002cc4                __aeabi_l2d
 .text          0x00002d20      0x424 c:/siliconlabs/simplicitystudio/v5/developer/toolchains/gnu_arm/10.2_2020q4/bin/../lib/gcc/arm-none-eabi/10.2.1/thumb/v8-m.main+fp/hard\libgcc.a(_arm_muldivdf3.o)
                0x00002d20                __aeabi_dmul
                0x00002d20                __muldf3
                0x00002f74                __divdf3
                0x00002f74                __aeabi_ddiv
 .text          0x00003144       0x40 c:/siliconlabs/simplicitystudio/v5/developer/toolchains/gnu_arm/10.2_2020q4/bin/../lib/gcc/arm-none-eabi/10.2.1/thumb/v8-m.main+fp/hard\libgcc.a(_arm_fixunsdfsi.o)
                0x00003144                __aeabi_d2uiz
                0x00003144                __fixunsdfsi
 .text.exit     0x00003184       0x28 c:/siliconlabs/simplicitystudio/v5/developer/toolchains/gnu_arm/10.2_2020q4/bin/../lib/gcc/arm-none-eabi/10.2.1/../../../../arm-none-eabi/lib/thumb/v8-m.main+fp/hard\libc_nano.a(lib_a-exit.o)
                0x00003184                exit
 .text.__libc_init_array
                0x000031ac       0x48 c:/siliconlabs/simplicitystudio/v5/developer/toolchains/gnu_arm/10.2_2020q4/bin/../lib/gcc/arm-none-eabi/10.2.1/../../../../arm-none-eabi/lib/thumb/v8-m.main+fp/hard\libc_nano.a(lib_a-init.o)
                0x000031ac                __libc_init_array
 .text.memset   0x000031f4       0x10 c:/siliconlabs/simplicitystudio/v5/developer/toolchains/gnu_arm/10.2_2020q4/bin/../lib/gcc/arm-none-eabi/10.2.1/../../../../arm-none-eabi/lib/thumb/v8-m.main+fp/hard\libc_nano.a(lib_a-memset.o)
                0x000031f4                memset
 .text.setvbuf  0x00003204      0x188 c:/siliconlabs/simplicitystudio/v5/developer/toolchains/gnu_arm/10.2_2020q4/bin/../lib/gcc/arm-none-eabi/10.2.1/../../../../arm-none-eabi/lib/thumb/v8-m.main+fp/hard\libc_nano.a(lib_a-setvbuf.o)
                0x00003204                setvbuf
 .text.vprintf  0x0000338c       0x30 c:/siliconlabs/simplicitystudio/v5/developer/toolchains/gnu_arm/10.2_2020q4/bin/../lib/gcc/arm-none-eabi/10.2.1/../../../../arm-none-eabi/lib/thumb/v8-m.main+fp/hard\libc_nano.a(lib_a-vprintf.o)
                0x0000338c                viprintf
                0x0000338c                vprintf
 .text.__sflush_r
                0x000033bc      0x108 c:/siliconlabs/simplicitystudio/v5/developer/toolchains/gnu_arm/10.2_2020q4/bin/../lib/gcc/arm-none-eabi/10.2.1/../../../../arm-none-eabi/lib/thumb/v8-m.main+fp/hard\libc_nano.a(lib_a-fflush.o)
                0x000033bc                __sflush_r
 .text._fflush_r
                0x000034c4       0x78 c:/siliconlabs/simplicitystudio/v5/developer/toolchains/gnu_arm/10.2_2020q4/bin/../lib/gcc/arm-none-eabi/10.2.1/../../../../arm-none-eabi/lib/thumb/v8-m.main+fp/hard\libc_nano.a(lib_a-fflush.o)
                0x000034c4                _fflush_r
 .text.std      0x0000353c       0x48 c:/siliconlabs/simplicitystudio/v5/developer/toolchains/gnu_arm/10.2_2020q4/bin/../lib/gcc/arm-none-eabi/10.2.1/../../../../arm-none-eabi/lib/thumb/v8-m.main+fp/hard\libc_nano.a(lib_a-findfp.o)
 .text._cleanup_r
                0x00003584        0xc c:/siliconlabs/simplicitystudio/v5/developer/toolchains/gnu_arm/10.2_2020q4/bin/../lib/gcc/arm-none-eabi/10.2.1/../../../../arm-none-eabi/lib/thumb/v8-m.main+fp/hard\libc_nano.a(lib_a-findfp.o)
                0x00003584                _cleanup_r
 .text.__sfmoreglue
                0x00003590       0x2c c:/siliconlabs/simplicitystudio/v5/developer/toolchains/gnu_arm/10.2_2020q4/bin/../lib/gcc/arm-none-eabi/10.2.1/../../../../arm-none-eabi/lib/thumb/v8-m.main+fp/hard\libc_nano.a(lib_a-findfp.o)
                0x00003590                __sfmoreglue
 .text.__sfp_lock_acquire
                0x000035bc        0xc c:/siliconlabs/simplicitystudio/v5/developer/toolchains/gnu_arm/10.2_2020q4/bin/../lib/gcc/arm-none-eabi/10.2.1/../../../../arm-none-eabi/lib/thumb/v8-m.main+fp/hard\libc_nano.a(lib_a-findfp.o)
                0x000035bc                __sfp_lock_acquire
 .text.__sfp_lock_release
                0x000035c8        0xc c:/siliconlabs/simplicitystudio/v5/developer/toolchains/gnu_arm/10.2_2020q4/bin/../lib/gcc/arm-none-eabi/10.2.1/../../../../arm-none-eabi/lib/thumb/v8-m.main+fp/hard\libc_nano.a(lib_a-findfp.o)
                0x000035c8                __sfp_lock_release
 .text.__sinit_lock_acquire
                0x000035d4        0xc c:/siliconlabs/simplicitystudio/v5/developer/toolchains/gnu_arm/10.2_2020q4/bin/../lib/gcc/arm-none-eabi/10.2.1/../../../../arm-none-eabi/lib/thumb/v8-m.main+fp/hard\libc_nano.a(lib_a-findfp.o)
                0x000035d4                __sinit_lock_acquire
 .text.__sinit_lock_release
                0x000035e0        0xc c:/siliconlabs/simplicitystudio/v5/developer/toolchains/gnu_arm/10.2_2020q4/bin/../lib/gcc/arm-none-eabi/10.2.1/../../../../arm-none-eabi/lib/thumb/v8-m.main+fp/hard\libc_nano.a(lib_a-findfp.o)
                0x000035e0                __sinit_lock_release
 .text.__sinit  0x000035ec       0x70 c:/siliconlabs/simplicitystudio/v5/developer/toolchains/gnu_arm/10.2_2020q4/bin/../lib/gcc/arm-none-eabi/10.2.1/../../../../arm-none-eabi/lib/thumb/v8-m.main+fp/hard\libc_nano.a(lib_a-findfp.o)
                0x000035ec                __sinit
 .text.__sfp    0x0000365c       0x8c c:/siliconlabs/simplicitystudio/v5/developer/toolchains/gnu_arm/10.2_2020q4/bin/../lib/gcc/arm-none-eabi/10.2.1/../../../../arm-none-eabi/lib/thumb/v8-m.main+fp/hard\libc_nano.a(lib_a-findfp.o)
                0x0000365c                __sfp
 .text._fwalk_reent
                0x000036e8       0x3e c:/siliconlabs/simplicitystudio/v5/developer/toolchains/gnu_arm/10.2_2020q4/bin/../lib/gcc/arm-none-eabi/10.2.1/../../../../arm-none-eabi/lib/thumb/v8-m.main+fp/hard\libc_nano.a(lib_a-fwalk.o)
                0x000036e8                _fwalk_reent
 .text.__retarget_lock_init_recursive
                0x00003726        0x2 c:/siliconlabs/simplicitystudio/v5/developer/toolchains/gnu_arm/10.2_2020q4/bin/../lib/gcc/arm-none-eabi/10.2.1/../../../../arm-none-eabi/lib/thumb/v8-m.main+fp/hard\libc_nano.a(lib_a-lock.o)
                0x00003726                __retarget_lock_init_recursive
 .text.__retarget_lock_acquire_recursive
                0x00003728        0x2 c:/siliconlabs/simplicitystudio/v5/developer/toolchains/gnu_arm/10.2_2020q4/bin/../lib/gcc/arm-none-eabi/10.2.1/../../../../arm-none-eabi/lib/thumb/v8-m.main+fp/hard\libc_nano.a(lib_a-lock.o)
                0x00003728                __retarget_lock_acquire_recursive
 .text.__retarget_lock_release_recursive
                0x0000372a        0x2 c:/siliconlabs/simplicitystudio/v5/developer/toolchains/gnu_arm/10.2_2020q4/bin/../lib/gcc/arm-none-eabi/10.2.1/../../../../arm-none-eabi/lib/thumb/v8-m.main+fp/hard\libc_nano.a(lib_a-lock.o)
                0x0000372a                __retarget_lock_release_recursive
 .text.__swhatbuf_r
                0x0000372c       0x4a c:/siliconlabs/simplicitystudio/v5/developer/toolchains/gnu_arm/10.2_2020q4/bin/../lib/gcc/arm-none-eabi/10.2.1/../../../../arm-none-eabi/lib/thumb/v8-m.main+fp/hard\libc_nano.a(lib_a-makebuf.o)
                0x0000372c                __swhatbuf_r
 *fill*         0x00003776        0x2 
 .text.__smakebuf_r
                0x00003778       0x80 c:/siliconlabs/simplicitystudio/v5/developer/toolchains/gnu_arm/10.2_2020q4/bin/../lib/gcc/arm-none-eabi/10.2.1/../../../../arm-none-eabi/lib/thumb/v8-m.main+fp/hard\libc_nano.a(lib_a-makebuf.o)
                0x00003778                __smakebuf_r
 .text.malloc   0x000037f8       0x10 c:/siliconlabs/simplicitystudio/v5/developer/toolchains/gnu_arm/10.2_2020q4/bin/../lib/gcc/arm-none-eabi/10.2.1/../../../../arm-none-eabi/lib/thumb/v8-m.main+fp/hard\libc_nano.a(lib_a-malloc.o)
                0x000037f8                malloc
 .text._free_r  0x00003808       0x98 c:/siliconlabs/simplicitystudio/v5/developer/toolchains/gnu_arm/10.2_2020q4/bin/../lib/gcc/arm-none-eabi/10.2.1/../../../../arm-none-eabi/lib/thumb/v8-m.main+fp/hard\libc_nano.a(lib_a-nano-freer.o)
                0x00003808                _free_r
 .text._malloc_r
                0x000038a0       0xb4 c:/siliconlabs/simplicitystudio/v5/developer/toolchains/gnu_arm/10.2_2020q4/bin/../lib/gcc/arm-none-eabi/10.2.1/../../../../arm-none-eabi/lib/thumb/v8-m.main+fp/hard\libc_nano.a(lib_a-nano-mallocr.o)
                0x000038a0                _malloc_r
 .text.__sfputc_r
                0x00003954       0x2e c:/siliconlabs/simplicitystudio/v5/developer/toolchains/gnu_arm/10.2_2020q4/bin/../lib/gcc/arm-none-eabi/10.2.1/../../../../arm-none-eabi/lib/thumb/v8-m.main+fp/hard\libc_nano.a(lib_a-nano-vfprintf.o)
 .text.__sfputs_r
                0x00003982       0x24 c:/siliconlabs/simplicitystudio/v5/developer/toolchains/gnu_arm/10.2_2020q4/bin/../lib/gcc/arm-none-eabi/10.2.1/../../../../arm-none-eabi/lib/thumb/v8-m.main+fp/hard\libc_nano.a(lib_a-nano-vfprintf.o)
                0x00003982                __sfputs_r
 *fill*         0x000039a6        0x2 
 .text._vfprintf_r
                0x000039a8      0x260 c:/siliconlabs/simplicitystudio/v5/developer/toolchains/gnu_arm/10.2_2020q4/bin/../lib/gcc/arm-none-eabi/10.2.1/../../../../arm-none-eabi/lib/thumb/v8-m.main+fp/hard\libc_nano.a(lib_a-nano-vfprintf.o)
                0x000039a8                _vfprintf_r
                0x000039a8                _vfiprintf_r
 .text._printf_common
                0x00003c08       0xe0 c:/siliconlabs/simplicitystudio/v5/developer/toolchains/gnu_arm/10.2_2020q4/bin/../lib/gcc/arm-none-eabi/10.2.1/../../../../arm-none-eabi/lib/thumb/v8-m.main+fp/hard\libc_nano.a(lib_a-nano-vfprintf_i.o)
                0x00003c08                _printf_common
 .text._printf_i
                0x00003ce8      0x24c c:/siliconlabs/simplicitystudio/v5/developer/toolchains/gnu_arm/10.2_2020q4/bin/../lib/gcc/arm-none-eabi/10.2.1/../../../../arm-none-eabi/lib/thumb/v8-m.main+fp/hard\libc_nano.a(lib_a-nano-vfprintf_i.o)
                0x00003ce8                _printf_i
 .text._sbrk_r  0x00003f34       0x20 c:/siliconlabs/simplicitystudio/v5/developer/toolchains/gnu_arm/10.2_2020q4/bin/../lib/gcc/arm-none-eabi/10.2.1/../../../../arm-none-eabi/lib/thumb/v8-m.main+fp/hard\libc_nano.a(lib_a-sbrkr.o)
                0x00003f34                _sbrk_r
 .text.__sread  0x00003f54       0x22 c:/siliconlabs/simplicitystudio/v5/developer/toolchains/gnu_arm/10.2_2020q4/bin/../lib/gcc/arm-none-eabi/10.2.1/../../../../arm-none-eabi/lib/thumb/v8-m.main+fp/hard\libc_nano.a(lib_a-stdio.o)
                0x00003f54                __sread
 .text.__swrite
                0x00003f76       0x38 c:/siliconlabs/simplicitystudio/v5/developer/toolchains/gnu_arm/10.2_2020q4/bin/../lib/gcc/arm-none-eabi/10.2.1/../../../../arm-none-eabi/lib/thumb/v8-m.main+fp/hard\libc_nano.a(lib_a-stdio.o)
                0x00003f76                __swrite
 .text.__sseek  0x00003fae       0x24 c:/siliconlabs/simplicitystudio/v5/developer/toolchains/gnu_arm/10.2_2020q4/bin/../lib/gcc/arm-none-eabi/10.2.1/../../../../arm-none-eabi/lib/thumb/v8-m.main+fp/hard\libc_nano.a(lib_a-stdio.o)
                0x00003fae                __sseek
 .text.__sclose
                0x00003fd2        0x8 c:/siliconlabs/simplicitystudio/v5/developer/toolchains/gnu_arm/10.2_2020q4/bin/../lib/gcc/arm-none-eabi/10.2.1/../../../../arm-none-eabi/lib/thumb/v8-m.main+fp/hard\libc_nano.a(lib_a-stdio.o)
                0x00003fd2                __sclose
 *fill*         0x00003fda        0x2 
 .text.__swbuf_r
                0x00003fdc       0xa4 c:/siliconlabs/simplicitystudio/v5/developer/toolchains/gnu_arm/10.2_2020q4/bin/../lib/gcc/arm-none-eabi/10.2.1/../../../../arm-none-eabi/lib/thumb/v8-m.main+fp/hard\libc_nano.a(lib_a-wbuf.o)
                0x00003fdc                __swbuf_r
 .text._write_r
                0x00004080       0x24 c:/siliconlabs/simplicitystudio/v5/developer/toolchains/gnu_arm/10.2_2020q4/bin/../lib/gcc/arm-none-eabi/10.2.1/../../../../arm-none-eabi/lib/thumb/v8-m.main+fp/hard\libc_nano.a(lib_a-writer.o)
                0x00004080                _write_r
 .text.__swsetup_r
                0x000040a4       0xdc c:/siliconlabs/simplicitystudio/v5/developer/toolchains/gnu_arm/10.2_2020q4/bin/../lib/gcc/arm-none-eabi/10.2.1/../../../../arm-none-eabi/lib/thumb/v8-m.main+fp/hard\libc_nano.a(lib_a-wsetup.o)
                0x000040a4                __swsetup_r
 .text._close_r
                0x00004180       0x20 c:/siliconlabs/simplicitystudio/v5/developer/toolchains/gnu_arm/10.2_2020q4/bin/../lib/gcc/arm-none-eabi/10.2.1/../../../../arm-none-eabi/lib/thumb/v8-m.main+fp/hard\libc_nano.a(lib_a-closer.o)
                0x00004180                _close_r
 .text._fstat_r
                0x000041a0       0x24 c:/siliconlabs/simplicitystudio/v5/developer/toolchains/gnu_arm/10.2_2020q4/bin/../lib/gcc/arm-none-eabi/10.2.1/../../../../arm-none-eabi/lib/thumb/v8-m.main+fp/hard\libc_nano.a(lib_a-fstatr.o)
                0x000041a0                _fstat_r
 .text._isatty_r
                0x000041c4       0x20 c:/siliconlabs/simplicitystudio/v5/developer/toolchains/gnu_arm/10.2_2020q4/bin/../lib/gcc/arm-none-eabi/10.2.1/../../../../arm-none-eabi/lib/thumb/v8-m.main+fp/hard\libc_nano.a(lib_a-isattyr.o)
                0x000041c4                _isatty_r
 .text._lseek_r
                0x000041e4       0x24 c:/siliconlabs/simplicitystudio/v5/developer/toolchains/gnu_arm/10.2_2020q4/bin/../lib/gcc/arm-none-eabi/10.2.1/../../../../arm-none-eabi/lib/thumb/v8-m.main+fp/hard\libc_nano.a(lib_a-lseekr.o)
                0x000041e4                _lseek_r
 .text.memchr   0x00004208       0x1c c:/siliconlabs/simplicitystudio/v5/developer/toolchains/gnu_arm/10.2_2020q4/bin/../lib/gcc/arm-none-eabi/10.2.1/../../../../arm-none-eabi/lib/thumb/v8-m.main+fp/hard\libc_nano.a(lib_a-memchr-stub.o)
                0x00004208                memchr
 .text.__malloc_lock
                0x00004224        0xc c:/siliconlabs/simplicitystudio/v5/developer/toolchains/gnu_arm/10.2_2020q4/bin/../lib/gcc/arm-none-eabi/10.2.1/../../../../arm-none-eabi/lib/thumb/v8-m.main+fp/hard\libc_nano.a(lib_a-mlock.o)
                0x00004224                __malloc_lock
 .text.__malloc_unlock
                0x00004230        0xc c:/siliconlabs/simplicitystudio/v5/developer/toolchains/gnu_arm/10.2_2020q4/bin/../lib/gcc/arm-none-eabi/10.2.1/../../../../arm-none-eabi/lib/thumb/v8-m.main+fp/hard\libc_nano.a(lib_a-mlock.o)
                0x00004230                __malloc_unlock
 .text._read_r  0x0000423c       0x24 c:/siliconlabs/simplicitystudio/v5/developer/toolchains/gnu_arm/10.2_2020q4/bin/../lib/gcc/arm-none-eabi/10.2.1/../../../../arm-none-eabi/lib/thumb/v8-m.main+fp/hard\libc_nano.a(lib_a-readr.o)
                0x0000423c                _read_r
                0x00004260                linker_code_end = .
 *(.init)
 .init          0x00004260        0x4 c:/siliconlabs/simplicitystudio/v5/developer/toolchains/gnu_arm/10.2_2020q4/bin/../lib/gcc/arm-none-eabi/10.2.1/thumb/v8-m.main+fp/hard/crti.o
                0x00004260                _init
 .init          0x00004264        0x8 c:/siliconlabs/simplicitystudio/v5/developer/toolchains/gnu_arm/10.2_2020q4/bin/../lib/gcc/arm-none-eabi/10.2.1/thumb/v8-m.main+fp/hard/crtn.o
 *(.fini)
 .fini          0x0000426c        0x4 c:/siliconlabs/simplicitystudio/v5/developer/toolchains/gnu_arm/10.2_2020q4/bin/../lib/gcc/arm-none-eabi/10.2.1/thumb/v8-m.main+fp/hard/crti.o
                0x0000426c                _fini
 .fini          0x00004270        0x8 c:/siliconlabs/simplicitystudio/v5/developer/toolchains/gnu_arm/10.2_2020q4/bin/../lib/gcc/arm-none-eabi/10.2.1/thumb/v8-m.main+fp/hard/crtn.o
 *crtbegin.o(.ctors)
 *crtbegin?.o(.ctors)
 *(EXCLUDE_FILE(*crtend.o *crtend?.o) .ctors)
 *(SORT_BY_NAME(.ctors.*))
 *(.ctors)
 *crtbegin.o(.dtors)
 *crtbegin?.o(.dtors)
 *(EXCLUDE_FILE(*crtend.o *crtend?.o) .dtors)
 *(SORT_BY_NAME(.dtors.*))
 *(.dtors)
 *(.rodata*)
 .rodata.BH1750_I2C_Transfer_Return.str1.1
                0x00004278       0x17 ./bh1750_driver.o
 .rodata.main.str1.1
                0x0000428f       0x15 ./main.o
                                 0x1a (size before relaxing)
 .rodata.sl_iostream_usart_init_vcom.str1.1
                0x000042a4       0x2e ./autogen/sl_iostream_init_usart_instances.o
 *fill*         0x000042d2        0x2 
 .rodata        0x000042d4       0x3c ./autogen/sl_iostream_init_usart_instances.o
 .rodata.I2CSPM_Init.str1.1
                0x00004310       0xa2 ./gecko_sdk_4.0.1/platform/driver/i2cspm/src/sl_i2cspm.o
 .rodata.HFRCODPLLDevinfoGet.str1.1
                0x000043b2       0x4b ./gecko_sdk_4.0.1/platform/emlib/src/em_cmu.o
 .rodata.CSWTCH.56
                0x000043fd        0x4 ./gecko_sdk_4.0.1/platform/emlib/src/em_cmu.o
 .rodata.CSWTCH.58
                0x00004401        0x6 ./gecko_sdk_4.0.1/platform/emlib/src/em_cmu.o
 .rodata.EMU_VScaleEM01.str1.1
                0x00004407       0x4b ./gecko_sdk_4.0.1/platform/emlib/src/em_emu.o
 .rodata.GPIO_PinOutSet.str1.1
                0x00004452       0x4c ./gecko_sdk_4.0.1/platform/emlib/src/em_gpio.o
 .rodata.GPIO_ExtIntConfig.str1.1
                0x00004452       0x4c ./gecko_sdk_4.0.1/platform/emlib/src/em_gpio.o
 .rodata.I2C_BusFreqGet.str1.1
                0x0000449e       0x4b ./gecko_sdk_4.0.1/platform/emlib/src/em_i2c.o
 *fill*         0x000044e9        0x3 
 .rodata.CSWTCH.13
                0x000044ec        0xc ./gecko_sdk_4.0.1/platform/emlib/src/em_i2c.o
 .rodata.CSWTCH.14
                0x000044f8        0xc ./gecko_sdk_4.0.1/platform/emlib/src/em_i2c.o
 .rodata.i2cNSum
                0x00004504        0x4 ./gecko_sdk_4.0.1/platform/emlib/src/em_i2c.o
 .rodata.USART_BaudrateAsyncSet.str1.1
                0x00004508       0x4d ./gecko_sdk_4.0.1/platform/emlib/src/em_usart.o
 .rodata        0x00004555        0x8 ./gecko_sdk_4.0.1/platform/service/device_init/src/sl_device_init_dcdc_s2.o
 .rodata        0x0000455d       0x13 ./gecko_sdk_4.0.1/platform/service/device_init/src/sl_device_init_hfxo_s2.o
 .rodata        0x00004570        0xb ./gecko_sdk_4.0.1/platform/service/device_init/src/sl_device_init_lfxo_s2.o
 .rodata._write.str1.1
                0x0000457b       0x6a ./gecko_sdk_4.0.1/platform/service/iostream/src/sl_iostream_retarget_stdio.o
 .rodata.sli_uart_push_rxd_data.str1.1
                0x000045e5       0x60 ./gecko_sdk_4.0.1/platform/service/iostream/src/sl_iostream_uart.o
 .rodata.sl_udelay_wait.str1.1
                0x00004645       0x57 ./gecko_sdk_4.0.1/platform/service/udelay/src/sl_udelay.o
 .rodata._global_impure_ptr
                0x0000469c        0x4 c:/siliconlabs/simplicitystudio/v5/developer/toolchains/gnu_arm/10.2_2020q4/bin/../lib/gcc/arm-none-eabi/10.2.1/../../../../arm-none-eabi/lib/thumb/v8-m.main+fp/hard\libc_nano.a(lib_a-impure.o)
                0x0000469c                _global_impure_ptr
 .rodata.__sf_fake_stderr
                0x000046a0       0x20 c:/siliconlabs/simplicitystudio/v5/developer/toolchains/gnu_arm/10.2_2020q4/bin/../lib/gcc/arm-none-eabi/10.2.1/../../../../arm-none-eabi/lib/thumb/v8-m.main+fp/hard\libc_nano.a(lib_a-findfp.o)
                0x000046a0                __sf_fake_stderr
 .rodata.__sf_fake_stdin
                0x000046c0       0x20 c:/siliconlabs/simplicitystudio/v5/developer/toolchains/gnu_arm/10.2_2020q4/bin/../lib/gcc/arm-none-eabi/10.2.1/../../../../arm-none-eabi/lib/thumb/v8-m.main+fp/hard\libc_nano.a(lib_a-findfp.o)
                0x000046c0                __sf_fake_stdin
 .rodata.__sf_fake_stdout
                0x000046e0       0x20 c:/siliconlabs/simplicitystudio/v5/developer/toolchains/gnu_arm/10.2_2020q4/bin/../lib/gcc/arm-none-eabi/10.2.1/../../../../arm-none-eabi/lib/thumb/v8-m.main+fp/hard\libc_nano.a(lib_a-findfp.o)
                0x000046e0                __sf_fake_stdout
 .rodata._vfprintf_r.str1.1
                0x00004700       0x11 c:/siliconlabs/simplicitystudio/v5/developer/toolchains/gnu_arm/10.2_2020q4/bin/../lib/gcc/arm-none-eabi/10.2.1/../../../../arm-none-eabi/lib/thumb/v8-m.main+fp/hard\libc_nano.a(lib_a-nano-vfprintf.o)
 .rodata._printf_i.str1.1
                0x00004711       0x22 c:/siliconlabs/simplicitystudio/v5/developer/toolchains/gnu_arm/10.2_2020q4/bin/../lib/gcc/arm-none-eabi/10.2.1/../../../../arm-none-eabi/lib/thumb/v8-m.main+fp/hard\libc_nano.a(lib_a-nano-vfprintf_i.o)
 *(.eh_frame*)
 *fill*         0x00004733        0x1 
 .eh_frame      0x00004734        0x0 c:/siliconlabs/simplicitystudio/v5/developer/toolchains/gnu_arm/10.2_2020q4/bin/../lib/gcc/arm-none-eabi/10.2.1/thumb/v8-m.main+fp/hard/crtbegin.o

.glue_7         0x00004734        0x0
 .glue_7        0x00004734        0x0 linker stubs

.glue_7t        0x00004734        0x0
 .glue_7t       0x00004734        0x0 linker stubs

.vfp11_veneer   0x00004734        0x0
 .vfp11_veneer  0x00004734        0x0 linker stubs

.v4_bx          0x00004734        0x0
 .v4_bx         0x00004734        0x0 linker stubs

.iplt           0x00004734        0x0
 .iplt          0x00004734        0x0 c:/siliconlabs/simplicitystudio/v5/developer/toolchains/gnu_arm/10.2_2020q4/bin/../lib/gcc/arm-none-eabi/10.2.1/thumb/v8-m.main+fp/hard/crtbegin.o

.ARM.extab
 *(.ARM.extab* .gnu.linkonce.armextab.*)
                0x00004734                __exidx_start = .

.ARM.exidx      0x00004734        0x8
 *(.ARM.exidx* .gnu.linkonce.armexidx.*)
 .ARM.exidx     0x00004734        0x8 c:/siliconlabs/simplicitystudio/v5/developer/toolchains/gnu_arm/10.2_2020q4/bin/../lib/gcc/arm-none-eabi/10.2.1/../../../../arm-none-eabi/lib/thumb/v8-m.main+fp/hard/crt0.o
                                 0x10 (size before relaxing)
                0x0000473c                __exidx_end = .
                0x0000473c                __etext = .

.rel.dyn        0x0000473c        0x0
 .rel.iplt      0x0000473c        0x0 c:/siliconlabs/simplicitystudio/v5/developer/toolchains/gnu_arm/10.2_2020q4/bin/../lib/gcc/arm-none-eabi/10.2.1/thumb/v8-m.main+fp/hard/crtbegin.o
                0x20000000                . = ORIGIN (RAM)

.stack          0x20000000     0x1000
                0x20000000                __StackLimit = .
 *(.stack*)
 .stack         0x20000000        0x0 ./gecko_sdk_4.0.1/platform/Device/SiliconLabs/BGM22/Source/GCC/startup_bgm22.o
 .stack         0x20000000     0x1000 ./gecko_sdk_4.0.1/platform/common/toolchain/src/sl_memory.o
                0x20001000                . = ALIGN (0x4)
                0x20001000                __StackTop = .
                0x20001000                PROVIDE (__stack = __StackTop)

.noinit
 *(.noinit*)

.data           0x20001000       0x88 load address 0x0000473c
                0x20001000                . = ALIGN (0x4)
                0x20001000                __data_start__ = .
 *(vtable)
 *(.data*)
 .data.level_filter_enabled
                0x20001000        0x1 ./gecko_sdk_4.0.1/app/common/util/app_log/app_log.o
 .data.level_filter_threshold
                0x20001001        0x1 ./gecko_sdk_4.0.1/app/common/util/app_log/app_log.o
 .data.level_mask
                0x20001002        0x1 ./gecko_sdk_4.0.1/app/common/util/app_log/app_log.o
 *fill*         0x20001003        0x1 
 .data.SystemCoreClock
                0x20001004        0x4 ./gecko_sdk_4.0.1/platform/Device/SiliconLabs/BGM22/Source/system_bgm22.o
                0x20001004                SystemCoreClock
 .data.SystemHFRCODPLLClock
                0x20001008        0x4 ./gecko_sdk_4.0.1/platform/Device/SiliconLabs/BGM22/Source/system_bgm22.o
 .data.SystemHFXOClock
                0x2000100c        0x4 ./gecko_sdk_4.0.1/platform/Device/SiliconLabs/BGM22/Source/system_bgm22.o
 .data.SystemLFXOClock
                0x20001010        0x4 ./gecko_sdk_4.0.1/platform/Device/SiliconLabs/BGM22/Source/system_bgm22.o
 .data.heap_end.0
                0x20001014        0x4 ./gecko_sdk_4.0.1/platform/common/toolchain/src/sl_memory.o
 .data.lfxo_precision
                0x20001018        0x2 ./gecko_sdk_4.0.1/platform/emlib/src/em_cmu.o
 *fill*         0x2000101a        0x2 
 .data._impure_ptr
                0x2000101c        0x4 c:/siliconlabs/simplicitystudio/v5/developer/toolchains/gnu_arm/10.2_2020q4/bin/../lib/gcc/arm-none-eabi/10.2.1/../../../../arm-none-eabi/lib/thumb/v8-m.main+fp/hard\libc_nano.a(lib_a-impure.o)
                0x2000101c                _impure_ptr
 .data.impure_data
                0x20001020       0x60 c:/siliconlabs/simplicitystudio/v5/developer/toolchains/gnu_arm/10.2_2020q4/bin/../lib/gcc/arm-none-eabi/10.2.1/../../../../arm-none-eabi/lib/thumb/v8-m.main+fp/hard\libc_nano.a(lib_a-impure.o)
                0x20001080                . = ALIGN (0x4)
                [!provide]                PROVIDE (__ram_func_section_start = .)
 *(.ram)
                [!provide]                PROVIDE (__ram_func_section_end = .)
                0x20001080                . = ALIGN (0x4)
                0x20001080                PROVIDE (__preinit_array_start = .)
 *(.preinit_array)
                0x20001080                PROVIDE (__preinit_array_end = .)
                0x20001080                . = ALIGN (0x4)
                0x20001080                PROVIDE (__init_array_start = .)
 *(SORT_BY_NAME(.init_array.*))
 *(.init_array)
 .init_array    0x20001080        0x4 c:/siliconlabs/simplicitystudio/v5/developer/toolchains/gnu_arm/10.2_2020q4/bin/../lib/gcc/arm-none-eabi/10.2.1/thumb/v8-m.main+fp/hard/crtbegin.o
                0x20001084                PROVIDE (__init_array_end = .)
                0x20001084                . = ALIGN (0x4)
                [!provide]                PROVIDE (__fini_array_start = .)
 *(SORT_BY_NAME(.fini_array.*))
 *(.fini_array)
 .fini_array    0x20001084        0x4 c:/siliconlabs/simplicitystudio/v5/developer/toolchains/gnu_arm/10.2_2020q4/bin/../lib/gcc/arm-none-eabi/10.2.1/thumb/v8-m.main+fp/hard/crtbegin.o
                [!provide]                PROVIDE (__fini_array_end = .)
                0x20001088                . = ALIGN (0x4)
                0x20001088                __data_end__ = .

.igot.plt       0x20001088        0x0 load address 0x000047c4
 .igot.plt      0x20001088        0x0 c:/siliconlabs/simplicitystudio/v5/developer/toolchains/gnu_arm/10.2_2020q4/bin/../lib/gcc/arm-none-eabi/10.2.1/thumb/v8-m.main+fp/hard/crtbegin.o

.bss            0x20001088       0xc4 load address 0x000047c4
                0x20001088                . = ALIGN (0x4)
                0x20001088                __bss_start__ = .
 *(.bss*)
 .bss           0x20001088       0x1c c:/siliconlabs/simplicitystudio/v5/developer/toolchains/gnu_arm/10.2_2020q4/bin/../lib/gcc/arm-none-eabi/10.2.1/thumb/v8-m.main+fp/hard/crtbegin.o
 .bss.context_vcom
                0x200010a4       0x3c ./autogen/sl_iostream_init_usart_instances.o
 .bss.rx_buffer_vcom
                0x200010e0       0x20 ./autogen/sl_iostream_init_usart_instances.o
 .bss.sl_iostream_vcom
                0x20001100       0x18 ./autogen/sl_iostream_init_usart_instances.o
 .bss.app_log_iostream
                0x20001118        0x4 ./gecko_sdk_4.0.1/app/common/util/app_log/app_log.o
                0x20001118                app_log_iostream
 .bss.level_mask_enabled
                0x2000111c        0x1 ./gecko_sdk_4.0.1/app/common/util/app_log/app_log.o
 .bss.ctuneDelta
                0x2000111d        0x1 ./gecko_sdk_4.0.1/platform/emlib/src/em_cmu.o
 .bss.vScaleEM01Config
                0x2000111e        0x1 ./gecko_sdk_4.0.1/platform/emlib/src/em_emu.o
 *fill*         0x2000111f        0x1 
 .bss.i2cTransfer
                0x20001120       0x18 ./gecko_sdk_4.0.1/platform/emlib/src/em_i2c.o
 .bss.sli_iostream_default
                0x20001138        0x4 ./gecko_sdk_4.0.1/platform/service/iostream/src/sl_iostream.o
 .bss.__lock___malloc_recursive_mutex
                0x2000113c        0x1 c:/siliconlabs/simplicitystudio/v5/developer/toolchains/gnu_arm/10.2_2020q4/bin/../lib/gcc/arm-none-eabi/10.2.1/../../../../arm-none-eabi/lib/thumb/v8-m.main+fp/hard\libc_nano.a(lib_a-lock.o)
                0x2000113c                __lock___malloc_recursive_mutex
 .bss.__lock___sfp_recursive_mutex
                0x2000113d        0x1 c:/siliconlabs/simplicitystudio/v5/developer/toolchains/gnu_arm/10.2_2020q4/bin/../lib/gcc/arm-none-eabi/10.2.1/../../../../arm-none-eabi/lib/thumb/v8-m.main+fp/hard\libc_nano.a(lib_a-lock.o)
                0x2000113d                __lock___sfp_recursive_mutex
 .bss.__lock___sinit_recursive_mutex
                0x2000113e        0x1 c:/siliconlabs/simplicitystudio/v5/developer/toolchains/gnu_arm/10.2_2020q4/bin/../lib/gcc/arm-none-eabi/10.2.1/../../../../arm-none-eabi/lib/thumb/v8-m.main+fp/hard\libc_nano.a(lib_a-lock.o)
                0x2000113e                __lock___sinit_recursive_mutex
 *fill*         0x2000113f        0x1 
 .bss.__malloc_free_list
                0x20001140        0x4 c:/siliconlabs/simplicitystudio/v5/developer/toolchains/gnu_arm/10.2_2020q4/bin/../lib/gcc/arm-none-eabi/10.2.1/../../../../arm-none-eabi/lib/thumb/v8-m.main+fp/hard\libc_nano.a(lib_a-nano-mallocr.o)
                0x20001140                __malloc_free_list
 .bss.__malloc_sbrk_start
                0x20001144        0x4 c:/siliconlabs/simplicitystudio/v5/developer/toolchains/gnu_arm/10.2_2020q4/bin/../lib/gcc/arm-none-eabi/10.2.1/../../../../arm-none-eabi/lib/thumb/v8-m.main+fp/hard\libc_nano.a(lib_a-nano-mallocr.o)
                0x20001144                __malloc_sbrk_start
 .bss.errno     0x20001148        0x4 c:/siliconlabs/simplicitystudio/v5/developer/toolchains/gnu_arm/10.2_2020q4/bin/../lib/gcc/arm-none-eabi/10.2.1/../../../../arm-none-eabi/lib/thumb/v8-m.main+fp/hard\libc_nano.a(lib_a-reent.o)
                0x20001148                errno
 *(COMMON)
                0x2000114c                . = ALIGN (0x4)
                0x2000114c                __bss_end__ = .

.heap           0x20001150     0x6eb0
                0x20001150                __HeapBase = .
                0x20001150                __end__ = .
                0x20001150                end = __end__
                0x20001150                _end = __end__
 *(.heap*)
 .heap          0x20001150      0x800 ./gecko_sdk_4.0.1/platform/common/toolchain/src/sl_memory.o
                0x20008000                . = (ORIGIN (RAM) + LENGTH (RAM))
 *fill*         0x20001950     0x66b0 
                0x20008000                __HeapLimit = .
                0x00006eb0                __heap_size = (__HeapLimit - __HeapBase)
                0x0007e000                __main_flash_end__ = 0x7e000

.internal_storage
                0x0000473c        0x0
 *(.internal_storage*)

.nvm            0x0000473c        0x0
 *(.simee*)
                0x0007e000                linker_nvm_end = __main_flash_end__
                0x0007e000                linker_nvm_begin = (linker_nvm_end - SIZEOF (.nvm))
                0x00000000                linker_nvm_size = SIZEOF (.nvm)
                0x0007e000                linker_storage_end = linker_nvm_begin
                0x0007e000                linker_storage_begin = (linker_storage_end - SIZEOF (.internal_storage))
                0x00000000                linker_storage_size = SIZEOF (.internal_storage)
                0x0007e000                __nvm3Base = linker_nvm_begin
OUTPUT(empty_2.axf elf32-littlearm)
LOAD linker stubs

.ARM.attributes
                0x00000000       0x36
 .ARM.attributes
                0x00000000       0x22 c:/siliconlabs/simplicitystudio/v5/developer/toolchains/gnu_arm/10.2_2020q4/bin/../lib/gcc/arm-none-eabi/10.2.1/thumb/v8-m.main+fp/hard/crti.o
 .ARM.attributes
                0x00000022       0x38 c:/siliconlabs/simplicitystudio/v5/developer/toolchains/gnu_arm/10.2_2020q4/bin/../lib/gcc/arm-none-eabi/10.2.1/thumb/v8-m.main+fp/hard/crtbegin.o
 .ARM.attributes
                0x0000005a       0x20 c:/siliconlabs/simplicitystudio/v5/developer/toolchains/gnu_arm/10.2_2020q4/bin/../lib/gcc/arm-none-eabi/10.2.1/../../../../arm-none-eabi/lib/thumb/v8-m.main+fp/hard/crt0.o
 .ARM.attributes
                0x0000007a       0x3a ./app.o
 .ARM.attributes
                0x000000b4       0x3a ./bh1750_driver.o
 .ARM.attributes
                0x000000ee       0x3a ./main.o
 .ARM.attributes
                0x00000128       0x3a ./autogen/sl_board_default_init.o
 .ARM.attributes
                0x00000162       0x3a ./autogen/sl_device_init_clocks.o
 .ARM.attributes
                0x0000019c       0x3a ./autogen/sl_event_handler.o
 .ARM.attributes
                0x000001d6       0x3a ./autogen/sl_iostream_init_usart_instances.o
 .ARM.attributes
                0x00000210       0x3a ./gecko_sdk_4.0.1/app/common/util/app_log/app_log.o
 .ARM.attributes
                0x0000024a       0x3a ./gecko_sdk_4.0.1/hardware/board/src/sl_board_control_gpio.o
 .ARM.attributes
                0x00000284       0x3a ./gecko_sdk_4.0.1/hardware/board/src/sl_board_init.o
 .ARM.attributes
                0x000002be       0x3a ./gecko_sdk_4.0.1/platform/Device/SiliconLabs/BGM22/Source/GCC/startup_bgm22.o
 .ARM.attributes
                0x000002f8       0x3a ./gecko_sdk_4.0.1/platform/Device/SiliconLabs/BGM22/Source/system_bgm22.o
 .ARM.attributes
                0x00000332       0x3a ./gecko_sdk_4.0.1/platform/common/toolchain/src/sl_memory.o
 .ARM.attributes
                0x0000036c       0x3a ./gecko_sdk_4.0.1/platform/driver/i2cspm/src/sl_i2cspm.o
 .ARM.attributes
                0x000003a6       0x3a ./gecko_sdk_4.0.1/platform/emlib/src/em_assert.o
 .ARM.attributes
                0x000003e0       0x3a ./gecko_sdk_4.0.1/platform/emlib/src/em_cmu.o
 .ARM.attributes
                0x0000041a       0x3a ./gecko_sdk_4.0.1/platform/emlib/src/em_core.o
 .ARM.attributes
                0x00000454       0x3a ./gecko_sdk_4.0.1/platform/emlib/src/em_emu.o
 .ARM.attributes
                0x0000048e       0x3a ./gecko_sdk_4.0.1/platform/emlib/src/em_gpio.o
 .ARM.attributes
                0x000004c8       0x3a ./gecko_sdk_4.0.1/platform/emlib/src/em_i2c.o
 .ARM.attributes
                0x00000502       0x3a ./gecko_sdk_4.0.1/platform/emlib/src/em_usart.o
 .ARM.attributes
                0x0000053c       0x3a ./gecko_sdk_4.0.1/platform/service/device_init/src/sl_device_init_dcdc_s2.o
 .ARM.attributes
                0x00000576       0x3a ./gecko_sdk_4.0.1/platform/service/device_init/src/sl_device_init_emu_s2.o
 .ARM.attributes
                0x000005b0       0x3a ./gecko_sdk_4.0.1/platform/service/device_init/src/sl_device_init_hfxo_s2.o
 .ARM.attributes
                0x000005ea       0x3a ./gecko_sdk_4.0.1/platform/service/device_init/src/sl_device_init_lfxo_s2.o
 .ARM.attributes
                0x00000624       0x3a ./gecko_sdk_4.0.1/platform/service/device_init/src/sl_device_init_nvic.o
 .ARM.attributes
                0x0000065e       0x3a ./gecko_sdk_4.0.1/platform/service/iostream/src/sl_iostream.o
 .ARM.attributes
                0x00000698       0x3a ./gecko_sdk_4.0.1/platform/service/iostream/src/sl_iostream_retarget_stdio.o
 .ARM.attributes
                0x000006d2       0x3a ./gecko_sdk_4.0.1/platform/service/iostream/src/sl_iostream_stdlib_config.o
 .ARM.attributes
                0x0000070c       0x3a ./gecko_sdk_4.0.1/platform/service/iostream/src/sl_iostream_uart.o
 .ARM.attributes
                0x00000746       0x3a ./gecko_sdk_4.0.1/platform/service/iostream/src/sl_iostream_usart.o
 .ARM.attributes
                0x00000780       0x3a ./gecko_sdk_4.0.1/platform/service/system/src/sl_system_init.o
 .ARM.attributes
                0x000007ba       0x3a ./gecko_sdk_4.0.1/platform/service/udelay/src/sl_udelay.o
 .ARM.attributes
                0x000007f4       0x26 ./gecko_sdk_4.0.1/platform/service/udelay/src/sl_udelay_armv6m_gcc.o
 .ARM.attributes
                0x0000081a       0x22 c:/siliconlabs/simplicitystudio/v5/developer/toolchains/gnu_arm/10.2_2020q4/bin/../lib/gcc/arm-none-eabi/10.2.1/thumb/v8-m.main+fp/hard\libgcc.a(_arm_addsubdf3.o)
 .ARM.attributes
                0x0000083c       0x22 c:/siliconlabs/simplicitystudio/v5/developer/toolchains/gnu_arm/10.2_2020q4/bin/../lib/gcc/arm-none-eabi/10.2.1/thumb/v8-m.main+fp/hard\libgcc.a(_arm_muldivdf3.o)
 .ARM.attributes
                0x0000085e       0x22 c:/siliconlabs/simplicitystudio/v5/developer/toolchains/gnu_arm/10.2_2020q4/bin/../lib/gcc/arm-none-eabi/10.2.1/thumb/v8-m.main+fp/hard\libgcc.a(_arm_fixunsdfsi.o)
 .ARM.attributes
                0x00000880       0x38 c:/siliconlabs/simplicitystudio/v5/developer/toolchains/gnu_arm/10.2_2020q4/bin/../lib/gcc/arm-none-eabi/10.2.1/../../../../arm-none-eabi/lib/thumb/v8-m.main+fp/hard\libc_nano.a(lib_a-exit.o)
 .ARM.attributes
                0x000008b8       0x36 c:/siliconlabs/simplicitystudio/v5/developer/toolchains/gnu_arm/10.2_2020q4/bin/../lib/gcc/arm-none-eabi/10.2.1/../../../../arm-none-eabi/lib/thumb/v8-m.main+fp/hard\libc_nano.a(lib_a-impure.o)
 .ARM.attributes
                0x000008ee       0x38 c:/siliconlabs/simplicitystudio/v5/developer/toolchains/gnu_arm/10.2_2020q4/bin/../lib/gcc/arm-none-eabi/10.2.1/../../../../arm-none-eabi/lib/thumb/v8-m.main+fp/hard\libc_nano.a(lib_a-init.o)
 .ARM.attributes
                0x00000926       0x38 c:/siliconlabs/simplicitystudio/v5/developer/toolchains/gnu_arm/10.2_2020q4/bin/../lib/gcc/arm-none-eabi/10.2.1/../../../../arm-none-eabi/lib/thumb/v8-m.main+fp/hard\libc_nano.a(lib_a-memset.o)
 .ARM.attributes
                0x0000095e       0x38 c:/siliconlabs/simplicitystudio/v5/developer/toolchains/gnu_arm/10.2_2020q4/bin/../lib/gcc/arm-none-eabi/10.2.1/../../../../arm-none-eabi/lib/thumb/v8-m.main+fp/hard\libc_nano.a(lib_a-setvbuf.o)
 .ARM.attributes
                0x00000996       0x38 c:/siliconlabs/simplicitystudio/v5/developer/toolchains/gnu_arm/10.2_2020q4/bin/../lib/gcc/arm-none-eabi/10.2.1/../../../../arm-none-eabi/lib/thumb/v8-m.main+fp/hard\libc_nano.a(lib_a-vprintf.o)
 .ARM.attributes
                0x000009ce       0x38 c:/siliconlabs/simplicitystudio/v5/developer/toolchains/gnu_arm/10.2_2020q4/bin/../lib/gcc/arm-none-eabi/10.2.1/../../../../arm-none-eabi/lib/thumb/v8-m.main+fp/hard\libc_nano.a(lib_a-fflush.o)
 .ARM.attributes
                0x00000a06       0x38 c:/siliconlabs/simplicitystudio/v5/developer/toolchains/gnu_arm/10.2_2020q4/bin/../lib/gcc/arm-none-eabi/10.2.1/../../../../arm-none-eabi/lib/thumb/v8-m.main+fp/hard\libc_nano.a(lib_a-findfp.o)
 .ARM.attributes
                0x00000a3e       0x38 c:/siliconlabs/simplicitystudio/v5/developer/toolchains/gnu_arm/10.2_2020q4/bin/../lib/gcc/arm-none-eabi/10.2.1/../../../../arm-none-eabi/lib/thumb/v8-m.main+fp/hard\libc_nano.a(lib_a-fwalk.o)
 .ARM.attributes
                0x00000a76       0x38 c:/siliconlabs/simplicitystudio/v5/developer/toolchains/gnu_arm/10.2_2020q4/bin/../lib/gcc/arm-none-eabi/10.2.1/../../../../arm-none-eabi/lib/thumb/v8-m.main+fp/hard\libc_nano.a(lib_a-lock.o)
 .ARM.attributes
                0x00000aae       0x38 c:/siliconlabs/simplicitystudio/v5/developer/toolchains/gnu_arm/10.2_2020q4/bin/../lib/gcc/arm-none-eabi/10.2.1/../../../../arm-none-eabi/lib/thumb/v8-m.main+fp/hard\libc_nano.a(lib_a-makebuf.o)
 .ARM.attributes
                0x00000ae6       0x38 c:/siliconlabs/simplicitystudio/v5/developer/toolchains/gnu_arm/10.2_2020q4/bin/../lib/gcc/arm-none-eabi/10.2.1/../../../../arm-none-eabi/lib/thumb/v8-m.main+fp/hard\libc_nano.a(lib_a-malloc.o)
 .ARM.attributes
                0x00000b1e       0x38 c:/siliconlabs/simplicitystudio/v5/developer/toolchains/gnu_arm/10.2_2020q4/bin/../lib/gcc/arm-none-eabi/10.2.1/../../../../arm-none-eabi/lib/thumb/v8-m.main+fp/hard\libc_nano.a(lib_a-nano-freer.o)
 .ARM.attributes
                0x00000b56       0x38 c:/siliconlabs/simplicitystudio/v5/developer/toolchains/gnu_arm/10.2_2020q4/bin/../lib/gcc/arm-none-eabi/10.2.1/../../../../arm-none-eabi/lib/thumb/v8-m.main+fp/hard\libc_nano.a(lib_a-nano-mallocr.o)
 .ARM.attributes
                0x00000b8e       0x38 c:/siliconlabs/simplicitystudio/v5/developer/toolchains/gnu_arm/10.2_2020q4/bin/../lib/gcc/arm-none-eabi/10.2.1/../../../../arm-none-eabi/lib/thumb/v8-m.main+fp/hard\libc_nano.a(lib_a-nano-vfprintf.o)
 .ARM.attributes
                0x00000bc6       0x38 c:/siliconlabs/simplicitystudio/v5/developer/toolchains/gnu_arm/10.2_2020q4/bin/../lib/gcc/arm-none-eabi/10.2.1/../../../../arm-none-eabi/lib/thumb/v8-m.main+fp/hard\libc_nano.a(lib_a-nano-vfprintf_i.o)
 .ARM.attributes
                0x00000bfe       0x38 c:/siliconlabs/simplicitystudio/v5/developer/toolchains/gnu_arm/10.2_2020q4/bin/../lib/gcc/arm-none-eabi/10.2.1/../../../../arm-none-eabi/lib/thumb/v8-m.main+fp/hard\libc_nano.a(lib_a-sbrkr.o)
 .ARM.attributes
                0x00000c36       0x38 c:/siliconlabs/simplicitystudio/v5/developer/toolchains/gnu_arm/10.2_2020q4/bin/../lib/gcc/arm-none-eabi/10.2.1/../../../../arm-none-eabi/lib/thumb/v8-m.main+fp/hard\libc_nano.a(lib_a-stdio.o)
 .ARM.attributes
                0x00000c6e       0x38 c:/siliconlabs/simplicitystudio/v5/developer/toolchains/gnu_arm/10.2_2020q4/bin/../lib/gcc/arm-none-eabi/10.2.1/../../../../arm-none-eabi/lib/thumb/v8-m.main+fp/hard\libc_nano.a(lib_a-wbuf.o)
 .ARM.attributes
                0x00000ca6       0x38 c:/siliconlabs/simplicitystudio/v5/developer/toolchains/gnu_arm/10.2_2020q4/bin/../lib/gcc/arm-none-eabi/10.2.1/../../../../arm-none-eabi/lib/thumb/v8-m.main+fp/hard\libc_nano.a(lib_a-writer.o)
 .ARM.attributes
                0x00000cde       0x38 c:/siliconlabs/simplicitystudio/v5/developer/toolchains/gnu_arm/10.2_2020q4/bin/../lib/gcc/arm-none-eabi/10.2.1/../../../../arm-none-eabi/lib/thumb/v8-m.main+fp/hard\libc_nano.a(lib_a-wsetup.o)
 .ARM.attributes
                0x00000d16       0x38 c:/siliconlabs/simplicitystudio/v5/developer/toolchains/gnu_arm/10.2_2020q4/bin/../lib/gcc/arm-none-eabi/10.2.1/../../../../arm-none-eabi/lib/thumb/v8-m.main+fp/hard\libc_nano.a(lib_a-closer.o)
 .ARM.attributes
                0x00000d4e       0x38 c:/siliconlabs/simplicitystudio/v5/developer/toolchains/gnu_arm/10.2_2020q4/bin/../lib/gcc/arm-none-eabi/10.2.1/../../../../arm-none-eabi/lib/thumb/v8-m.main+fp/hard\libc_nano.a(lib_a-fstatr.o)
 .ARM.attributes
                0x00000d86       0x38 c:/siliconlabs/simplicitystudio/v5/developer/toolchains/gnu_arm/10.2_2020q4/bin/../lib/gcc/arm-none-eabi/10.2.1/../../../../arm-none-eabi/lib/thumb/v8-m.main+fp/hard\libc_nano.a(lib_a-isattyr.o)
 .ARM.attributes
                0x00000dbe       0x38 c:/siliconlabs/simplicitystudio/v5/developer/toolchains/gnu_arm/10.2_2020q4/bin/../lib/gcc/arm-none-eabi/10.2.1/../../../../arm-none-eabi/lib/thumb/v8-m.main+fp/hard\libc_nano.a(lib_a-lseekr.o)
 .ARM.attributes
                0x00000df6       0x38 c:/siliconlabs/simplicitystudio/v5/developer/toolchains/gnu_arm/10.2_2020q4/bin/../lib/gcc/arm-none-eabi/10.2.1/../../../../arm-none-eabi/lib/thumb/v8-m.main+fp/hard\libc_nano.a(lib_a-memchr-stub.o)
 .ARM.attributes
                0x00000e2e       0x38 c:/siliconlabs/simplicitystudio/v5/developer/toolchains/gnu_arm/10.2_2020q4/bin/../lib/gcc/arm-none-eabi/10.2.1/../../../../arm-none-eabi/lib/thumb/v8-m.main+fp/hard\libc_nano.a(lib_a-mlock.o)
 .ARM.attributes
                0x00000e66       0x38 c:/siliconlabs/simplicitystudio/v5/developer/toolchains/gnu_arm/10.2_2020q4/bin/../lib/gcc/arm-none-eabi/10.2.1/../../../../arm-none-eabi/lib/thumb/v8-m.main+fp/hard\libc_nano.a(lib_a-readr.o)
 .ARM.attributes
                0x00000e9e       0x38 c:/siliconlabs/simplicitystudio/v5/developer/toolchains/gnu_arm/10.2_2020q4/bin/../lib/gcc/arm-none-eabi/10.2.1/../../../../arm-none-eabi/lib/thumb/v8-m.main+fp/hard\libc_nano.a(lib_a-reent.o)
 .ARM.attributes
                0x00000ed6       0x22 c:/siliconlabs/simplicitystudio/v5/developer/toolchains/gnu_arm/10.2_2020q4/bin/../lib/gcc/arm-none-eabi/10.2.1/thumb/v8-m.main+fp/hard/crtn.o

.comment        0x00000000       0x4d
 .comment       0x00000000       0x4d ./app.o
                                 0x4e (size before relaxing)
 .comment       0x0000004d       0x4e ./bh1750_driver.o
 .comment       0x0000004d       0x4e ./main.o
 .comment       0x0000004d       0x4e ./autogen/sl_board_default_init.o
 .comment       0x0000004d       0x4e ./autogen/sl_device_init_clocks.o
 .comment       0x0000004d       0x4e ./autogen/sl_event_handler.o
 .comment       0x0000004d       0x4e ./autogen/sl_iostream_init_usart_instances.o
 .comment       0x0000004d       0x4e ./gecko_sdk_4.0.1/app/common/util/app_log/app_log.o
 .comment       0x0000004d       0x4e ./gecko_sdk_4.0.1/hardware/board/src/sl_board_control_gpio.o
 .comment       0x0000004d       0x4e ./gecko_sdk_4.0.1/hardware/board/src/sl_board_init.o
 .comment       0x0000004d       0x4e ./gecko_sdk_4.0.1/platform/Device/SiliconLabs/BGM22/Source/GCC/startup_bgm22.o
 .comment       0x0000004d       0x4e ./gecko_sdk_4.0.1/platform/Device/SiliconLabs/BGM22/Source/system_bgm22.o
 .comment       0x0000004d       0x4e ./gecko_sdk_4.0.1/platform/common/toolchain/src/sl_memory.o
 .comment       0x0000004d       0x4e ./gecko_sdk_4.0.1/platform/driver/i2cspm/src/sl_i2cspm.o
 .comment       0x0000004d       0x4e ./gecko_sdk_4.0.1/platform/emlib/src/em_assert.o
 .comment       0x0000004d       0x4e ./gecko_sdk_4.0.1/platform/emlib/src/em_cmu.o
 .comment       0x0000004d       0x4e ./gecko_sdk_4.0.1/platform/emlib/src/em_core.o
 .comment       0x0000004d       0x4e ./gecko_sdk_4.0.1/platform/emlib/src/em_emu.o
 .comment       0x0000004d       0x4e ./gecko_sdk_4.0.1/platform/emlib/src/em_gpio.o
 .comment       0x0000004d       0x4e ./gecko_sdk_4.0.1/platform/emlib/src/em_i2c.o
 .comment       0x0000004d       0x4e ./gecko_sdk_4.0.1/platform/emlib/src/em_usart.o
 .comment       0x0000004d       0x4e ./gecko_sdk_4.0.1/platform/service/device_init/src/sl_device_init_dcdc_s2.o
 .comment       0x0000004d       0x4e ./gecko_sdk_4.0.1/platform/service/device_init/src/sl_device_init_emu_s2.o
 .comment       0x0000004d       0x4e ./gecko_sdk_4.0.1/platform/service/device_init/src/sl_device_init_hfxo_s2.o
 .comment       0x0000004d       0x4e ./gecko_sdk_4.0.1/platform/service/device_init/src/sl_device_init_lfxo_s2.o
 .comment       0x0000004d       0x4e ./gecko_sdk_4.0.1/platform/service/device_init/src/sl_device_init_nvic.o
 .comment       0x0000004d       0x4e ./gecko_sdk_4.0.1/platform/service/iostream/src/sl_iostream.o
 .comment       0x0000004d       0x4e ./gecko_sdk_4.0.1/platform/service/iostream/src/sl_iostream_retarget_stdio.o
 .comment       0x0000004d       0x4e ./gecko_sdk_4.0.1/platform/service/iostream/src/sl_iostream_stdlib_config.o
 .comment       0x0000004d       0x4e ./gecko_sdk_4.0.1/platform/service/iostream/src/sl_iostream_uart.o
 .comment       0x0000004d       0x4e ./gecko_sdk_4.0.1/platform/service/iostream/src/sl_iostream_usart.o
 .comment       0x0000004d       0x4e ./gecko_sdk_4.0.1/platform/service/system/src/sl_system_init.o
 .comment       0x0000004d       0x4e ./gecko_sdk_4.0.1/platform/service/udelay/src/sl_udelay.o

.debug_info     0x00000000    0x223bf
 .debug_info    0x00000000       0xa8 ./app.o
 .debug_info    0x000000a8      0xa81 ./bh1750_driver.o
 .debug_info    0x00000b29      0x4af ./main.o
 .debug_info    0x00000fd8       0x8a ./autogen/sl_board_default_init.o
 .debug_info    0x00001062      0x388 ./autogen/sl_device_init_clocks.o
 .debug_info    0x000013ea     0x12eb ./autogen/sl_event_handler.o
 .debug_info    0x000026d5     0x149a ./autogen/sl_iostream_init_usart_instances.o
 .debug_info    0x00003b6f      0x5ba ./gecko_sdk_4.0.1/app/common/util/app_log/app_log.o
 .debug_info    0x00004129      0x3a5 ./gecko_sdk_4.0.1/hardware/board/src/sl_board_control_gpio.o
 .debug_info    0x000044ce      0x27e ./gecko_sdk_4.0.1/hardware/board/src/sl_board_init.o
 .debug_info    0x0000474c      0x21f ./gecko_sdk_4.0.1/platform/Device/SiliconLabs/BGM22/Source/GCC/startup_bgm22.o
 .debug_info    0x0000496b     0x1370 ./gecko_sdk_4.0.1/platform/Device/SiliconLabs/BGM22/Source/system_bgm22.o
 .debug_info    0x00005cdb      0x209 ./gecko_sdk_4.0.1/platform/common/toolchain/src/sl_memory.o
 .debug_info    0x00005ee4     0x1d6c ./gecko_sdk_4.0.1/platform/driver/i2cspm/src/sl_i2cspm.o
 .debug_info    0x00007c50       0x8a ./gecko_sdk_4.0.1/platform/emlib/src/em_assert.o
 .debug_info    0x00007cda     0x72eb ./gecko_sdk_4.0.1/platform/emlib/src/em_cmu.o
 .debug_info    0x0000efc5     0x13e0 ./gecko_sdk_4.0.1/platform/emlib/src/em_core.o
 .debug_info    0x000103a5     0x39ef ./gecko_sdk_4.0.1/platform/emlib/src/em_emu.o
 .debug_info    0x00013d94     0x2195 ./gecko_sdk_4.0.1/platform/emlib/src/em_gpio.o
 .debug_info    0x00015f29     0x1365 ./gecko_sdk_4.0.1/platform/emlib/src/em_i2c.o
 .debug_info    0x0001728e     0x4035 ./gecko_sdk_4.0.1/platform/emlib/src/em_usart.o
 .debug_info    0x0001b2c3      0x2ad ./gecko_sdk_4.0.1/platform/service/device_init/src/sl_device_init_dcdc_s2.o
 .debug_info    0x0001b570      0x9ab ./gecko_sdk_4.0.1/platform/service/device_init/src/sl_device_init_emu_s2.o
 .debug_info    0x0001bf1b      0x830 ./gecko_sdk_4.0.1/platform/service/device_init/src/sl_device_init_hfxo_s2.o
 .debug_info    0x0001c74b      0x26d ./gecko_sdk_4.0.1/platform/service/device_init/src/sl_device_init_lfxo_s2.o
 .debug_info    0x0001c9b8      0x892 ./gecko_sdk_4.0.1/platform/service/device_init/src/sl_device_init_nvic.o
 .debug_info    0x0001d24a      0x565 ./gecko_sdk_4.0.1/platform/service/iostream/src/sl_iostream.o
 .debug_info    0x0001d7af      0x5bb ./gecko_sdk_4.0.1/platform/service/iostream/src/sl_iostream_retarget_stdio.o
 .debug_info    0x0001dd6a      0xa25 ./gecko_sdk_4.0.1/platform/service/iostream/src/sl_iostream_stdlib_config.o
 .debug_info    0x0001e78f     0x10ab ./gecko_sdk_4.0.1/platform/service/iostream/src/sl_iostream_uart.o
 .debug_info    0x0001f83a     0x291d ./gecko_sdk_4.0.1/platform/service/iostream/src/sl_iostream_usart.o
 .debug_info    0x00022157       0xbe ./gecko_sdk_4.0.1/platform/service/system/src/sl_system_init.o
 .debug_info    0x00022215      0x184 ./gecko_sdk_4.0.1/platform/service/udelay/src/sl_udelay.o
 .debug_info    0x00022399       0x26 ./gecko_sdk_4.0.1/platform/service/udelay/src/sl_udelay_armv6m_gcc.o

.debug_abbrev   0x00000000     0x4210
 .debug_abbrev  0x00000000       0x63 ./app.o
 .debug_abbrev  0x00000063      0x23e ./bh1750_driver.o
 .debug_abbrev  0x000002a1      0x18c ./main.o
 .debug_abbrev  0x0000042d       0x49 ./autogen/sl_board_default_init.o
 .debug_abbrev  0x00000476       0xc8 ./autogen/sl_device_init_clocks.o
 .debug_abbrev  0x0000053e      0x1cd ./autogen/sl_event_handler.o
 .debug_abbrev  0x0000070b      0x22e ./autogen/sl_iostream_init_usart_instances.o
 .debug_abbrev  0x00000939      0x285 ./gecko_sdk_4.0.1/app/common/util/app_log/app_log.o
 .debug_abbrev  0x00000bbe      0x170 ./gecko_sdk_4.0.1/hardware/board/src/sl_board_control_gpio.o
 .debug_abbrev  0x00000d2e       0xe9 ./gecko_sdk_4.0.1/hardware/board/src/sl_board_init.o
 .debug_abbrev  0x00000e17      0x148 ./gecko_sdk_4.0.1/platform/Device/SiliconLabs/BGM22/Source/GCC/startup_bgm22.o
 .debug_abbrev  0x00000f5f      0x274 ./gecko_sdk_4.0.1/platform/Device/SiliconLabs/BGM22/Source/system_bgm22.o
 .debug_abbrev  0x000011d3      0x121 ./gecko_sdk_4.0.1/platform/common/toolchain/src/sl_memory.o
 .debug_abbrev  0x000012f4      0x28c ./gecko_sdk_4.0.1/platform/driver/i2cspm/src/sl_i2cspm.o
 .debug_abbrev  0x00001580       0x6f ./gecko_sdk_4.0.1/platform/emlib/src/em_assert.o
 .debug_abbrev  0x000015ef      0x4d5 ./gecko_sdk_4.0.1/platform/emlib/src/em_cmu.o
 .debug_abbrev  0x00001ac4      0x316 ./gecko_sdk_4.0.1/platform/emlib/src/em_core.o
 .debug_abbrev  0x00001dda      0x4c6 ./gecko_sdk_4.0.1/platform/emlib/src/em_emu.o
 .debug_abbrev  0x000022a0      0x329 ./gecko_sdk_4.0.1/platform/emlib/src/em_gpio.o
 .debug_abbrev  0x000025c9      0x424 ./gecko_sdk_4.0.1/platform/emlib/src/em_i2c.o
 .debug_abbrev  0x000029ed      0x324 ./gecko_sdk_4.0.1/platform/emlib/src/em_usart.o
 .debug_abbrev  0x00002d11       0xe3 ./gecko_sdk_4.0.1/platform/service/device_init/src/sl_device_init_dcdc_s2.o
 .debug_abbrev  0x00002df4      0x13d ./gecko_sdk_4.0.1/platform/service/device_init/src/sl_device_init_emu_s2.o
 .debug_abbrev  0x00002f31      0x172 ./gecko_sdk_4.0.1/platform/service/device_init/src/sl_device_init_hfxo_s2.o
 .debug_abbrev  0x000030a3       0xf0 ./gecko_sdk_4.0.1/platform/service/device_init/src/sl_device_init_lfxo_s2.o
 .debug_abbrev  0x00003193      0x147 ./gecko_sdk_4.0.1/platform/service/device_init/src/sl_device_init_nvic.o
 .debug_abbrev  0x000032da      0x23a ./gecko_sdk_4.0.1/platform/service/iostream/src/sl_iostream.o
 .debug_abbrev  0x00003514      0x19b ./gecko_sdk_4.0.1/platform/service/iostream/src/sl_iostream_retarget_stdio.o
 .debug_abbrev  0x000036af      0x1cf ./gecko_sdk_4.0.1/platform/service/iostream/src/sl_iostream_stdlib_config.o
 .debug_abbrev  0x0000387e      0x4bf ./gecko_sdk_4.0.1/platform/service/iostream/src/sl_iostream_uart.o
 .debug_abbrev  0x00003d3d      0x369 ./gecko_sdk_4.0.1/platform/service/iostream/src/sl_iostream_usart.o
 .debug_abbrev  0x000040a6       0x62 ./gecko_sdk_4.0.1/platform/service/system/src/sl_system_init.o
 .debug_abbrev  0x00004108       0xf4 ./gecko_sdk_4.0.1/platform/service/udelay/src/sl_udelay.o
 .debug_abbrev  0x000041fc       0x14 ./gecko_sdk_4.0.1/platform/service/udelay/src/sl_udelay_armv6m_gcc.o

.debug_aranges  0x00000000      0xa68
 .debug_aranges
                0x00000000       0x20 ./app.o
 .debug_aranges
                0x00000020       0x38 ./bh1750_driver.o
 .debug_aranges
                0x00000058       0x20 ./main.o
 .debug_aranges
                0x00000078       0x20 ./autogen/sl_board_default_init.o
 .debug_aranges
                0x00000098       0x20 ./autogen/sl_device_init_clocks.o
 .debug_aranges
                0x000000b8       0x40 ./autogen/sl_event_handler.o
 .debug_aranges
                0x000000f8       0x30 ./autogen/sl_iostream_init_usart_instances.o
 .debug_aranges
                0x00000128       0x88 ./gecko_sdk_4.0.1/app/common/util/app_log/app_log.o
 .debug_aranges
                0x000001b0       0x58 ./gecko_sdk_4.0.1/hardware/board/src/sl_board_control_gpio.o
 .debug_aranges
                0x00000208       0x28 ./gecko_sdk_4.0.1/hardware/board/src/sl_board_init.o
 .debug_aranges
                0x00000230       0x28 ./gecko_sdk_4.0.1/platform/Device/SiliconLabs/BGM22/Source/GCC/startup_bgm22.o
 .debug_aranges
                0x00000258       0x88 ./gecko_sdk_4.0.1/platform/Device/SiliconLabs/BGM22/Source/system_bgm22.o
 .debug_aranges
                0x000002e0       0x30 ./gecko_sdk_4.0.1/platform/common/toolchain/src/sl_memory.o
 .debug_aranges
                0x00000310       0x28 ./gecko_sdk_4.0.1/platform/driver/i2cspm/src/sl_i2cspm.o
 .debug_aranges
                0x00000338       0x20 ./gecko_sdk_4.0.1/platform/emlib/src/em_assert.o
 .debug_aranges
                0x00000358      0x150 ./gecko_sdk_4.0.1/platform/emlib/src/em_cmu.o
 .debug_aranges
                0x000004a8       0xe8 ./gecko_sdk_4.0.1/platform/emlib/src/em_core.o
 .debug_aranges
                0x00000590       0xf8 ./gecko_sdk_4.0.1/platform/emlib/src/em_emu.o
 .debug_aranges
                0x00000688       0x68 ./gecko_sdk_4.0.1/platform/emlib/src/em_gpio.o
 .debug_aranges
                0x000006f0       0x50 ./gecko_sdk_4.0.1/platform/emlib/src/em_i2c.o
 .debug_aranges
                0x00000740       0xb8 ./gecko_sdk_4.0.1/platform/emlib/src/em_usart.o
 .debug_aranges
                0x000007f8       0x20 ./gecko_sdk_4.0.1/platform/service/device_init/src/sl_device_init_dcdc_s2.o
 .debug_aranges
                0x00000818       0x20 ./gecko_sdk_4.0.1/platform/service/device_init/src/sl_device_init_emu_s2.o
 .debug_aranges
                0x00000838       0x20 ./gecko_sdk_4.0.1/platform/service/device_init/src/sl_device_init_hfxo_s2.o
 .debug_aranges
                0x00000858       0x20 ./gecko_sdk_4.0.1/platform/service/device_init/src/sl_device_init_lfxo_s2.o
 .debug_aranges
                0x00000878       0x20 ./gecko_sdk_4.0.1/platform/service/device_init/src/sl_device_init_nvic.o
 .debug_aranges
                0x00000898       0x50 ./gecko_sdk_4.0.1/platform/service/iostream/src/sl_iostream.o
 .debug_aranges
                0x000008e8       0x60 ./gecko_sdk_4.0.1/platform/service/iostream/src/sl_iostream_retarget_stdio.o
 .debug_aranges
                0x00000948       0x20 ./gecko_sdk_4.0.1/platform/service/iostream/src/sl_iostream_stdlib_config.o
 .debug_aranges
                0x00000968       0x60 ./gecko_sdk_4.0.1/platform/service/iostream/src/sl_iostream_uart.o
 .debug_aranges
                0x000009c8       0x40 ./gecko_sdk_4.0.1/platform/service/iostream/src/sl_iostream_usart.o
 .debug_aranges
                0x00000a08       0x20 ./gecko_sdk_4.0.1/platform/service/system/src/sl_system_init.o
 .debug_aranges
                0x00000a28       0x20 ./gecko_sdk_4.0.1/platform/service/udelay/src/sl_udelay.o
 .debug_aranges
                0x00000a48       0x20 ./gecko_sdk_4.0.1/platform/service/udelay/src/sl_udelay_armv6m_gcc.o

.debug_ranges   0x00000000      0xeb0
 .debug_ranges  0x00000000       0x10 ./app.o
 .debug_ranges  0x00000010       0x28 ./bh1750_driver.o
 .debug_ranges  0x00000038       0x48 ./main.o
 .debug_ranges  0x00000080       0x10 ./autogen/sl_board_default_init.o
 .debug_ranges  0x00000090       0x10 ./autogen/sl_device_init_clocks.o
 .debug_ranges  0x000000a0       0x78 ./autogen/sl_event_handler.o
 .debug_ranges  0x00000118       0x20 ./autogen/sl_iostream_init_usart_instances.o
 .debug_ranges  0x00000138       0xa0 ./gecko_sdk_4.0.1/app/common/util/app_log/app_log.o
 .debug_ranges  0x000001d8       0x48 ./gecko_sdk_4.0.1/hardware/board/src/sl_board_control_gpio.o
 .debug_ranges  0x00000220       0x18 ./gecko_sdk_4.0.1/hardware/board/src/sl_board_init.o
 .debug_ranges  0x00000238       0x18 ./gecko_sdk_4.0.1/platform/Device/SiliconLabs/BGM22/Source/GCC/startup_bgm22.o
 .debug_ranges  0x00000250       0x78 ./gecko_sdk_4.0.1/platform/Device/SiliconLabs/BGM22/Source/system_bgm22.o
 .debug_ranges  0x000002c8       0x20 ./gecko_sdk_4.0.1/platform/common/toolchain/src/sl_memory.o
 .debug_ranges  0x000002e8       0x58 ./gecko_sdk_4.0.1/platform/driver/i2cspm/src/sl_i2cspm.o
 .debug_ranges  0x00000340       0x10 ./gecko_sdk_4.0.1/platform/emlib/src/em_assert.o
 .debug_ranges  0x00000350      0x200 ./gecko_sdk_4.0.1/platform/emlib/src/em_cmu.o
 .debug_ranges  0x00000550      0x188 ./gecko_sdk_4.0.1/platform/emlib/src/em_core.o
 .debug_ranges  0x000006d8      0x280 ./gecko_sdk_4.0.1/platform/emlib/src/em_emu.o
 .debug_ranges  0x00000958       0x70 ./gecko_sdk_4.0.1/platform/emlib/src/em_gpio.o
 .debug_ranges  0x000009c8      0x178 ./gecko_sdk_4.0.1/platform/emlib/src/em_i2c.o
 .debug_ranges  0x00000b40      0x108 ./gecko_sdk_4.0.1/platform/emlib/src/em_usart.o
 .debug_ranges  0x00000c48       0x10 ./gecko_sdk_4.0.1/platform/service/device_init/src/sl_device_init_dcdc_s2.o
 .debug_ranges  0x00000c58       0x10 ./gecko_sdk_4.0.1/platform/service/device_init/src/sl_device_init_emu_s2.o
 .debug_ranges  0x00000c68       0x10 ./gecko_sdk_4.0.1/platform/service/device_init/src/sl_device_init_hfxo_s2.o
 .debug_ranges  0x00000c78       0x10 ./gecko_sdk_4.0.1/platform/service/device_init/src/sl_device_init_lfxo_s2.o
 .debug_ranges  0x00000c88       0x58 ./gecko_sdk_4.0.1/platform/service/device_init/src/sl_device_init_nvic.o
 .debug_ranges  0x00000ce0       0x40 ./gecko_sdk_4.0.1/platform/service/iostream/src/sl_iostream.o
 .debug_ranges  0x00000d20       0x50 ./gecko_sdk_4.0.1/platform/service/iostream/src/sl_iostream_retarget_stdio.o
 .debug_ranges  0x00000d70       0x10 ./gecko_sdk_4.0.1/platform/service/iostream/src/sl_iostream_stdlib_config.o
 .debug_ranges  0x00000d80       0x98 ./gecko_sdk_4.0.1/platform/service/iostream/src/sl_iostream_uart.o
 .debug_ranges  0x00000e18       0x60 ./gecko_sdk_4.0.1/platform/service/iostream/src/sl_iostream_usart.o
 .debug_ranges  0x00000e78       0x10 ./gecko_sdk_4.0.1/platform/service/system/src/sl_system_init.o
 .debug_ranges  0x00000e88       0x28 ./gecko_sdk_4.0.1/platform/service/udelay/src/sl_udelay.o

.debug_macro    0x00000000    0x3f8e6
 .debug_macro   0x00000000      0x353 ./app.o
 .debug_macro   0x00000353      0xa8a ./app.o
 .debug_macro   0x00000ddd       0x10 ./app.o
 .debug_macro   0x00000ded       0x22 ./app.o
 .debug_macro   0x00000e0f       0x22 ./app.o
 .debug_macro   0x00000e31       0x56 ./app.o
 .debug_macro   0x00000e87       0x51 ./app.o
 .debug_macro   0x00000ed8      0x103 ./app.o
 .debug_macro   0x00000fdb       0x6a ./app.o
 .debug_macro   0x00001045      0x1df ./app.o
 .debug_macro   0x00001224       0x2e ./app.o
 .debug_macro   0x00001252      0x735 ./app.o
 .debug_macro   0x00001987       0x16 ./app.o
 .debug_macro   0x0000199d      0x16d ./app.o
 .debug_macro   0x00001b0a       0x58 ./app.o
 .debug_macro   0x00001b62       0x1d ./app.o
 .debug_macro   0x00001b7f      0x7d5 ./app.o
 .debug_macro   0x00002354       0x1c ./app.o
 .debug_macro   0x00002370       0x29 ./app.o
 .debug_macro   0x00002399       0xd9 ./app.o
 .debug_macro   0x00002472     0x1401 ./app.o
 .debug_macro   0x00003873       0x5e ./app.o
 .debug_macro   0x000038d1      0xe4f ./app.o
 .debug_macro   0x00004720     0x12bd ./app.o
 .debug_macro   0x000059dd      0x87c ./app.o
 .debug_macro   0x00006259      0x300 ./app.o
 .debug_macro   0x00006559       0x34 ./app.o
 .debug_macro   0x0000658d      0x304 ./app.o
 .debug_macro   0x00006891      0x456 ./app.o
 .debug_macro   0x00006ce7      0x4a1 ./app.o
 .debug_macro   0x00007188      0x156 ./app.o
 .debug_macro   0x000072de      0x764 ./app.o
 .debug_macro   0x00007a42      0x363 ./app.o
 .debug_macro   0x00007da5     0x14f4 ./app.o
 .debug_macro   0x00009299       0x10 ./app.o
 .debug_macro   0x000092a9      0x997 ./app.o
 .debug_macro   0x00009c40     0x2b9a ./app.o
 .debug_macro   0x0000c7da      0xcb2 ./app.o
 .debug_macro   0x0000d48c       0x4c ./app.o
 .debug_macro   0x0000d4d8     0x15b8 ./app.o