Archive member included to satisfy reference by file (symbol)

c:/siliconlabs/simplicitystudio/v5/developer/toolchains/gnu_arm/10.2_2020q4/bin/../lib/gcc/arm-none-eabi/10.2.1/thumb/v8-m.main+fp/hard\libgcc.a(_arm_addsubdf3.o)
                              ./main.o (__aeabi_ui2d)
c:/siliconlabs/simplicitystudio/v5/developer/toolchains/gnu_arm/10.2_2020q4/bin/../lib/gcc/arm-none-eabi/10.2.1/thumb/v8-m.main+fp/hard\libgcc.a(_arm_muldivdf3.o)
                              ./bh1750_driver.o (__aeabi_ddiv)
c:/siliconlabs/simplicitystudio/v5/developer/toolchains/gnu_arm/10.2_2020q4/bin/../lib/gcc/arm-none-eabi/10.2.1/thumb/v8-m.main+fp/hard\libgcc.a(_arm_fixdfsi.o)
                              ./main.o (__aeabi_d2iz)
c:/siliconlabs/simplicitystudio/v5/developer/toolchains/gnu_arm/10.2_2020q4/bin/../lib/gcc/arm-none-eabi/10.2.1/thumb/v8-m.main+fp/hard\libgcc.a(_arm_fixunsdfsi.o)
                              ./bh1750_driver.o (__aeabi_d2uiz)
c:/siliconlabs/simplicitystudio/v5/developer/toolchains/gnu_arm/10.2_2020q4/bin/../lib/gcc/arm-none-eabi/10.2.1/thumb/v8-m.main+fp/hard\libgcc.a(_aeabi_ldivmod.o)
                              ./gecko_sdk_4.0.1/platform/emlib/src/em_eusart.o (__aeabi_ldivmod)
c:/siliconlabs/simplicitystudio/v5/developer/toolchains/gnu_arm/10.2_2020q4/bin/../lib/gcc/arm-none-eabi/10.2.1/thumb/v8-m.main+fp/hard\libgcc.a(_aeabi_uldivmod.o)
                              ./gecko_sdk_4.0.1/platform/emlib/src/em_eusart.o (__aeabi_uldivmod)
c:/siliconlabs/simplicitystudio/v5/developer/toolchains/gnu_arm/10.2_2020q4/bin/../lib/gcc/arm-none-eabi/10.2.1/thumb/v8-m.main+fp/hard\libgcc.a(_udivmoddi4.o)
                              c:/siliconlabs/simplicitystudio/v5/developer/toolchains/gnu_arm/10.2_2020q4/bin/../lib/gcc/arm-none-eabi/10.2.1/thumb/v8-m.main+fp/hard\libgcc.a(_aeabi_ldivmod.o) (__udivmoddi4)
c:/siliconlabs/simplicitystudio/v5/developer/toolchains/gnu_arm/10.2_2020q4/bin/../lib/gcc/arm-none-eabi/10.2.1/thumb/v8-m.main+fp/hard\libgcc.a(_dvmd_tls.o)
                              c:/siliconlabs/simplicitystudio/v5/developer/toolchains/gnu_arm/10.2_2020q4/bin/../lib/gcc/arm-none-eabi/10.2.1/thumb/v8-m.main+fp/hard\libgcc.a(_aeabi_ldivmod.o) (__aeabi_ldiv0)
c:/siliconlabs/simplicitystudio/v5/developer/toolchains/gnu_arm/10.2_2020q4/bin/../lib/gcc/arm-none-eabi/10.2.1/../../../../arm-none-eabi/lib/thumb/v8-m.main+fp/hard\libc_nano.a(lib_a-exit.o)
                              c:/siliconlabs/simplicitystudio/v5/developer/toolchains/gnu_arm/10.2_2020q4/bin/../lib/gcc/arm-none-eabi/10.2.1/../../../../arm-none-eabi/lib/thumb/v8-m.main+fp/hard/crt0.o (exit)
c:/siliconlabs/simplicitystudio/v5/developer/toolchains/gnu_arm/10.2_2020q4/bin/../lib/gcc/arm-none-eabi/10.2.1/../../../../arm-none-eabi/lib/thumb/v8-m.main+fp/hard\libc_nano.a(lib_a-impure.o)
                              c:/siliconlabs/simplicitystudio/v5/developer/toolchains/gnu_arm/10.2_2020q4/bin/../lib/gcc/arm-none-eabi/10.2.1/../../../../arm-none-eabi/lib/thumb/v8-m.main+fp/hard\libc_nano.a(lib_a-exit.o) (_global_impure_ptr)
c:/siliconlabs/simplicitystudio/v5/developer/toolchains/gnu_arm/10.2_2020q4/bin/../lib/gcc/arm-none-eabi/10.2.1/../../../../arm-none-eabi/lib/thumb/v8-m.main+fp/hard\libc_nano.a(lib_a-init.o)
                              c:/siliconlabs/simplicitystudio/v5/developer/toolchains/gnu_arm/10.2_2020q4/bin/../lib/gcc/arm-none-eabi/10.2.1/../../../../arm-none-eabi/lib/thumb/v8-m.main+fp/hard/crt0.o (__libc_init_array)
c:/siliconlabs/simplicitystudio/v5/developer/toolchains/gnu_arm/10.2_2020q4/bin/../lib/gcc/arm-none-eabi/10.2.1/../../../../arm-none-eabi/lib/thumb/v8-m.main+fp/hard\libc_nano.a(lib_a-malloc.o)
                              ./lora.o (malloc)
c:/siliconlabs/simplicitystudio/v5/developer/toolchains/gnu_arm/10.2_2020q4/bin/../lib/gcc/arm-none-eabi/10.2.1/../../../../arm-none-eabi/lib/thumb/v8-m.main+fp/hard\libc_nano.a(lib_a-memcpy-stub.o)
                              ./gecko_sdk_4.0.1/util/third_party/segger/systemview/SEGGER/SEGGER_RTT.o (memcpy)
c:/siliconlabs/simplicitystudio/v5/developer/toolchains/gnu_arm/10.2_2020q4/bin/../lib/gcc/arm-none-eabi/10.2.1/../../../../arm-none-eabi/lib/thumb/v8-m.main+fp/hard\libc_nano.a(lib_a-memset.o)
                              c:/siliconlabs/simplicitystudio/v5/developer/toolchains/gnu_arm/10.2_2020q4/bin/../lib/gcc/arm-none-eabi/10.2.1/../../../../arm-none-eabi/lib/thumb/v8-m.main+fp/hard/crt0.o (memset)
c:/siliconlabs/simplicitystudio/v5/developer/toolchains/gnu_arm/10.2_2020q4/bin/../lib/gcc/arm-none-eabi/10.2.1/../../../../arm-none-eabi/lib/thumb/v8-m.main+fp/hard\libc_nano.a(lib_a-nano-freer.o)
                              c:/siliconlabs/simplicitystudio/v5/developer/toolchains/gnu_arm/10.2_2020q4/bin/../lib/gcc/arm-none-eabi/10.2.1/../../../../arm-none-eabi/lib/thumb/v8-m.main+fp/hard\libc_nano.a(lib_a-malloc.o) (_free_r)
[...]
Memory Configuration

Name             Origin             Length             Attributes
FLASH            0x00000000         0x0007e000         xr
RAM              0x20000000         0x00008000         xrw
*default*        0x00000000         0xffffffff

Linker script and memory map

LOAD c:/siliconlabs/simplicitystudio/v5/developer/toolchains/gnu_arm/10.2_2020q4/bin/../lib/gcc/arm-none-eabi/10.2.1/thumb/v8-m.main+fp/hard/crti.o
LOAD c:/siliconlabs/simplicitystudio/v5/developer/toolchains/gnu_arm/10.2_2020q4/bin/../lib/gcc/arm-none-eabi/10.2.1/thumb/v8-m.main+fp/hard/crtbegin.o
LOAD c:/siliconlabs/simplicitystudio/v5/developer/toolchains/gnu_arm/10.2_2020q4/bin/../lib/gcc/arm-none-eabi/10.2.1/../../../../arm-none-eabi/lib/thumb/v8-m.main+fp/hard/crt0.o
START GROUP
LOAD ./app.o
LOAD ./bh1750_driver.o
LOAD ./dht11_driver.o
LOAD ./lora.o
LOAD ./main.o
LOAD ./autogen/sl_board_default_init.o
LOAD ./autogen/sl_device_init_clocks.o
LOAD ./autogen/sl_event_handler.o
LOAD ./autogen/sl_i2cspm_init.o
LOAD ./autogen/sl_iostream_handles.o
LOAD ./autogen/sl_iostream_init_usart_instances.o
LOAD ./gecko_sdk_4.0.1/app/common/util/app_log/app_log.o
LOAD ./gecko_sdk_4.0.1/hardware/board/src/sl_board_control_gpio.o
LOAD ./gecko_sdk_4.0.1/hardware/board/src/sl_board_init.o
LOAD ./gecko_sdk_4.0.1/platform/Device/SiliconLabs/BGM22/Source/GCC/startup_bgm22.o
LOAD ./gecko_sdk_4.0.1/platform/Device/SiliconLabs/BGM22/Source/system_bgm22.o
LOAD ./gecko_sdk_4.0.1/platform/common/toolchain/src/sl_memory.o
LOAD ./gecko_sdk_4.0.1/platform/driver/i2cspm/src/sl_i2cspm.o
LOAD ./gecko_sdk_4.0.1/platform/emlib/src/em_assert.o
LOAD ./gecko_sdk_4.0.1/platform/emlib/src/em_cmu.o
LOAD ./gecko_sdk_4.0.1/platform/emlib/src/em_core.o
LOAD ./gecko_sdk_4.0.1/platform/emlib/src/em_emu.o
LOAD ./gecko_sdk_4.0.1/platform/emlib/src/em_eusart.o
LOAD ./gecko_sdk_4.0.1/platform/emlib/src/em_gpio.o
LOAD ./gecko_sdk_4.0.1/platform/emlib/src/em_i2c.o
LOAD ./gecko_sdk_4.0.1/platform/emlib/src/em_iadc.o
LOAD ./gecko_sdk_4.0.1/platform/emlib/src/em_system.o
LOAD ./gecko_sdk_4.0.1/platform/emlib/src/em_usart.o
LOAD ./gecko_sdk_4.0.1/platform/service/device_init/src/sl_device_init_dcdc_s2.o
LOAD ./gecko_sdk_4.0.1/platform/service/device_init/src/sl_device_init_emu_s2.o
LOAD ./gecko_sdk_4.0.1/platform/service/device_init/src/sl_device_init_hfxo_s2.o
LOAD ./gecko_sdk_4.0.1/platform/service/device_init/src/sl_device_init_lfxo_s2.o
LOAD ./gecko_sdk_4.0.1/platform/service/device_init/src/sl_device_init_nvic.o
LOAD ./gecko_sdk_4.0.1/platform/service/iostream/src/sl_iostream.o
LOAD ./gecko_sdk_4.0.1/platform/service/iostream/src/sl_iostream_retarget_stdio.o
LOAD ./gecko_sdk_4.0.1/platform/service/iostream/src/sl_iostream_rtt.o
LOAD ./gecko_sdk_4.0.1/platform/service/iostream/src/sl_iostream_stdlib_config.o
LOAD ./gecko_sdk_4.0.1/platform/service/iostream/src/sl_iostream_uart.o
LOAD ./gecko_sdk_4.0.1/platform/service/iostream/src/sl_iostream_usart.o
LOAD ./gecko_sdk_4.0.1/platform/service/system/src/sl_system_init.o
LOAD ./gecko_sdk_4.0.1/platform/service/system/src/sl_system_process_action.o
LOAD ./gecko_sdk_4.0.1/platform/service/udelay/src/sl_udelay.o
LOAD ./gecko_sdk_4.0.1/platform/service/udelay/src/sl_udelay_armv6m_gcc.o
LOAD ./gecko_sdk_4.0.1/util/third_party/segger/systemview/SEGGER/SEGGER_RTT.o
LOAD c:/siliconlabs/simplicitystudio/v5/developer/toolchains/gnu_arm/10.2_2020q4/bin/../lib/gcc/arm-none-eabi/10.2.1/thumb/v8-m.main+fp/hard\libgcc.a
LOAD c:/siliconlabs/simplicitystudio/v5/developer/toolchains/gnu_arm/10.2_2020q4/bin/../lib/gcc/arm-none-eabi/10.2.1/../../../../arm-none-eabi/lib/thumb/v8-m.main+fp/hard\libc_nano.a
LOAD c:/siliconlabs/simplicitystudio/v5/developer/toolchains/gnu_arm/10.2_2020q4/bin/../lib/gcc/arm-none-eabi/10.2.1/../../../../arm-none-eabi/lib/thumb/v8-m.main+fp/hard\libm.a
LOAD c:/siliconlabs/simplicitystudio/v5/developer/toolchains/gnu_arm/10.2_2020q4/bin/../lib/gcc/arm-none-eabi/10.2.1/../../../../arm-none-eabi/lib/thumb/v8-m.main+fp/hard\libnosys.a
END GROUP
START GROUP
LOAD c:/siliconlabs/simplicitystudio/v5/developer/toolchains/gnu_arm/10.2_2020q4/bin/../lib/gcc/arm-none-eabi/10.2.1/thumb/v8-m.main+fp/hard\libgcc.a
LOAD c:/siliconlabs/simplicitystudio/v5/developer/toolchains/gnu_arm/10.2_2020q4/bin/../lib/gcc/arm-none-eabi/10.2.1/../../../../arm-none-eabi/lib/thumb/v8-m.main+fp/hard\libc_nano.a
LOAD c:/siliconlabs/simplicitystudio/v5/developer/toolchains/gnu_arm/10.2_2020q4/bin/../lib/gcc/arm-none-eabi/10.2.1/../../../../arm-none-eabi/lib/thumb/v8-m.main+fp/hard\libnosys.a
END GROUP
START GROUP
LOAD c:/siliconlabs/simplicitystudio/v5/developer/toolchains/gnu_arm/10.2_2020q4/bin/../lib/gcc/arm-none-eabi/10.2.1/thumb/v8-m.main+fp/hard\libgcc.a
LOAD c:/siliconlabs/simplicitystudio/v5/developer/toolchains/gnu_arm/10.2_2020q4/bin/../lib/gcc/arm-none-eabi/10.2.1/../../../../arm-none-eabi/lib/thumb/v8-m.main+fp/hard\libg_nano.a
LOAD c:/siliconlabs/simplicitystudio/v5/developer/toolchains/gnu_arm/10.2_2020q4/bin/../lib/gcc/arm-none-eabi/10.2.1/../../../../arm-none-eabi/lib/thumb/v8-m.main+fp/hard\libc_nano.a
END GROUP
START GROUP
LOAD c:/siliconlabs/simplicitystudio/v5/developer/toolchains/gnu_arm/10.2_2020q4/bin/../lib/gcc/arm-none-eabi/10.2.1/thumb/v8-m.main+fp/hard\libgcc.a
LOAD c:/siliconlabs/simplicitystudio/v5/developer/toolchains/gnu_arm/10.2_2020q4/bin/../lib/gcc/arm-none-eabi/10.2.1/../../../../arm-none-eabi/lib/thumb/v8-m.main+fp/hard\libc_nano.a
END GROUP
LOAD c:/siliconlabs/simplicitystudio/v5/developer/toolchains/gnu_arm/10.2_2020q4/bin/../lib/gcc/arm-none-eabi/10.2.1/thumb/v8-m.main+fp/hard/crtend.o
LOAD c:/siliconlabs/simplicitystudio/v5/developer/toolchains/gnu_arm/10.2_2020q4/bin/../lib/gcc/arm-none-eabi/10.2.1/thumb/v8-m.main+fp/hard/crtn.o

.text           0x00000000     0x5cac
                0x00000000                linker_vectors_begin = .
 *(.vectors)
 .vectors       0x00000000      0x140 ./gecko_sdk_4.0.1/platform/Device/SiliconLabs/BGM22/Source/GCC/startup_bgm22.o
                0x00000000                __Vectors
                0x00000140                linker_vectors_end = .
                0x00000140                __Vectors_End = .
                0x00000140                __Vectors_Size = (__Vectors_End - __Vectors)
                0x00000140                linker_code_begin = .
 *(.text*)
 .text          0x00000140       0x40 c:/siliconlabs/simplicitystudio/v5/developer/toolchains/gnu_arm/10.2_2020q4/bin/../lib/gcc/arm-none-eabi/10.2.1/thumb/v8-m.main+fp/hard/crtbegin.o
 .text          0x00000180       0x7c c:/siliconlabs/simplicitystudio/v5/developer/toolchains/gnu_arm/10.2_2020q4/bin/../lib/gcc/arm-none-eabi/10.2.1/../../../../arm-none-eabi/lib/thumb/v8-m.main+fp/hard/crt0.o
                0x00000180                _stack_init
                0x00000188                _start
                0x00000188                _mainCRTStartup
 .text.app_init
                0x000001fc        0x2 ./app.o
                0x000001fc                app_init
 .text.app_process_action
                0x000001fe        0x2 ./app.o
                0x000001fe                app_process_action
 .text.BH1750_Set_Power_On
                0x00000200       0x2c ./bh1750_driver.o
                0x00000200                BH1750_Set_Power_On
 .text.BH1750_Set_Mode
                0x0000022c       0x30 ./bh1750_driver.o
                0x0000022c                BH1750_Set_Mode
 .text.BH1750_I2C_Transfer_Return
                0x0000025c       0x4c ./bh1750_driver.o
                0x0000025c                BH1750_I2C_Transfer_Return
 .text.GPIO_PinInGet.constprop.0
                0x000002a8       0x10 ./dht11_driver.o
 .text.DHT11_Start
                0x000002b8       0x68 ./dht11_driver.o
                0x000002b8                DHT11_Start
 .text.DHT11_Read
                0x00000320       0x50 ./dht11_driver.o
                0x00000320                DHT11_Read
 .text.DHT11_Read_Temp_Hum
                0x00000370       0x32 ./dht11_driver.o
                0x00000370                DHT11_Read_Temp_Hum
 *fill*         0x000003a2        0x2 
 .text.GPIO_PinOutSet.constprop.0
                0x000003a4       0x2c ./lora.o
 .text.GPIO_PinOutClear.constprop.0
                0x000003d0       0x2c ./lora.o
 .text.sosanh   0x000003fc       0x3e ./lora.o
                0x000003fc                sosanh
 *fill*         0x0000043a        0x2 
 .text.EUART0_RX_IRQHandler
                0x0000043c       0x6c ./lora.o
                0x0000043c                EUART0_RX_IRQHandler
 .text.create_node
                0x000004a8       0x26 ./lora.o
                0x000004a8                create_node
 .text.tachphantu
                0x000004ce       0x2c ./lora.o
                0x000004ce                tachphantu
 *fill*         0x000004fa        0x2 
 .text.converttong
                0x000004fc       0xa0 ./lora.o
                0x000004fc                converttong
 .text.deleteList
                0x0000059c       0x16 ./lora.o
                0x0000059c                deleteList
 *fill*         0x000005b2        0x2 
 .text.print_list
                0x000005b4       0x9c ./lora.o
                0x000005b4                print_list
 .text.UartTxLinkList
                0x00000650       0x48 ./lora.o
                0x00000650                UartTxLinkList
 .text.initGPIO
                0x00000698       0x64 ./lora.o
                0x00000698                initGPIO
 .text.initEUSART0
                0x000006fc       0x6c ./lora.o
                0x000006fc                initEUSART0
 .text.initIADC
                0x00000768      0x164 ./main.o
                0x00000768                initIADC
 .text.IADC_IRQHandler
                0x000008cc       0x44 ./main.o
                0x000008cc                IADC_IRQHandler
 .text.startup.main
                0x00000910      0x17c ./main.o
                0x00000910                main
 .text.sl_board_default_init
                0x00000a8c        0x2 ./autogen/sl_board_default_init.o
                0x00000a8c                sl_board_default_init
 .text.sl_device_init_clocks
                0x00000a8e       0x46 ./autogen/sl_device_init_clocks.o
                0x00000a8e                sl_device_init_clocks
 .text.sl_platform_init
                0x00000ad4       0x60 ./autogen/sl_event_handler.o
                0x00000ad4                sl_platform_init
 .text.sl_driver_init
                0x00000b34        0x4 ./autogen/sl_event_handler.o
                0x00000b34                sl_driver_init
 .text.sl_stack_init
                0x00000b38        0x2 ./autogen/sl_event_handler.o
                0x00000b38                sl_stack_init
 .text.sl_internal_app_init
                0x00000b3a        0x4 ./autogen/sl_event_handler.o
                0x00000b3a                sl_internal_app_init
 .text.sl_platform_process_action
                0x00000b3e        0x2 ./autogen/sl_event_handler.o
                0x00000b3e                sl_platform_process_action
 .text.sl_service_process_action
                0x00000b40        0x2 ./autogen/sl_event_handler.o
                0x00000b40                sl_service_process_action
 .text.sl_stack_process_action
                0x00000b42        0x2 ./autogen/sl_event_handler.o
                0x00000b42                sl_stack_process_action
 .text.sl_internal_app_process_action
                0x00000b44        0x2 ./autogen/sl_event_handler.o
                0x00000b44                sl_internal_app_process_action
 .text.sl_iostream_init_instances
                0x00000b46        0xe ./autogen/sl_event_handler.o
                0x00000b46                sl_iostream_init_instances
 .text.sl_service_init
                0x00000b54       0x12 ./autogen/sl_event_handler.o
                0x00000b54                sl_service_init
 *fill*         0x00000b66        0x2 
 .text.sl_i2cspm_init_instances
                0x00000b68       0x18 ./autogen/sl_i2cspm_init.o
                0x00000b68                sl_i2cspm_init_instances
 .text.sl_iostream_usart_init_vcom
                0x00000b80       0x64 ./autogen/sl_iostream_init_usart_instances.o
                0x00000b80                sl_iostream_usart_init_vcom
 .text.sl_iostream_usart_init_instances
                0x00000be4        0x4 ./autogen/sl_iostream_init_usart_instances.o
                0x00000be4                sl_iostream_usart_init_instances
 .text.USART1_RX_IRQHandler
                0x00000be8        0xc ./autogen/sl_iostream_init_usart_instances.o
                0x00000be8                USART1_RX_IRQHandler
 .text.USART1_TX_IRQHandler
                0x00000bf4        0x4 ./autogen/sl_iostream_init_usart_instances.o
                0x00000bf4                USART1_TX_IRQHandler
 .text._app_log_check_level
                0x00000bf8       0x40 ./gecko_sdk_4.0.1/app/common/util/app_log/app_log.o
                0x00000bf8                _app_log_check_level
 .text._app_log_time
                0x00000c38        0x2 ./gecko_sdk_4.0.1/app/common/util/app_log/app_log.o
                0x00000c38                _app_log_time
 .text._app_log_counter
                0x00000c3a        0x2 ./gecko_sdk_4.0.1/app/common/util/app_log/app_log.o
                0x00000c3a                _app_log_counter
 .text.app_log_init
                0x00000c3c       0x38 ./gecko_sdk_4.0.1/app/common/util/app_log/app_log.o
                0x00000c3c                app_log_init
 .text.sl_board_configure_vcom
                0x00000c74        0x4 ./gecko_sdk_4.0.1/hardware/board/src/sl_board_control_gpio.o
                0x00000c74                sl_board_configure_vcom
 .text.sl_board_init
                0x00000c78       0x12 ./gecko_sdk_4.0.1/hardware/board/src/sl_board_init.o
                0x00000c78                sl_board_init
 .text.sl_board_preinit
                0x00000c8a        0x8 ./gecko_sdk_4.0.1/hardware/board/src/sl_board_init.o
                0x00000c8a                sl_board_preinit
 .text.Default_Handler
                0x00000c92        0x2 ./gecko_sdk_4.0.1/platform/Device/SiliconLabs/BGM22/Source/GCC/startup_bgm22.o
                0x00000c92                ULFRCO_IRQHandler
                0x00000c92                SW2_IRQHandler
                0x00000c92                TIMER2_IRQHandler
                0x00000c92                DebugMon_Handler
                0x00000c92                PKE_IRQHandler
                0x00000c92                USART0_TX_IRQHandler
                0x00000c92                PRORTC_IRQHandler
                0x00000c92                I2C0_IRQHandler
                0x00000c92                LFXO_IRQHandler
                0x00000c92                CRYPTOACC_IRQHandler
                0x00000c92                HardFault_Handler
                0x00000c92                SMU_SECURE_IRQHandler
                0x00000c92                SysTick_Handler
                0x00000c92                EMUEFP_IRQHandler
                0x00000c92                PendSV_Handler
                0x00000c92                NMI_Handler
                0x00000c92                SYNTH_IRQHandler
                0x00000c92                HFXO0_IRQHandler
                0x00000c92                I2C1_IRQHandler
                0x00000c92                PDM_IRQHandler
                0x00000c92                WDOG0_IRQHandler
                0x00000c92                TIMER3_IRQHandler
                0x00000c92                SYSCFG_IRQHandler
                0x00000c92                EMUSE_IRQHandler
                0x00000c92                EMUDG_IRQHandler
                0x00000c92                SMU_PRIVILEGED_IRQHandler
                0x00000c92                MSC_IRQHandler
                0x00000c92                DPLL0_IRQHandler
                0x00000c92                UsageFault_Handler
                0x00000c92                M33CTI1_IRQHandler
                0x00000c92                TIMER4_IRQHandler
                0x00000c92                GPIO_EVEN_IRQHandler
                0x00000c92                LDMA_IRQHandler
                0x00000c92                SW0_IRQHandler
                0x00000c92                TIMER0_IRQHandler
                0x00000c92                LETIMER0_IRQHandler
                0x00000c92                TIMER1_IRQHandler
                0x00000c92                HFRCO0_IRQHandler
                0x00000c92                RFSENSE_IRQHandler
                0x00000c92                BUFC_IRQHandler
                0x00000c92                DCDC_IRQHandler
                0x00000c92                MODEM_IRQHandler
                0x00000c92                Default_Handler
                0x00000c92                RAC_SEQ_IRQHandler
                0x00000c92                FRC_PRI_IRQHandler
                0x00000c92                EMU_IRQHandler
                0x00000c92                SW3_IRQHandler
                0x00000c92                KERNEL0_IRQHandler
                0x00000c92                FRC_IRQHandler
                0x00000c92                KERNEL1_IRQHandler
                0x00000c92                AGC_IRQHandler
                0x00000c92                sl_app_properties
                0x00000c92                BURTC_IRQHandler
                0x00000c92                LFRCO_IRQHandler
                0x00000c92                USART0_RX_IRQHandler
                0x00000c92                MemManage_Handler
                0x00000c92                RDMAILBOX_IRQHandler
                0x00000c92                SVC_Handler
                0x00000c92                RTCC_IRQHandler
                0x00000c92                SW1_IRQHandler
                0x00000c92                CMU_IRQHandler
                0x00000c92                RAC_RSM_IRQHandler
                0x00000c92                EUART0_TX_IRQHandler
                0x00000c92                GPIO_ODD_IRQHandler
                0x00000c92                AES_IRQHandler
                0x00000c92                M33CTI0_IRQHandler
                0x00000c92                ICACHE0_IRQHandler
                0x00000c92                SMU_NS_PRIVILEGED_IRQHandler
                0x00000c92                PROTIMER_IRQHandler
                0x00000c92                BusFault_Handler
                0x00000c92                TRNG_IRQHandler
 .text.Reset_Handler
                0x00000c94       0x2c ./gecko_sdk_4.0.1/platform/Device/SiliconLabs/BGM22/Source/GCC/startup_bgm22.o
                0x00000c94                Reset_Handler
 .text.SystemInit
                0x00000cc0       0x1c ./gecko_sdk_4.0.1/platform/Device/SiliconLabs/BGM22/Source/system_bgm22.o
                0x00000cc0                SystemInit
 .text.SystemHFRCODPLLClockGet
                0x00000cdc        0xc ./gecko_sdk_4.0.1/platform/Device/SiliconLabs/BGM22/Source/system_bgm22.o
                0x00000cdc                SystemHFRCODPLLClockGet
 .text.SystemSYSCLKGet
                0x00000ce8       0x34 ./gecko_sdk_4.0.1/platform/Device/SiliconLabs/BGM22/Source/system_bgm22.o
                0x00000ce8                SystemSYSCLKGet
 .text.SystemHCLKGet
                0x00000d1c       0x24 ./gecko_sdk_4.0.1/platform/Device/SiliconLabs/BGM22/Source/system_bgm22.o
                0x00000d1c                SystemHCLKGet
 .text.SystemMaxCoreClockGet
                0x00000d40        0x8 ./gecko_sdk_4.0.1/platform/Device/SiliconLabs/BGM22/Source/system_bgm22.o
                0x00000d40                SystemMaxCoreClockGet
 .text.SystemHFXOClockGet
                0x00000d48        0xc ./gecko_sdk_4.0.1/platform/Device/SiliconLabs/BGM22/Source/system_bgm22.o
                0x00000d48                SystemHFXOClockGet
 .text.SystemHFXOClockSet
                0x00000d54       0x20 ./gecko_sdk_4.0.1/platform/Device/SiliconLabs/BGM22/Source/system_bgm22.o
                0x00000d54                SystemHFXOClockSet
 .text.SystemCLKIN0Get
                0x00000d74        0x4 ./gecko_sdk_4.0.1/platform/Device/SiliconLabs/BGM22/Source/system_bgm22.o
                0x00000d74                SystemCLKIN0Get
 .text.SystemFSRCOClockGet
                0x00000d78        0x8 ./gecko_sdk_4.0.1/platform/Device/SiliconLabs/BGM22/Source/system_bgm22.o
                0x00000d78                SystemFSRCOClockGet
 .text.SystemLFRCOClockGet
                0x00000d80        0x6 ./gecko_sdk_4.0.1/platform/Device/SiliconLabs/BGM22/Source/system_bgm22.o
                0x00000d80                SystemLFRCOClockGet
 .text.SystemULFRCOClockGet
                0x00000d86        0x6 ./gecko_sdk_4.0.1/platform/Device/SiliconLabs/BGM22/Source/system_bgm22.o
                0x00000d86                SystemULFRCOClockGet
 .text.SystemLFXOClockGet
                0x00000d8c        0xc ./gecko_sdk_4.0.1/platform/Device/SiliconLabs/BGM22/Source/system_bgm22.o
                0x00000d8c                SystemLFXOClockGet
 .text._sbrk    0x00000d98       0x20 ./gecko_sdk_4.0.1/platform/common/toolchain/src/sl_memory.o
                0x00000d98                _sbrk
 .text.I2CSPM_Init
                0x00000db8      0x180 ./gecko_sdk_4.0.1/platform/driver/i2cspm/src/sl_i2cspm.o
                0x00000db8                I2CSPM_Init
 .text.I2CSPM_Transfer
                0x00000f38       0x20 ./gecko_sdk_4.0.1/platform/driver/i2cspm/src/sl_i2cspm.o
                0x00000f38                I2CSPM_Transfer
 .text.assertEFM
                0x00000f58        0x2 ./gecko_sdk_4.0.1/platform/emlib/src/em_assert.o
                0x00000f58                assertEFM
 .text.EMU_VScaleGet
                0x00000f5a       0x16 ./gecko_sdk_4.0.1/platform/emlib/src/em_cmu.o
 .text.em01GrpaClkGet
                0x00000f70       0x54 ./gecko_sdk_4.0.1/platform/emlib/src/em_cmu.o
 .text.iadcClkGet
                0x00000fc4       0x54 ./gecko_sdk_4.0.1/platform/emlib/src/em_cmu.o
 .text.em01GrpbClkGet
                0x00001018       0x70 ./gecko_sdk_4.0.1/platform/emlib/src/em_cmu.o
 .text.em23GrpaClkGet
                0x00001088       0x54 ./gecko_sdk_4.0.1/platform/emlib/src/em_cmu.o
 .text.wdog0ClkGet
                0x000010dc       0x60 ./gecko_sdk_4.0.1/platform/emlib/src/em_cmu.o
 .text.rtccClkGet
                0x0000113c       0x54 ./gecko_sdk_4.0.1/platform/emlib/src/em_cmu.o
 .text.em4GrpaClkGet
                0x00001190       0x54 ./gecko_sdk_4.0.1/platform/emlib/src/em_cmu.o
 .text.euart0ClkGet
                0x000011e4       0x48 ./gecko_sdk_4.0.1/platform/emlib/src/em_cmu.o
 .text.CMU_ClockDivGet
                0x0000122c       0x84 ./gecko_sdk_4.0.1/platform/emlib/src/em_cmu.o
                0x0000122c                CMU_ClockDivGet
 .text.flashWaitStateControl
                0x000012b0       0x50 ./gecko_sdk_4.0.1/platform/emlib/src/em_cmu.o
 .text.waitStateMax
                0x00001300       0x10 ./gecko_sdk_4.0.1/platform/emlib/src/em_cmu.o
 .text.CMU_ClockEnable
                0x00001310       0x54 ./gecko_sdk_4.0.1/platform/emlib/src/em_cmu.o
                0x00001310                CMU_ClockEnable
 .text.CMU_ClockFreqGet
                0x00001364      0x198 ./gecko_sdk_4.0.1/platform/emlib/src/em_cmu.o
                0x00001364                CMU_ClockFreqGet
 .text.rhclkPrescOptimize
                0x000014fc       0x20 ./gecko_sdk_4.0.1/platform/emlib/src/em_cmu.o
 .text.CMU_ClockSelectGet
                0x0000151c      0x188 ./gecko_sdk_4.0.1/platform/emlib/src/em_cmu.o
                0x0000151c                CMU_ClockSelectGet
 .text.CMU_HFXOInit
                0x000016a4      0x1d8 ./gecko_sdk_4.0.1/platform/emlib/src/em_cmu.o
                0x000016a4                CMU_HFXOInit
 .text.CMU_HFXOCTuneDeltaGet
                0x0000187c        0xc ./gecko_sdk_4.0.1/platform/emlib/src/em_cmu.o
                0x0000187c                CMU_HFXOCTuneDeltaGet
 .text.CMU_LFXOInit
                0x00001888       0xc4 ./gecko_sdk_4.0.1/platform/emlib/src/em_cmu.o
                0x00001888                CMU_LFXOInit
 .text.CMU_LFXOPrecisionSet
                0x0000194c        0xc ./gecko_sdk_4.0.1/platform/emlib/src/em_cmu.o
                0x0000194c                CMU_LFXOPrecisionSet
 .text.CMU_UpdateWaitStates
                0x00001958        0xc ./gecko_sdk_4.0.1/platform/emlib/src/em_cmu.o
                0x00001958                CMU_UpdateWaitStates
 .text.CMU_ClockDivSet
                0x00001964      0x104 ./gecko_sdk_4.0.1/platform/emlib/src/em_cmu.o
                0x00001964                CMU_ClockDivSet
 .text.pclkDivMax
                0x00001a68        0xa ./gecko_sdk_4.0.1/platform/emlib/src/em_cmu.o
 *fill*         0x00001a72        0x2 
 .text.pclkDivOptimize
                0x00001a74       0x24 ./gecko_sdk_4.0.1/platform/emlib/src/em_cmu.o
 .text.CMU_ClockSelectSet
                0x00001a98      0x3c4 ./gecko_sdk_4.0.1/platform/emlib/src/em_cmu.o
                0x00001a98                CMU_ClockSelectSet
 .text.CORE_EnterCritical
                0x00001e5c        0x8 ./gecko_sdk_4.0.1/platform/emlib/src/em_core.o
                0x00001e5c                CORE_EnterCritical
 .text.CORE_ExitCritical
                0x00001e64        0x6 ./gecko_sdk_4.0.1/platform/emlib/src/em_core.o
                0x00001e64                CORE_ExitCritical
 .text.CORE_EnterAtomic
                0x00001e6a        0xc ./gecko_sdk_4.0.1/platform/emlib/src/em_core.o
                0x00001e6a                CORE_EnterAtomic
 .text.CORE_ExitAtomic
                0x00001e76        0x6 ./gecko_sdk_4.0.1/platform/emlib/src/em_core.o
                0x00001e76                CORE_ExitAtomic
 .text.EMU_EM4Init
                0x00001e7c       0x12 ./gecko_sdk_4.0.1/platform/emlib/src/em_emu.o
                0x00001e7c                EMU_EM4Init
 .text.EMU_EFPEM01VScale
                0x00001e8e        0x2 ./gecko_sdk_4.0.1/platform/emlib/src/em_emu.o
                0x00001e8e                EMU_EFPEM01VScale
 .text.EMU_VScaleEM01
                0x00001e90       0xb0 ./gecko_sdk_4.0.1/platform/emlib/src/em_emu.o
                0x00001e90                EMU_VScaleEM01
 .text.EMU_VScaleEM01ByClock
                0x00001f40       0x30 ./gecko_sdk_4.0.1/platform/emlib/src/em_emu.o
                0x00001f40                EMU_VScaleEM01ByClock
 .text.EMU_DCDCModeSet
                0x00001f70       0x74 ./gecko_sdk_4.0.1/platform/emlib/src/em_emu.o
                0x00001f70                EMU_DCDCModeSet
 .text.EMU_DCDCInit
                0x00001fe4       0x74 ./gecko_sdk_4.0.1/platform/emlib/src/em_emu.o
                0x00001fe4                EMU_DCDCInit
 .text.eusart_sync
                0x00002058        0x8 ./gecko_sdk_4.0.1/platform/emlib/src/em_eusart.o
 .text.EUSART_Disable
                0x00002060       0x3a ./gecko_sdk_4.0.1/platform/emlib/src/em_eusart.o
 *fill*         0x0000209a        0x2 
 .text.EUSART_Reset
                0x0000209c       0x34 ./gecko_sdk_4.0.1/platform/emlib/src/em_eusart.o
                0x0000209c                EUSART_Reset
 .text.EUSART_Enable
                0x000020d0       0x60 ./gecko_sdk_4.0.1/platform/emlib/src/em_eusart.o
                0x000020d0                EUSART_Enable
 .text.EUSART_Rx
                0x00002130        0xc ./gecko_sdk_4.0.1/platform/emlib/src/em_eusart.o
                0x00002130                EUSART_Rx
 .text.EUSART_Tx
                0x0000213c        0xa ./gecko_sdk_4.0.1/platform/emlib/src/em_eusart.o
                0x0000213c                EUSART_Tx
 *fill*         0x00002146        0x2 
 .text.EUSART_BaudrateSet
                0x00002148      0x120 ./gecko_sdk_4.0.1/platform/emlib/src/em_eusart.o
                0x00002148                EUSART_BaudrateSet
 .text.EUSART_AsyncInitCommon.constprop.0
                0x00002268      0x160 ./gecko_sdk_4.0.1/platform/emlib/src/em_eusart.o
 .text.EUSART_UartInitHf
                0x000023c8       0x50 ./gecko_sdk_4.0.1/platform/emlib/src/em_eusart.o
                0x000023c8                EUSART_UartInitHf
 .text.GPIO_PinOutSet
                0x00002418       0x54 ./gecko_sdk_4.0.1/platform/emlib/src/em_gpio.o
 .text.GPIO_PinOutClear
                0x0000246c       0x54 ./gecko_sdk_4.0.1/platform/emlib/src/em_gpio.o
 .text.BUS_RegMaskedWrite
                0x000024c0       0x22 ./gecko_sdk_4.0.1/platform/emlib/src/em_gpio.o
 *fill*         0x000024e2        0x2 
 .text.GPIO_PinModeSet
                0x000024e4       0xa0 ./gecko_sdk_4.0.1/platform/emlib/src/em_gpio.o
                0x000024e4                GPIO_PinModeSet
 .text.I2C_BusFreqSet
                0x00002584       0xe8 ./gecko_sdk_4.0.1/platform/emlib/src/em_i2c.o
                0x00002584                I2C_BusFreqSet
 .text.I2C_Enable
                0x0000266c       0x3c ./gecko_sdk_4.0.1/platform/emlib/src/em_i2c.o
                0x0000266c                I2C_Enable
 .text.I2C_Init
                0x000026a8       0x68 ./gecko_sdk_4.0.1/platform/emlib/src/em_i2c.o
                0x000026a8                I2C_Init
 .text.I2C_Transfer
                0x00002710      0x244 ./gecko_sdk_4.0.1/platform/emlib/src/em_i2c.o
                0x00002710                I2C_Transfer
 .text.I2C_TransferInit
                0x00002954       0xbc ./gecko_sdk_4.0.1/platform/emlib/src/em_i2c.o
                0x00002954                I2C_TransferInit
 .text.IADC_disable
                0x00002a10       0x10 ./gecko_sdk_4.0.1/platform/emlib/src/em_iadc.o
 .text.IADC_ConvertRawDataToResult
                0x00002a20       0x32 ./gecko_sdk_4.0.1/platform/emlib/src/em_iadc.o
 *fill*         0x00002a52        0x2 
 .text.IADC_initScan
                0x00002a54       0xe0 ./gecko_sdk_4.0.1/platform/emlib/src/em_iadc.o
                0x00002a54                IADC_initScan
 .text.IADC_calcTimebase
                0x00002b34       0x4c ./gecko_sdk_4.0.1/platform/emlib/src/em_iadc.o
                0x00002b34                IADC_calcTimebase
 .text.IADC_calcSrcClkPrescale
                0x00002b80       0x5c ./gecko_sdk_4.0.1/platform/emlib/src/em_iadc.o
                0x00002b80                IADC_calcSrcClkPrescale
 .text.IADC_calcAdcClkPrescale
                0x00002bdc       0x78 ./gecko_sdk_4.0.1/platform/emlib/src/em_iadc.o
                0x00002bdc                IADC_calcAdcClkPrescale
 .text.IADC_init
                0x00002c54      0x310 ./gecko_sdk_4.0.1/platform/emlib/src/em_iadc.o
                0x00002c54                IADC_init
 .text.IADC_pullScanFifoResult
                0x00002f64       0x14 ./gecko_sdk_4.0.1/platform/emlib/src/em_iadc.o
                0x00002f64                IADC_pullScanFifoResult
 .text.USART_BaudrateAsyncSet
                0x00002f78       0xe0 ./gecko_sdk_4.0.1/platform/emlib/src/em_usart.o
                0x00002f78                USART_BaudrateAsyncSet
 .text.USART_Enable
                0x00003058       0x44 ./gecko_sdk_4.0.1/platform/emlib/src/em_usart.o
                0x00003058                USART_Enable
 .text.USART_Reset
                0x0000309c       0x78 ./gecko_sdk_4.0.1/platform/emlib/src/em_usart.o
                0x0000309c                USART_Reset
 .text.USART_InitAsync
                0x00003114      0x124 ./gecko_sdk_4.0.1/platform/emlib/src/em_usart.o
                0x00003114                USART_InitAsync
 .text.USART_Rx
                0x00003238        0xc ./gecko_sdk_4.0.1/platform/emlib/src/em_usart.o
                0x00003238                USART_Rx
 .text.USART_Tx
                0x00003244        0xa ./gecko_sdk_4.0.1/platform/emlib/src/em_usart.o
                0x00003244                USART_Tx
 *fill*         0x0000324e        0x2 
 .text.sl_device_init_dcdc
                0x00003250       0x20 ./gecko_sdk_4.0.1/platform/service/device_init/src/sl_device_init_dcdc_s2.o
                0x00003250                sl_device_init_dcdc
 .text.sl_device_init_emu
                0x00003270       0x22 ./gecko_sdk_4.0.1/platform/service/device_init/src/sl_device_init_emu_s2.o
                0x00003270                sl_device_init_emu
 *fill*         0x00003292        0x2 
 .text.sl_device_init_hfxo
                0x00003294       0x7c ./gecko_sdk_4.0.1/platform/service/device_init/src/sl_device_init_hfxo_s2.o
                0x00003294                sl_device_init_hfxo
 .text.sl_device_init_lfxo
                0x00003310       0x34 ./gecko_sdk_4.0.1/platform/service/device_init/src/sl_device_init_lfxo_s2.o
                0x00003310                sl_device_init_lfxo
 .text.sl_device_init_nvic
                0x00003344       0x3c ./gecko_sdk_4.0.1/platform/service/device_init/src/sl_device_init_nvic.o
                0x00003344                sl_device_init_nvic
 .text.sl_iostream_set_default
                0x00003380       0x18 ./gecko_sdk_4.0.1/platform/service/iostream/src/sl_iostream.o
                0x00003380                sl_iostream_set_default
 .text.sl_iostream_get_default
                0x00003398       0x18 ./gecko_sdk_4.0.1/platform/service/iostream/src/sl_iostream.o
                0x00003398                sl_iostream_get_default
 .text.sl_iostream_write
                0x000033b0       0x28 ./gecko_sdk_4.0.1/platform/service/iostream/src/sl_iostream.o
                0x000033b0                sl_iostream_write
 .text.sl_iostream_read
                0x000033d8       0x32 ./gecko_sdk_4.0.1/platform/service/iostream/src/sl_iostream.o
                0x000033d8                sl_iostream_read
 .text.sl_iostream_printf
                0x0000340a       0x50 ./gecko_sdk_4.0.1/platform/service/iostream/src/sl_iostream.o
                0x0000340a                sl_iostream_printf
 .text._close   0x0000345a        0x4 ./gecko_sdk_4.0.1/platform/service/iostream/src/sl_iostream_retarget_stdio.o
                0x0000345a                _close
 .text._exit    0x0000345e        0x2 ./gecko_sdk_4.0.1/platform/service/iostream/src/sl_iostream_retarget_stdio.o
                0x0000345e                _exit
 .text._fstat   0x00003460        0xa ./gecko_sdk_4.0.1/platform/service/iostream/src/sl_iostream_retarget_stdio.o
                0x00003460                _fstat
 .text._isatty  0x0000346a        0x4 ./gecko_sdk_4.0.1/platform/service/iostream/src/sl_iostream_retarget_stdio.o
                0x0000346a                _isatty
 .text._lseek   0x0000346e        0x4 ./gecko_sdk_4.0.1/platform/service/iostream/src/sl_iostream_retarget_stdio.o
                0x0000346e                _lseek
 .text._read    0x00003472       0x1c ./gecko_sdk_4.0.1/platform/service/iostream/src/sl_iostream_retarget_stdio.o
                0x00003472                _read
 *fill*         0x0000348e        0x2 
 .text._write   0x00003490       0x1c ./gecko_sdk_4.0.1/platform/service/iostream/src/sl_iostream_retarget_stdio.o
                0x00003490                _write
 .text.rtt_read
                0x000034ac       0x16 ./gecko_sdk_4.0.1/platform/service/iostream/src/sl_iostream_rtt.o
 .text.rtt_write
                0x000034c2        0xc ./gecko_sdk_4.0.1/platform/service/iostream/src/sl_iostream_rtt.o
 *fill*         0x000034ce        0x2 
 .text.sl_iostream_rtt_init
                0x000034d0       0x34 ./gecko_sdk_4.0.1/platform/service/iostream/src/sl_iostream_rtt.o
                0x000034d0                sl_iostream_rtt_init
 .text.sl_iostream_stdlib_disable_buffering
                0x00003504       0x14 ./gecko_sdk_4.0.1/platform/service/iostream/src/sl_iostream_stdlib_config.o
                0x00003504                sl_iostream_stdlib_disable_buffering
 .text.set_auto_cr_lf
                0x00003518        0x6 ./gecko_sdk_4.0.1/platform/service/iostream/src/sl_iostream_uart.o
 .text.get_auto_cr_lf
                0x0000351e        0x6 ./gecko_sdk_4.0.1/platform/service/iostream/src/sl_iostream_uart.o
 .text.uart_deinit
                0x00003524       0x56 ./gecko_sdk_4.0.1/platform/service/iostream/src/sl_iostream_uart.o
 .text.nolock_uart_write.isra.0
                0x0000357a       0x4e ./gecko_sdk_4.0.1/platform/service/iostream/src/sl_iostream_uart.o
 .text.uart_read
                0x000035c8       0x84 ./gecko_sdk_4.0.1/platform/service/iostream/src/sl_iostream_uart.o
 .text.uart_write
                0x0000364c        0xa ./gecko_sdk_4.0.1/platform/service/iostream/src/sl_iostream_uart.o
 *fill*         0x00003656        0x2 
 .text.sli_iostream_uart_context_init
                0x00003658       0xac ./gecko_sdk_4.0.1/platform/service/iostream/src/sl_iostream_uart.o
                0x00003658                sli_iostream_uart_context_init
 .text.sli_uart_is_rx_space_avail
                0x00003704       0x20 ./gecko_sdk_4.0.1/platform/service/iostream/src/sl_iostream_uart.o
                0x00003704                sli_uart_is_rx_space_avail
 .text.sli_uart_push_rxd_data
                0x00003724       0x8c ./gecko_sdk_4.0.1/platform/service/iostream/src/sl_iostream_uart.o
                0x00003724                sli_uart_push_rxd_data
 .text.usart_enable_rx
                0x000037b0        0xc ./gecko_sdk_4.0.1/platform/service/iostream/src/sl_iostream_usart.o
 .text.usart_deinit
                0x000037bc       0x70 ./gecko_sdk_4.0.1/platform/service/iostream/src/sl_iostream_usart.o
 .text.usart_tx
                0x0000382c        0xc ./gecko_sdk_4.0.1/platform/service/iostream/src/sl_iostream_usart.o
 .text.sl_iostream_usart_init
                0x00003838      0x178 ./gecko_sdk_4.0.1/platform/service/iostream/src/sl_iostream_usart.o
                0x00003838                sl_iostream_usart_init
 .text.sl_iostream_usart_irq_handler
                0x000039b0       0x30 ./gecko_sdk_4.0.1/platform/service/iostream/src/sl_iostream_usart.o
                0x000039b0                sl_iostream_usart_irq_handler
 .text.sl_system_init
                0x000039e0       0x1a ./gecko_sdk_4.0.1/platform/service/system/src/sl_system_init.o
                0x000039e0                sl_system_init
 .text.sl_system_process_action
                0x000039fa       0x16 ./gecko_sdk_4.0.1/platform/service/system/src/sl_system_process_action.o
                0x000039fa                sl_system_process_action
 .text.sl_udelay_wait
                0x00003a10       0x58 ./gecko_sdk_4.0.1/platform/service/udelay/src/sl_udelay.o
                0x00003a10                sl_udelay_wait
 *fill*         0x00003a68        0x8 
 .text          0x00003a70        0x8 ./gecko_sdk_4.0.1/platform/service/udelay/src/sl_udelay_armv6m_gcc.o
                0x00003a70                sli_delay_loop
 .text._GetAvailWriteSpace
                0x00003a78       0x12 ./gecko_sdk_4.0.1/util/third_party/segger/systemview/SEGGER/SEGGER_RTT.o
 .text._WriteNoCheck
                0x00003a8a       0x38 ./gecko_sdk_4.0.1/util/third_party/segger/systemview/SEGGER/SEGGER_RTT.o
 .text._WriteBlocking
                0x00003ac2       0x52 ./gecko_sdk_4.0.1/util/third_party/segger/systemview/SEGGER/SEGGER_RTT.o
 .text._DoInit  0x00003b14       0x58 ./gecko_sdk_4.0.1/util/third_party/segger/systemview/SEGGER/SEGGER_RTT.o
 .text.SEGGER_RTT_ReadNoLock
                0x00003b6c       0x88 ./gecko_sdk_4.0.1/util/third_party/segger/systemview/SEGGER/SEGGER_RTT.o
                0x00003b6c                SEGGER_RTT_ReadNoLock
 .text.SEGGER_RTT_Read
                0x00003bf4       0x1c ./gecko_sdk_4.0.1/util/third_party/segger/systemview/SEGGER/SEGGER_RTT.o
                0x00003bf4                SEGGER_RTT_Read
 .text.SEGGER_RTT_WriteNoLock
                0x00003c10       0x60 ./gecko_sdk_4.0.1/util/third_party/segger/systemview/SEGGER/SEGGER_RTT.o
                0x00003c10                SEGGER_RTT_WriteNoLock
 .text.SEGGER_RTT_Write
                0x00003c70       0x34 ./gecko_sdk_4.0.1/util/third_party/segger/systemview/SEGGER/SEGGER_RTT.o
                0x00003c70                SEGGER_RTT_Write
 .text.SEGGER_RTT_ConfigUpBuffer
                0x00003ca4       0x60 ./gecko_sdk_4.0.1/util/third_party/segger/systemview/SEGGER/SEGGER_RTT.o
                0x00003ca4                SEGGER_RTT_ConfigUpBuffer
 .text.SEGGER_RTT_ConfigDownBuffer
                0x00003d04       0x5c ./gecko_sdk_4.0.1/util/third_party/segger/systemview/SEGGER/SEGGER_RTT.o
                0x00003d04                SEGGER_RTT_ConfigDownBuffer
 .text.SEGGER_RTT_Init
                0x00003d60        0x4 ./gecko_sdk_4.0.1/util/third_party/segger/systemview/SEGGER/SEGGER_RTT.o
                0x00003d60                SEGGER_RTT_Init
 .text          0x00003d64      0x378 c:/siliconlabs/simplicitystudio/v5/developer/toolchains/gnu_arm/10.2_2020q4/bin/../lib/gcc/arm-none-eabi/10.2.1/thumb/v8-m.main+fp/hard\libgcc.a(_arm_addsubdf3.o)
                0x00003d64                __aeabi_drsub
                0x00003d6c                __aeabi_dsub
                0x00003d6c                __subdf3
                0x00003d70                __aeabi_dadd
                0x00003d70                __adddf3
                0x00003fe8                __floatunsidf
                0x00003fe8                __aeabi_ui2d
                0x00004008                __floatsidf
                0x00004008                __aeabi_i2d
                0x0000402c                __aeabi_f2d
                0x0000402c                __extendsfdf2
                0x00004070                __floatundidf
                0x00004070                __aeabi_ul2d
                0x00004080                __floatdidf
                0x00004080                __aeabi_l2d
 .text          0x000040dc      0x424 c:/siliconlabs/simplicitystudio/v5/developer/toolchains/gnu_arm/10.2_2020q4/bin/../lib/gcc/arm-none-eabi/10.2.1/thumb/v8-m.main+fp/hard\libgcc.a(_arm_muldivdf3.o)
                0x000040dc                __aeabi_dmul
                0x000040dc                __muldf3
                0x00004330                __divdf3
                0x00004330                __aeabi_ddiv
 .text          0x00004500       0x50 c:/siliconlabs/simplicitystudio/v5/developer/toolchains/gnu_arm/10.2_2020q4/bin/../lib/gcc/arm-none-eabi/10.2.1/thumb/v8-m.main+fp/hard\libgcc.a(_arm_fixdfsi.o)
                0x00004500                __aeabi_d2iz
                0x00004500                __fixdfsi
 .text          0x00004550       0x40 c:/siliconlabs/simplicitystudio/v5/developer/toolchains/gnu_arm/10.2_2020q4/bin/../lib/gcc/arm-none-eabi/10.2.1/thumb/v8-m.main+fp/hard\libgcc.a(_arm_fixunsdfsi.o)
                0x00004550                __aeabi_d2uiz
                0x00004550                __fixunsdfsi
 .text.exit     0x00004590       0x28 c:/siliconlabs/simplicitystudio/v5/developer/toolchains/gnu_arm/10.2_2020q4/bin/../lib/gcc/arm-none-eabi/10.2.1/../../../../arm-none-eabi/lib/thumb/v8-m.main+fp/hard\libc_nano.a(lib_a-exit.o)
                0x00004590                exit
 .text.__libc_init_array
                0x000045b8       0x48 c:/siliconlabs/simplicitystudio/v5/developer/toolchains/gnu_arm/10.2_2020q4/bin/../lib/gcc/arm-none-eabi/10.2.1/../../../../arm-none-eabi/lib/thumb/v8-m.main+fp/hard\libc_nano.a(lib_a-init.o)
                0x000045b8                __libc_init_array
 .text.malloc   0x00004600       0x10 c:/siliconlabs/simplicitystudio/v5/developer/toolchains/gnu_arm/10.2_2020q4/bin/../lib/gcc/arm-none-eabi/10.2.1/../../../../arm-none-eabi/lib/thumb/v8-m.main+fp/hard\libc_nano.a(lib_a-malloc.o)
                0x00004600                malloc
 .text.free     0x00004610       0x10 c:/siliconlabs/simplicitystudio/v5/developer/toolchains/gnu_arm/10.2_2020q4/bin/../lib/gcc/arm-none-eabi/10.2.1/../../../../arm-none-eabi/lib/thumb/v8-m.main+fp/hard\libc_nano.a(lib_a-malloc.o)
                0x00004610                free
 .text.memcpy   0x00004620       0x1a c:/siliconlabs/simplicitystudio/v5/developer/toolchains/gnu_arm/10.2_2020q4/bin/../lib/gcc/arm-none-eabi/10.2.1/../../../../arm-none-eabi/lib/thumb/v8-m.main+fp/hard\libc_nano.a(lib_a-memcpy-stub.o)
                0x00004620                memcpy
 .text.memset   0x0000463a       0x10 c:/siliconlabs/simplicitystudio/v5/developer/toolchains/gnu_arm/10.2_2020q4/bin/../lib/gcc/arm-none-eabi/10.2.1/../../../../arm-none-eabi/lib/thumb/v8-m.main+fp/hard\libc_nano.a(lib_a-memset.o)
                0x0000463a                memset
 *fill*         0x0000464a        0x2 
 .text._free_r  0x0000464c       0x98 c:/siliconlabs/simplicitystudio/v5/developer/toolchains/gnu_arm/10.2_2020q4/bin/../lib/gcc/arm-none-eabi/10.2.1/../../../../arm-none-eabi/lib/thumb/v8-m.main+fp/hard\libc_nano.a(lib_a-nano-freer.o)
                0x0000464c                _free_r
 .text._malloc_r
                0x000046e4       0xb4 c:/siliconlabs/simplicitystudio/v5/developer/toolchains/gnu_arm/10.2_2020q4/bin/../lib/gcc/arm-none-eabi/10.2.1/../../../../arm-none-eabi/lib/thumb/v8-m.main+fp/hard\libc_nano.a(lib_a-nano-mallocr.o)
                0x000046e4                _malloc_r
 .text._sbrk_r  0x00004798       0x20 c:/siliconlabs/simplicitystudio/v5/developer/toolchains/gnu_arm/10.2_2020q4/bin/../lib/gcc/arm-none-eabi/10.2.1/../../../../arm-none-eabi/lib/thumb/v8-m.main+fp/hard\libc_nano.a(lib_a-sbrkr.o)
                0x00004798                _sbrk_r
 .text.setvbuf  0x000047b8      0x188 c:/siliconlabs/simplicitystudio/v5/developer/toolchains/gnu_arm/10.2_2020q4/bin/../lib/gcc/arm-none-eabi/10.2.1/../../../../arm-none-eabi/lib/thumb/v8-m.main+fp/hard\libc_nano.a(lib_a-setvbuf.o)
                0x000047b8                setvbuf
 .text.strcpy   0x00004940       0x10 c:/siliconlabs/simplicitystudio/v5/developer/toolchains/gnu_arm/10.2_2020q4/bin/../lib/gcc/arm-none-eabi/10.2.1/../../../../arm-none-eabi/lib/thumb/v8-m.main+fp/hard\libc_nano.a(lib_a-strcpy.o)
                0x00004940                strcpy
 .text.vprintf  0x00004950       0x30 c:/siliconlabs/simplicitystudio/v5/developer/toolchains/gnu_arm/10.2_2020q4/bin/../lib/gcc/arm-none-eabi/10.2.1/../../../../arm-none-eabi/lib/thumb/v8-m.main+fp/hard\libc_nano.a(lib_a-vprintf.o)
                0x00004950                viprintf
                0x00004950                vprintf
 .text.__sflush_r
                0x00004980      0x108 c:/siliconlabs/simplicitystudio/v5/developer/toolchains/gnu_arm/10.2_2020q4/bin/../lib/gcc/arm-none-eabi/10.2.1/../../../../arm-none-eabi/lib/thumb/v8-m.main+fp/hard\libc_nano.a(lib_a-fflush.o)
                0x00004980                __sflush_r
 .text._fflush_r
                0x00004a88       0x78 c:/siliconlabs/simplicitystudio/v5/developer/toolchains/gnu_arm/10.2_2020q4/bin/../lib/gcc/arm-none-eabi/10.2.1/../../../../arm-none-eabi/lib/thumb/v8-m.main+fp/hard\libc_nano.a(lib_a-fflush.o)
                0x00004a88                _fflush_r
 .text.std      0x00004b00       0x48 c:/siliconlabs/simplicitystudio/v5/developer/toolchains/gnu_arm/10.2_2020q4/bin/../lib/gcc/arm-none-eabi/10.2.1/../../../../arm-none-eabi/lib/thumb/v8-m.main+fp/hard\libc_nano.a(lib_a-findfp.o)
 .text._cleanup_r
                0x00004b48        0xc c:/siliconlabs/simplicitystudio/v5/developer/toolchains/gnu_arm/10.2_2020q4/bin/../lib/gcc/arm-none-eabi/10.2.1/../../../../arm-none-eabi/lib/thumb/v8-m.main+fp/hard\libc_nano.a(lib_a-findfp.o)
                0x00004b48                _cleanup_r
 .text.__sfmoreglue
                0x00004b54       0x2c c:/siliconlabs/simplicitystudio/v5/developer/toolchains/gnu_arm/10.2_2020q4/bin/../lib/gcc/arm-none-eabi/10.2.1/../../../../arm-none-eabi/lib/thumb/v8-m.main+fp/hard\libc_nano.a(lib_a-findfp.o)
                0x00004b54                __sfmoreglue
 .text.__sfp_lock_acquire
                0x00004b80        0xc c:/siliconlabs/simplicitystudio/v5/developer/toolchains/gnu_arm/10.2_2020q4/bin/../lib/gcc/arm-none-eabi/10.2.1/../../../../arm-none-eabi/lib/thumb/v8-m.main+fp/hard\libc_nano.a(lib_a-findfp.o)
                0x00004b80                __sfp_lock_acquire
 .text.__sfp_lock_release
                0x00004b8c        0xc c:/siliconlabs/simplicitystudio/v5/developer/toolchains/gnu_arm/10.2_2020q4/bin/../lib/gcc/arm-none-eabi/10.2.1/../../../../arm-none-eabi/lib/thumb/v8-m.main+fp/hard\libc_nano.a(lib_a-findfp.o)
                0x00004b8c                __sfp_lock_release
 .text.__sinit_lock_acquire
                0x00004b98        0xc c:/siliconlabs/simplicitystudio/v5/developer/toolchains/gnu_arm/10.2_2020q4/bin/../lib/gcc/arm-none-eabi/10.2.1/../../../../arm-none-eabi/lib/thumb/v8-m.main+fp/hard\libc_nano.a(lib_a-findfp.o)
                0x00004b98                __sinit_lock_acquire
 .text.__sinit_lock_release
                0x00004ba4        0xc c:/siliconlabs/simplicitystudio/v5/developer/toolchains/gnu_arm/10.2_2020q4/bin/../lib/gcc/arm-none-eabi/10.2.1/../../../../arm-none-eabi/lib/thumb/v8-m.main+fp/hard\libc_nano.a(lib_a-findfp.o)
                0x00004ba4                __sinit_lock_release
 .text.__sinit  0x00004bb0       0x70 c:/siliconlabs/simplicitystudio/v5/developer/toolchains/gnu_arm/10.2_2020q4/bin/../lib/gcc/arm-none-eabi/10.2.1/../../../../arm-none-eabi/lib/thumb/v8-m.main+fp/hard\libc_nano.a(lib_a-findfp.o)
                0x00004bb0                __sinit
 .text.__sfp    0x00004c20       0x8c c:/siliconlabs/simplicitystudio/v5/developer/toolchains/gnu_arm/10.2_2020q4/bin/../lib/gcc/arm-none-eabi/10.2.1/../../../../arm-none-eabi/lib/thumb/v8-m.main+fp/hard\libc_nano.a(lib_a-findfp.o)
                0x00004c20                __sfp
 .text._fwalk_reent
                0x00004cac       0x3e c:/siliconlabs/simplicitystudio/v5/developer/toolchains/gnu_arm/10.2_2020q4/bin/../lib/gcc/arm-none-eabi/10.2.1/../../../../arm-none-eabi/lib/thumb/v8-m.main+fp/hard\libc_nano.a(lib_a-fwalk.o)
                0x00004cac                _fwalk_reent
 .text.__retarget_lock_init_recursive
                0x00004cea        0x2 c:/siliconlabs/simplicitystudio/v5/developer/toolchains/gnu_arm/10.2_2020q4/bin/../lib/gcc/arm-none-eabi/10.2.1/../../../../arm-none-eabi/lib/thumb/v8-m.main+fp/hard\libc_nano.a(lib_a-lock.o)
                0x00004cea                __retarget_lock_init_recursive
 .text.__retarget_lock_acquire_recursive
                0x00004cec        0x2 c:/siliconlabs/simplicitystudio/v5/developer/toolchains/gnu_arm/10.2_2020q4/bin/../lib/gcc/arm-none-eabi/10.2.1/../../../../arm-none-eabi/lib/thumb/v8-m.main+fp/hard\libc_nano.a(lib_a-lock.o)
                0x00004cec                __retarget_lock_acquire_recursive
 .text.__retarget_lock_release_recursive
                0x00004cee        0x2 c:/siliconlabs/simplicitystudio/v5/developer/toolchains/gnu_arm/10.2_2020q4/bin/../lib/gcc/arm-none-eabi/10.2.1/../../../../arm-none-eabi/lib/thumb/v8-m.main+fp/hard\libc_nano.a(lib_a-lock.o)
                0x00004cee                __retarget_lock_release_recursive
 .text.__swhatbuf_r
                0x00004cf0       0x4a c:/siliconlabs/simplicitystudio/v5/developer/toolchains/gnu_arm/10.2_2020q4/bin/../lib/gcc/arm-none-eabi/10.2.1/../../../../arm-none-eabi/lib/thumb/v8-m.main+fp/hard\libc_nano.a(lib_a-makebuf.o)
                0x00004cf0                __swhatbuf_r
 *fill*         0x00004d3a        0x2 
 .text.__smakebuf_r
                0x00004d3c       0x80 c:/siliconlabs/simplicitystudio/v5/developer/toolchains/gnu_arm/10.2_2020q4/bin/../lib/gcc/arm-none-eabi/10.2.1/../../../../arm-none-eabi/lib/thumb/v8-m.main+fp/hard\libc_nano.a(lib_a-makebuf.o)
                0x00004d3c                __smakebuf_r
 .text.__malloc_lock
                0x00004dbc        0xc c:/siliconlabs/simplicitystudio/v5/developer/toolchains/gnu_arm/10.2_2020q4/bin/../lib/gcc/arm-none-eabi/10.2.1/../../../../arm-none-eabi/lib/thumb/v8-m.main+fp/hard\libc_nano.a(lib_a-mlock.o)
                0x00004dbc                __malloc_lock
 .text.__malloc_unlock
                0x00004dc8        0xc c:/siliconlabs/simplicitystudio/v5/developer/toolchains/gnu_arm/10.2_2020q4/bin/../lib/gcc/arm-none-eabi/10.2.1/../../../../arm-none-eabi/lib/thumb/v8-m.main+fp/hard\libc_nano.a(lib_a-mlock.o)
                0x00004dc8                __malloc_unlock
 .text.__sfputc_r
                0x00004dd4       0x2e c:/siliconlabs/simplicitystudio/v5/developer/toolchains/gnu_arm/10.2_2020q4/bin/../lib/gcc/arm-none-eabi/10.2.1/../../../../arm-none-eabi/lib/thumb/v8-m.main+fp/hard\libc_nano.a(lib_a-nano-vfprintf.o)
 .text.__sfputs_r
                0x00004e02       0x24 c:/siliconlabs/simplicitystudio/v5/developer/toolchains/gnu_arm/10.2_2020q4/bin/../lib/gcc/arm-none-eabi/10.2.1/../../../../arm-none-eabi/lib/thumb/v8-m.main+fp/hard\libc_nano.a(lib_a-nano-vfprintf.o)
                0x00004e02                __sfputs_r
 *fill*         0x00004e26        0x2 
 .text._vfprintf_r
                0x00004e28      0x260 c:/siliconlabs/simplicitystudio/v5/developer/toolchains/gnu_arm/10.2_2020q4/bin/../lib/gcc/arm-none-eabi/10.2.1/../../../../arm-none-eabi/lib/thumb/v8-m.main+fp/hard\libc_nano.a(lib_a-nano-vfprintf.o)
                0x00004e28                _vfprintf_r
                0x00004e28                _vfiprintf_r
 .text._printf_common
                0x00005088       0xe0 c:/siliconlabs/simplicitystudio/v5/developer/toolchains/gnu_arm/10.2_2020q4/bin/../lib/gcc/arm-none-eabi/10.2.1/../../../../arm-none-eabi/lib/thumb/v8-m.main+fp/hard\libc_nano.a(lib_a-nano-vfprintf_i.o)
                0x00005088                _printf_common
 .text._printf_i
                0x00005168      0x24c c:/siliconlabs/simplicitystudio/v5/developer/toolchains/gnu_arm/10.2_2020q4/bin/../lib/gcc/arm-none-eabi/10.2.1/../../../../arm-none-eabi/lib/thumb/v8-m.main+fp/hard\libc_nano.a(lib_a-nano-vfprintf_i.o)
                0x00005168                _printf_i
 .text.__sread  0x000053b4       0x22 c:/siliconlabs/simplicitystudio/v5/developer/toolchains/gnu_arm/10.2_2020q4/bin/../lib/gcc/arm-none-eabi/10.2.1/../../../../arm-none-eabi/lib/thumb/v8-m.main+fp/hard\libc_nano.a(lib_a-stdio.o)
                0x000053b4                __sread
 .text.__swrite
                0x000053d6       0x38 c:/siliconlabs/simplicitystudio/v5/developer/toolchains/gnu_arm/10.2_2020q4/bin/../lib/gcc/arm-none-eabi/10.2.1/../../../../arm-none-eabi/lib/thumb/v8-m.main+fp/hard\libc_nano.a(lib_a-stdio.o)
                0x000053d6                __swrite
 .text.__sseek  0x0000540e       0x24 c:/siliconlabs/simplicitystudio/v5/developer/toolchains/gnu_arm/10.2_2020q4/bin/../lib/gcc/arm-none-eabi/10.2.1/../../../../arm-none-eabi/lib/thumb/v8-m.main+fp/hard\libc_nano.a(lib_a-stdio.o)
                0x0000540e                __sseek
 .text.__sclose
                0x00005432        0x8 c:/siliconlabs/simplicitystudio/v5/developer/toolchains/gnu_arm/10.2_2020q4/bin/../lib/gcc/arm-none-eabi/10.2.1/../../../../arm-none-eabi/lib/thumb/v8-m.main+fp/hard\libc_nano.a(lib_a-stdio.o)
                0x00005432                __sclose
 *fill*         0x0000543a        0x2 
 .text.__swbuf_r
                0x0000543c       0xa4 c:/siliconlabs/simplicitystudio/v5/developer/toolchains/gnu_arm/10.2_2020q4/bin/../lib/gcc/arm-none-eabi/10.2.1/../../../../arm-none-eabi/lib/thumb/v8-m.main+fp/hard\libc_nano.a(lib_a-wbuf.o)
                0x0000543c                __swbuf_r
 .text._write_r
                0x000054e0       0x24 c:/siliconlabs/simplicitystudio/v5/developer/toolchains/gnu_arm/10.2_2020q4/bin/../lib/gcc/arm-none-eabi/10.2.1/../../../../arm-none-eabi/lib/thumb/v8-m.main+fp/hard\libc_nano.a(lib_a-writer.o)
                0x000054e0                _write_r
 .text.__swsetup_r
                0x00005504       0xdc c:/siliconlabs/simplicitystudio/v5/developer/toolchains/gnu_arm/10.2_2020q4/bin/../lib/gcc/arm-none-eabi/10.2.1/../../../../arm-none-eabi/lib/thumb/v8-m.main+fp/hard\libc_nano.a(lib_a-wsetup.o)
                0x00005504                __swsetup_r
 .text._close_r
                0x000055e0       0x20 c:/siliconlabs/simplicitystudio/v5/developer/toolchains/gnu_arm/10.2_2020q4/bin/../lib/gcc/arm-none-eabi/10.2.1/../../../../arm-none-eabi/lib/thumb/v8-m.main+fp/hard\libc_nano.a(lib_a-closer.o)
                0x000055e0                _close_r
 .text._fstat_r
                0x00005600       0x24 c:/siliconlabs/simplicitystudio/v5/developer/toolchains/gnu_arm/10.2_2020q4/bin/../lib/gcc/arm-none-eabi/10.2.1/../../../../arm-none-eabi/lib/thumb/v8-m.main+fp/hard\libc_nano.a(lib_a-fstatr.o)
                0x00005600                _fstat_r
 .text._isatty_r
                0x00005624       0x20 c:/siliconlabs/simplicitystudio/v5/developer/toolchains/gnu_arm/10.2_2020q4/bin/../lib/gcc/arm-none-eabi/10.2.1/../../../../arm-none-eabi/lib/thumb/v8-m.main+fp/hard\libc_nano.a(lib_a-isattyr.o)
                0x00005624                _isatty_r
 .text._lseek_r
                0x00005644       0x24 c:/siliconlabs/simplicitystudio/v5/developer/toolchains/gnu_arm/10.2_2020q4/bin/../lib/gcc/arm-none-eabi/10.2.1/../../../../arm-none-eabi/lib/thumb/v8-m.main+fp/hard\libc_nano.a(lib_a-lseekr.o)
                0x00005644                _lseek_r
 .text.memchr   0x00005668       0x1c c:/siliconlabs/simplicitystudio/v5/developer/toolchains/gnu_arm/10.2_2020q4/bin/../lib/gcc/arm-none-eabi/10.2.1/../../../../arm-none-eabi/lib/thumb/v8-m.main+fp/hard\libc_nano.a(lib_a-memchr-stub.o)
                0x00005668                memchr
 .text._read_r  0x00005684       0x24 c:/siliconlabs/simplicitystudio/v5/developer/toolchains/gnu_arm/10.2_2020q4/bin/../lib/gcc/arm-none-eabi/10.2.1/../../../../arm-none-eabi/lib/thumb/v8-m.main+fp/hard\libc_nano.a(lib_a-readr.o)
                0x00005684                _read_r
                0x000056a8                linker_code_end = .
 *(.init)
 .init          0x000056a8        0x4 c:/siliconlabs/simplicitystudio/v5/developer/toolchains/gnu_arm/10.2_2020q4/bin/../lib/gcc/arm-none-eabi/10.2.1/thumb/v8-m.main+fp/hard/crti.o
                0x000056a8                _init
 .init          0x000056ac        0x8 c:/siliconlabs/simplicitystudio/v5/developer/toolchains/gnu_arm/10.2_2020q4/bin/../lib/gcc/arm-none-eabi/10.2.1/thumb/v8-m.main+fp/hard/crtn.o
 *(.fini)
 .fini          0x000056b4        0x4 c:/siliconlabs/simplicitystudio/v5/developer/toolchains/gnu_arm/10.2_2020q4/bin/../lib/gcc/arm-none-eabi/10.2.1/thumb/v8-m.main+fp/hard/crti.o
                0x000056b4                _fini
 .fini          0x000056b8        0x8 c:/siliconlabs/simplicitystudio/v5/developer/toolchains/gnu_arm/10.2_2020q4/bin/../lib/gcc/arm-none-eabi/10.2.1/thumb/v8-m.main+fp/hard/crtn.o
 *crtbegin.o(.ctors)
 *crtbegin?.o(.ctors)
 *(EXCLUDE_FILE(*crtend.o *crtend?.o) .ctors)
 *(SORT_BY_NAME(.ctors.*))
 *(.ctors)
 *crtbegin.o(.dtors)
 *crtbegin?.o(.dtors)
 *(EXCLUDE_FILE(*crtend.o *crtend?.o) .dtors)
 *(SORT_BY_NAME(.dtors.*))
 *(.dtors)
 *(.rodata*)
 .rodata.GPIO_PinOutSet.constprop.0.str1.1
                0x000056c0       0x4d ./lora.o
 .rodata.print_list.str1.1
                0x0000570d       0x1c ./lora.o
 *fill*         0x00005729        0x3 
 .rodata        0x0000572c       0x20 ./lora.o
 .rodata.main.str1.1
                0x0000574c       0x38 ./main.o
                                 0x3a (size before relaxing)
 .rodata        0x00005784       0x28 ./main.o
 .rodata.sl_iostream_usart_init_vcom.str1.1
                0x000057ac       0x2e ./autogen/sl_iostream_init_usart_instances.o
 *fill*         0x000057da        0x2 
 .rodata        0x000057dc       0x3c ./autogen/sl_iostream_init_usart_instances.o
 .rodata.I2CSPM_Init.str1.1
                0x00005818       0x57 ./gecko_sdk_4.0.1/platform/driver/i2cspm/src/sl_i2cspm.o
                                 0xa4 (size before relaxing)
 .rodata.HFRCODPLLDevinfoGet.str1.1
                0x0000586f       0x4c ./gecko_sdk_4.0.1/platform/emlib/src/em_cmu.o
 .rodata.CSWTCH.56
                0x000058bb        0x4 ./gecko_sdk_4.0.1/platform/emlib/src/em_cmu.o
 .rodata.CSWTCH.58
                0x000058bf        0x6 ./gecko_sdk_4.0.1/platform/emlib/src/em_cmu.o
 .rodata.EMU_VScaleEM01.str1.1
                0x000058c5       0x4c ./gecko_sdk_4.0.1/platform/emlib/src/em_emu.o
 .rodata.EUSART_Enable.str1.1
                0x00005911       0x4f ./gecko_sdk_4.0.1/platform/emlib/src/em_eusart.o
 .rodata.GPIO_PinOutSet.str1.1
                0x00005960       0x4d ./gecko_sdk_4.0.1/platform/emlib/src/em_gpio.o
 .rodata.GPIO_ExtIntConfig.str1.1
                0x00005960       0x4d ./gecko_sdk_4.0.1/platform/emlib/src/em_gpio.o
 .rodata.I2C_BusFreqGet.str1.1
                0x000059ad       0x4c ./gecko_sdk_4.0.1/platform/emlib/src/em_i2c.o
 *fill*         0x000059f9        0x3 
 .rodata.CSWTCH.13
                0x000059fc        0xc ./gecko_sdk_4.0.1/platform/emlib/src/em_i2c.o
 .rodata.CSWTCH.14
                0x00005a08        0xc ./gecko_sdk_4.0.1/platform/emlib/src/em_i2c.o
 .rodata.i2cNSum
                0x00005a14        0x4 ./gecko_sdk_4.0.1/platform/emlib/src/em_i2c.o
 .rodata.IADC_initScan.str1.1
                0x00005a18       0x4d ./gecko_sdk_4.0.1/platform/emlib/src/em_iadc.o
 .rodata.USART_BaudrateAsyncSet.str1.1
                0x00005a65       0x4e ./gecko_sdk_4.0.1/platform/emlib/src/em_usart.o
 .rodata        0x00005ab3        0x8 ./gecko_sdk_4.0.1/platform/service/device_init/src/sl_device_init_dcdc_s2.o
 .rodata        0x00005abb       0x13 ./gecko_sdk_4.0.1/platform/service/device_init/src/sl_device_init_hfxo_s2.o
 .rodata        0x00005ace        0xb ./gecko_sdk_4.0.1/platform/service/device_init/src/sl_device_init_lfxo_s2.o
 .rodata._write.str1.1
                0x00005ad9       0x6b ./gecko_sdk_4.0.1/platform/service/iostream/src/sl_iostream_retarget_stdio.o
 .rodata.sli_uart_push_rxd_data.str1.1
                0x00005b44       0x61 ./gecko_sdk_4.0.1/platform/service/iostream/src/sl_iostream_uart.o
 .rodata.sl_udelay_wait.str1.1
                0x00005ba5       0x58 ./gecko_sdk_4.0.1/platform/service/udelay/src/sl_udelay.o
 .rodata._DoInit.str1.1
                0x00005bfd       0x14 ./gecko_sdk_4.0.1/util/third_party/segger/systemview/SEGGER/SEGGER_RTT.o
 *fill*         0x00005c11        0x3 
 .rodata._global_impure_ptr
                0x00005c14        0x4 c:/siliconlabs/simplicitystudio/v5/developer/toolchains/gnu_arm/10.2_2020q4/bin/../lib/gcc/arm-none-eabi/10.2.1/../../../../arm-none-eabi/lib/thumb/v8-m.main+fp/hard\libc_nano.a(lib_a-impure.o)
                0x00005c14                _global_impure_ptr
 .rodata.__sf_fake_stderr
                0x00005c18       0x20 c:/siliconlabs/simplicitystudio/v5/developer/toolchains/gnu_arm/10.2_2020q4/bin/../lib/gcc/arm-none-eabi/10.2.1/../../../../arm-none-eabi/lib/thumb/v8-m.main+fp/hard\libc_nano.a(lib_a-findfp.o)
                0x00005c18                __sf_fake_stderr
 .rodata.__sf_fake_stdin
                0x00005c38       0x20 c:/siliconlabs/simplicitystudio/v5/developer/toolchains/gnu_arm/10.2_2020q4/bin/../lib/gcc/arm-none-eabi/10.2.1/../../../../arm-none-eabi/lib/thumb/v8-m.main+fp/hard\libc_nano.a(lib_a-findfp.o)
                0x00005c38                __sf_fake_stdin
 .rodata.__sf_fake_stdout
                0x00005c58       0x20 c:/siliconlabs/simplicitystudio/v5/developer/toolchains/gnu_arm/10.2_2020q4/bin/../lib/gcc/arm-none-eabi/10.2.1/../../../../arm-none-eabi/lib/thumb/v8-m.main+fp/hard\libc_nano.a(lib_a-findfp.o)
                0x00005c58                __sf_fake_stdout
 .rodata._vfprintf_r.str1.1
                0x00005c78       0x11 c:/siliconlabs/simplicitystudio/v5/developer/toolchains/gnu_arm/10.2_2020q4/bin/../lib/gcc/arm-none-eabi/10.2.1/../../../../arm-none-eabi/lib/thumb/v8-m.main+fp/hard\libc_nano.a(lib_a-nano-vfprintf.o)
 .rodata._printf_i.str1.1
                0x00005c89       0x22 c:/siliconlabs/simplicitystudio/v5/developer/toolchains/gnu_arm/10.2_2020q4/bin/../lib/gcc/arm-none-eabi/10.2.1/../../../../arm-none-eabi/lib/thumb/v8-m.main+fp/hard\libc_nano.a(lib_a-nano-vfprintf_i.o)
 *(.eh_frame*)
 *fill*         0x00005cab        0x1 
 .eh_frame      0x00005cac        0x0 c:/siliconlabs/simplicitystudio/v5/developer/toolchains/gnu_arm/10.2_2020q4/bin/../lib/gcc/arm-none-eabi/10.2.1/thumb/v8-m.main+fp/hard/crtbegin.o

.glue_7         0x00005cac        0x0
 .glue_7        0x00005cac        0x0 linker stubs

.glue_7t        0x00005cac        0x0
 .glue_7t       0x00005cac        0x0 linker stubs

.vfp11_veneer   0x00005cac        0x0
 .vfp11_veneer  0x00005cac        0x0 linker stubs

.v4_bx          0x00005cac        0x0
 .v4_bx         0x00005cac        0x0 linker stubs

.iplt           0x00005cac        0x0
 .iplt          0x00005cac        0x0 c:/siliconlabs/simplicitystudio/v5/developer/toolchains/gnu_arm/10.2_2020q4/bin/../lib/gcc/arm-none-eabi/10.2.1/thumb/v8-m.main+fp/hard/crtbegin.o

.ARM.extab
 *(.ARM.extab* .gnu.linkonce.armextab.*)
                0x00005cac                __exidx_start = .

.ARM.exidx      0x00005cac        0x8
 *(.ARM.exidx* .gnu.linkonce.armexidx.*)
 .ARM.exidx     0x00005cac        0x8 c:/siliconlabs/simplicitystudio/v5/developer/toolchains/gnu_arm/10.2_2020q4/bin/../lib/gcc/arm-none-eabi/10.2.1/../../../../arm-none-eabi/lib/thumb/v8-m.main+fp/hard/crt0.o
                                 0x10 (size before relaxing)
                0x00005cb4                __exidx_end = .
                0x00005cb4                __etext = .

.rel.dyn        0x00005cb4        0x0
 .rel.iplt      0x00005cb4        0x0 c:/siliconlabs/simplicitystudio/v5/developer/toolchains/gnu_arm/10.2_2020q4/bin/../lib/gcc/arm-none-eabi/10.2.1/thumb/v8-m.main+fp/hard/crtbegin.o
                0x20000000                . = ORIGIN (RAM)

.stack          0x20000000     0x1000
                0x20000000                __StackLimit = .
 *(.stack*)
 .stack         0x20000000        0x0 ./gecko_sdk_4.0.1/platform/Device/SiliconLabs/BGM22/Source/GCC/startup_bgm22.o
 .stack         0x20000000     0x1000 ./gecko_sdk_4.0.1/platform/common/toolchain/src/sl_memory.o
                0x20001000                . = ALIGN (0x4)
                0x20001000                __StackTop = .
                0x20001000                PROVIDE (__stack = __StackTop)

.noinit
 *(.noinit*)

.data           0x20001000       0xa8 load address 0x00005cb4
                0x20001000                . = ALIGN (0x4)
                0x20001000                __data_start__ = .
 *(vtable)
 *(.data*)
 .data.init_mikroe
                0x20001000       0x14 ./autogen/sl_i2cspm_init.o
                0x20001000                init_mikroe
 .data.level_filter_enabled
                0x20001014        0x1 ./gecko_sdk_4.0.1/app/common/util/app_log/app_log.o
 .data.level_filter_threshold
                0x20001015        0x1 ./gecko_sdk_4.0.1/app/common/util/app_log/app_log.o
 .data.level_mask
                0x20001016        0x1 ./gecko_sdk_4.0.1/app/common/util/app_log/app_log.o
 *fill*         0x20001017        0x1 
 .data.SystemCoreClock
                0x20001018        0x4 ./gecko_sdk_4.0.1/platform/Device/SiliconLabs/BGM22/Source/system_bgm22.o
                0x20001018                SystemCoreClock
 .data.SystemHFRCODPLLClock
                0x2000101c        0x4 ./gecko_sdk_4.0.1/platform/Device/SiliconLabs/BGM22/Source/system_bgm22.o
 .data.SystemHFXOClock
                0x20001020        0x4 ./gecko_sdk_4.0.1/platform/Device/SiliconLabs/BGM22/Source/system_bgm22.o
 .data.SystemLFXOClock
                0x20001024        0x4 ./gecko_sdk_4.0.1/platform/Device/SiliconLabs/BGM22/Source/system_bgm22.o
 .data.heap_end.0
                0x20001028        0x4 ./gecko_sdk_4.0.1/platform/common/toolchain/src/sl_memory.o
 .data.lfxo_precision
                0x2000102c        0x2 ./gecko_sdk_4.0.1/platform/emlib/src/em_cmu.o
 *fill*         0x2000102e        0x2 
 .data.sl_iostream_rtt
                0x20001030        0xc ./gecko_sdk_4.0.1/platform/service/iostream/src/sl_iostream_rtt.o
 .data._impure_ptr
                0x2000103c        0x4 c:/siliconlabs/simplicitystudio/v5/developer/toolchains/gnu_arm/10.2_2020q4/bin/../lib/gcc/arm-none-eabi/10.2.1/../../../../arm-none-eabi/lib/thumb/v8-m.main+fp/hard\libc_nano.a(lib_a-impure.o)
                0x2000103c                _impure_ptr
 .data.impure_data
                0x20001040       0x60 c:/siliconlabs/simplicitystudio/v5/developer/toolchains/gnu_arm/10.2_2020q4/bin/../lib/gcc/arm-none-eabi/10.2.1/../../../../arm-none-eabi/lib/thumb/v8-m.main+fp/hard\libc_nano.a(lib_a-impure.o)
                0x200010a0                . = ALIGN (0x4)
                [!provide]                PROVIDE (__ram_func_section_start = .)
 *(.ram)
                [!provide]                PROVIDE (__ram_func_section_end = .)
                0x200010a0                . = ALIGN (0x4)
                0x200010a0                PROVIDE (__preinit_array_start = .)
 *(.preinit_array)
                0x200010a0                PROVIDE (__preinit_array_end = .)
                0x200010a0                . = ALIGN (0x4)
                0x200010a0                PROVIDE (__init_array_start = .)
 *(SORT_BY_NAME(.init_array.*))
 *(.init_array)
 .init_array    0x200010a0        0x4 c:/siliconlabs/simplicitystudio/v5/developer/toolchains/gnu_arm/10.2_2020q4/bin/../lib/gcc/arm-none-eabi/10.2.1/thumb/v8-m.main+fp/hard/crtbegin.o
                0x200010a4                PROVIDE (__init_array_end = .)
                0x200010a4                . = ALIGN (0x4)
                [!provide]                PROVIDE (__fini_array_start = .)
 *(SORT_BY_NAME(.fini_array.*))
 *(.fini_array)
 .fini_array    0x200010a4        0x4 c:/siliconlabs/simplicitystudio/v5/developer/toolchains/gnu_arm/10.2_2020q4/bin/../lib/gcc/arm-none-eabi/10.2.1/thumb/v8-m.main+fp/hard/crtbegin.o
                [!provide]                PROVIDE (__fini_array_end = .)
                0x200010a8                . = ALIGN (0x4)
                0x200010a8                __data_end__ = .

.igot.plt       0x200010a8        0x0 load address 0x00005d5c
 .igot.plt      0x200010a8        0x0 c:/siliconlabs/simplicitystudio/v5/developer/toolchains/gnu_arm/10.2_2020q4/bin/../lib/gcc/arm-none-eabi/10.2.1/thumb/v8-m.main+fp/hard/crtbegin.o

.bss            0x200010a8      0xd28 load address 0x00005d5c
                0x200010a8                . = ALIGN (0x4)
                0x200010a8                __bss_start__ = .
 *(SEGGER_RTT)
 *fill*         0x200010a8      0x358 
 SEGGER_RTT     0x20001400      0x8a8 ./gecko_sdk_4.0.1/util/third_party/segger/systemview/SEGGER/SEGGER_RTT.o
                0x20001400                _SEGGER_RTT
 *(.bss*)
 .bss           0x20001ca8       0x1c c:/siliconlabs/simplicitystudio/v5/developer/toolchains/gnu_arm/10.2_2020q4/bin/../lib/gcc/arm-none-eabi/10.2.1/thumb/v8-m.main+fp/hard/crtbegin.o
 .bss.buffer    0x20001cc4       0x50 ./lora.o
                0x20001cc4                buffer
 .bss.inpos     0x20001d14        0x4 ./lora.o
                0x20001d14                inpos
 .bss.scanResult
                0x20001d18       0x10 ./main.o
 .bss.context_vcom
                0x20001d28       0x3c ./autogen/sl_iostream_init_usart_instances.o
 .bss.rx_buffer_vcom
                0x20001d64       0x20 ./autogen/sl_iostream_init_usart_instances.o
 .bss.sl_iostream_vcom
                0x20001d84       0x18 ./autogen/sl_iostream_init_usart_instances.o
 .bss.app_log_iostream
                0x20001d9c        0x4 ./gecko_sdk_4.0.1/app/common/util/app_log/app_log.o
                0x20001d9c                app_log_iostream
 .bss.level_mask_enabled
                0x20001da0        0x1 ./gecko_sdk_4.0.1/app/common/util/app_log/app_log.o
 .bss.ctuneDelta
                0x20001da1        0x1 ./gecko_sdk_4.0.1/platform/emlib/src/em_cmu.o
 .bss.vScaleEM01Config
                0x20001da2        0x1 ./gecko_sdk_4.0.1/platform/emlib/src/em_emu.o
 *fill*         0x20001da3        0x1 
 .bss.i2cTransfer
                0x20001da4       0x18 ./gecko_sdk_4.0.1/platform/emlib/src/em_i2c.o
 .bss.sli_iostream_default
                0x20001dbc        0x4 ./gecko_sdk_4.0.1/platform/service/iostream/src/sl_iostream.o
 .bss.__malloc_free_list
                0x20001dc0        0x4 c:/siliconlabs/simplicitystudio/v5/developer/toolchains/gnu_arm/10.2_2020q4/bin/../lib/gcc/arm-none-eabi/10.2.1/../../../../arm-none-eabi/lib/thumb/v8-m.main+fp/hard\libc_nano.a(lib_a-nano-mallocr.o)
                0x20001dc0                __malloc_free_list
 .bss.__malloc_sbrk_start
                0x20001dc4        0x4 c:/siliconlabs/simplicitystudio/v5/developer/toolchains/gnu_arm/10.2_2020q4/bin/../lib/gcc/arm-none-eabi/10.2.1/../../../../arm-none-eabi/lib/thumb/v8-m.main+fp/hard\libc_nano.a(lib_a-nano-mallocr.o)
                0x20001dc4                __malloc_sbrk_start
 .bss.__lock___malloc_recursive_mutex
                0x20001dc8        0x1 c:/siliconlabs/simplicitystudio/v5/developer/toolchains/gnu_arm/10.2_2020q4/bin/../lib/gcc/arm-none-eabi/10.2.1/../../../../arm-none-eabi/lib/thumb/v8-m.main+fp/hard\libc_nano.a(lib_a-lock.o)
                0x20001dc8                __lock___malloc_recursive_mutex
 .bss.__lock___sfp_recursive_mutex
                0x20001dc9        0x1 c:/siliconlabs/simplicitystudio/v5/developer/toolchains/gnu_arm/10.2_2020q4/bin/../lib/gcc/arm-none-eabi/10.2.1/../../../../arm-none-eabi/lib/thumb/v8-m.main+fp/hard\libc_nano.a(lib_a-lock.o)
                0x20001dc9                __lock___sfp_recursive_mutex
 .bss.__lock___sinit_recursive_mutex
                0x20001dca        0x1 c:/siliconlabs/simplicitystudio/v5/developer/toolchains/gnu_arm/10.2_2020q4/bin/../lib/gcc/arm-none-eabi/10.2.1/../../../../arm-none-eabi/lib/thumb/v8-m.main+fp/hard\libc_nano.a(lib_a-lock.o)
                0x20001dca                __lock___sinit_recursive_mutex
 *fill*         0x20001dcb        0x1 
 .bss.errno     0x20001dcc        0x4 c:/siliconlabs/simplicitystudio/v5/developer/toolchains/gnu_arm/10.2_2020q4/bin/../lib/gcc/arm-none-eabi/10.2.1/../../../../arm-none-eabi/lib/thumb/v8-m.main+fp/hard\libc_nano.a(lib_a-reent.o)
                0x20001dcc                errno
 *(COMMON)
                0x20001dd0                . = ALIGN (0x4)
                0x20001dd0                __bss_end__ = .

.heap           0x20001dd0     0x6230
                0x20001dd0                __HeapBase = .
                0x20001dd0                __end__ = .
                0x20001dd0                end = __end__
                0x20001dd0                _end = __end__
 *(.heap*)
 .heap          0x20001dd0      0x800 ./gecko_sdk_4.0.1/platform/common/toolchain/src/sl_memory.o
                0x20008000                . = (ORIGIN (RAM) + LENGTH (RAM))
 *fill*         0x200025d0     0x5a30 
                0x20008000                __HeapLimit = .
                0x00006230                __heap_size = (__HeapLimit - __HeapBase)
                0x0007e000                __main_flash_end__ = 0x7e000

.internal_storage
                0x00005cb4        0x0
 *(.internal_storage*)

.nvm            0x00005cb4        0x0
 *(.simee*)
                0x0007e000                linker_nvm_end = __main_flash_end__
                0x0007e000                linker_nvm_begin = (linker_nvm_end - SIZEOF (.nvm))
                0x00000000                linker_nvm_size = SIZEOF (.nvm)
                0x0007e000                linker_storage_end = linker_nvm_begin
                0x0007e000                linker_storage_begin = (linker_storage_end - SIZEOF (.internal_storage))
                0x00000000                linker_storage_size = SIZEOF (.internal_storage)
                0x0007e000                __nvm3Base = linker_nvm_begin
OUTPUT(Iot.axf elf32-littlearm)
LOAD linker stubs

.ARM.attributes
                0x00000000       0x36
 .ARM.attributes
                0x00000000       0x22 c:/siliconlabs/simplicitystudio/v5/developer/toolchains/gnu_arm/10.2_2020q4/bin/../lib/gcc/arm-none-eabi/10.2.1/thumb/v8-m.main+fp/hard/crti.o
 .ARM.attributes
                0x00000022       0x38 c:/siliconlabs/simplicitystudio/v5/developer/toolchains/gnu_arm/10.2_2020q4/bin/../lib/gcc/arm-none-eabi/10.2.1/thumb/v8-m.main+fp/hard/crtbegin.o
 .ARM.attributes
                0x0000005a       0x20 c:/siliconlabs/simplicitystudio/v5/developer/toolchains/gnu_arm/10.2_2020q4/bin/../lib/gcc/arm-none-eabi/10.2.1/../../../../arm-none-eabi/lib/thumb/v8-m.main+fp/hard/crt0.o
 .ARM.attributes
                0x0000007a       0x3a ./app.o
 .ARM.attributes
                0x000000b4       0x3a ./bh1750_driver.o
 .ARM.attributes
                0x000000ee       0x3a ./dht11_driver.o
 .ARM.attributes
                0x00000128       0x3a ./lora.o
 .ARM.attributes
                0x00000162       0x3a ./main.o
 .ARM.attributes
                0x0000019c       0x3a ./autogen/sl_board_default_init.o
 .ARM.attributes
                0x000001d6       0x3a ./autogen/sl_device_init_clocks.o
 .ARM.attributes
                0x00000210       0x3a ./autogen/sl_event_handler.o
 .ARM.attributes
                0x0000024a       0x3a ./autogen/sl_i2cspm_init.o
 .ARM.attributes
                0x00000284       0x3a ./autogen/sl_iostream_init_usart_instances.o
 .ARM.attributes
                0x000002be       0x3a ./gecko_sdk_4.0.1/app/common/util/app_log/app_log.o
 .ARM.attributes
                0x000002f8       0x3a ./gecko_sdk_4.0.1/hardware/board/src/sl_board_control_gpio.o
 .ARM.attributes
                0x00000332       0x3a ./gecko_sdk_4.0.1/hardware/board/src/sl_board_init.o
 .ARM.attributes
                0x0000036c       0x3a ./gecko_sdk_4.0.1/platform/Device/SiliconLabs/BGM22/Source/GCC/startup_bgm22.o
 .ARM.attributes
                0x000003a6       0x3a ./gecko_sdk_4.0.1/platform/Device/SiliconLabs/BGM22/Source/system_bgm22.o
 .ARM.attributes
                0x000003e0       0x3a ./gecko_sdk_4.0.1/platform/common/toolchain/src/sl_memory.o
 .ARM.attributes
                0x0000041a       0x3a ./gecko_sdk_4.0.1/platform/driver/i2cspm/src/sl_i2cspm.o
 .ARM.attributes
                0x00000454       0x3a ./gecko_sdk_4.0.1/platform/emlib/src/em_assert.o
 .ARM.attributes
                0x0000048e       0x3a ./gecko_sdk_4.0.1/platform/emlib/src/em_cmu.o
 .ARM.attributes
                0x000004c8       0x3a ./gecko_sdk_4.0.1/platform/emlib/src/em_core.o
 .ARM.attributes
                0x00000502       0x3a ./gecko_sdk_4.0.1/platform/emlib/src/em_emu.o
 .ARM.attributes
                0x0000053c       0x3a ./gecko_sdk_4.0.1/platform/emlib/src/em_eusart.o
 .ARM.attributes
                0x00000576       0x3a ./gecko_sdk_4.0.1/platform/emlib/src/em_gpio.o
 .ARM.attributes
                0x000005b0       0x3a ./gecko_sdk_4.0.1/platform/emlib/src/em_i2c.o
 .ARM.attributes
                0x000005ea       0x3a ./gecko_sdk_4.0.1/platform/emlib/src/em_iadc.o
 .ARM.attributes
                0x00000624       0x3a ./gecko_sdk_4.0.1/platform/emlib/src/em_usart.o
 .ARM.attributes
                0x0000065e       0x3a ./gecko_sdk_4.0.1/platform/service/device_init/src/sl_device_init_dcdc_s2.o
 .ARM.attributes
                0x00000698       0x3a ./gecko_sdk_4.0.1/platform/service/device_init/src/sl_device_init_emu_s2.o
 .ARM.attributes
                0x000006d2       0x3a ./gecko_sdk_4.0.1/platform/service/device_init/src/sl_device_init_hfxo_s2.o
 .ARM.attributes
                0x0000070c       0x3a ./gecko_sdk_4.0.1/platform/service/device_init/src/sl_device_init_lfxo_s2.o
 .ARM.attributes
                0x00000746       0x3a ./gecko_sdk_4.0.1/platform/service/device_init/src/sl_device_init_nvic.o
 .ARM.attributes
                0x00000780       0x3a ./gecko_sdk_4.0.1/platform/service/iostream/src/sl_iostream.o
 .ARM.attributes
                0x000007ba       0x3a ./gecko_sdk_4.0.1/platform/service/iostream/src/sl_iostream_retarget_stdio.o
 .ARM.attributes
                0x000007f4       0x3a ./gecko_sdk_4.0.1/platform/service/iostream/src/sl_iostream_rtt.o
 .ARM.attributes
                0x0000082e       0x3a ./gecko_sdk_4.0.1/platform/service/iostream/src/sl_iostream_stdlib_config.o
 .ARM.attributes
                0x00000868       0x3a ./gecko_sdk_4.0.1/platform/service/iostream/src/sl_iostream_uart.o
 .ARM.attributes
                0x000008a2       0x3a ./gecko_sdk_4.0.1/platform/service/iostream/src/sl_iostream_usart.o
 .ARM.attributes
                0x000008dc       0x3a ./gecko_sdk_4.0.1/platform/service/system/src/sl_system_init.o
 .ARM.attributes
                0x00000916       0x3a ./gecko_sdk_4.0.1/platform/service/system/src/sl_system_process_action.o
 .ARM.attributes
                0x00000950       0x3a ./gecko_sdk_4.0.1/platform/service/udelay/src/sl_udelay.o
 .ARM.attributes
                0x0000098a       0x26 ./gecko_sdk_4.0.1/platform/service/udelay/src/sl_udelay_armv6m_gcc.o
 .ARM.attributes
                0x000009b0       0x3a ./gecko_sdk_4.0.1/util/third_party/segger/systemview/SEGGER/SEGGER_RTT.o
 .ARM.attributes
                0x000009ea       0x22 c:/siliconlabs/simplicitystudio/v5/developer/toolchains/gnu_arm/10.2_2020q4/bin/../lib/gcc/arm-none-eabi/10.2.1/thumb/v8-m.main+fp/hard\libgcc.a(_arm_addsubdf3.o)
 .ARM.attributes
                0x00000a0c       0x22 c:/siliconlabs/simplicitystudio/v5/developer/toolchains/gnu_arm/10.2_2020q4/bin/../lib/gcc/arm-none-eabi/10.2.1/thumb/v8-m.main+fp/hard\libgcc.a(_arm_muldivdf3.o)
 .ARM.attributes
                0x00000a2e       0x22 c:/siliconlabs/simplicitystudio/v5/developer/toolchains/gnu_arm/10.2_2020q4/bin/../lib/gcc/arm-none-eabi/10.2.1/thumb/v8-m.main+fp/hard\libgcc.a(_arm_fixdfsi.o)
 .ARM.attributes
                0x00000a50       0x22 c:/siliconlabs/simplicitystudio/v5/developer/toolchains/gnu_arm/10.2_2020q4/bin/../lib/gcc/arm-none-eabi/10.2.1/thumb/v8-m.main+fp/hard\libgcc.a(_arm_fixunsdfsi.o)
 .ARM.attributes
                0x00000a72       0x38 c:/siliconlabs/simplicitystudio/v5/developer/toolchains/gnu_arm/10.2_2020q4/bin/../lib/gcc/arm-none-eabi/10.2.1/../../../../arm-none-eabi/lib/thumb/v8-m.main+fp/hard\libc_nano.a(lib_a-exit.o)
 .ARM.attributes
                0x00000aaa       0x36 c:/siliconlabs/simplicitystudio/v5/developer/toolchains/gnu_arm/10.2_2020q4/bin/../lib/gcc/arm-none-eabi/10.2.1/../../../../arm-none-eabi/lib/thumb/v8-m.main+fp/hard\libc_nano.a(lib_a-impure.o)
 .ARM.attributes
                0x00000ae0       0x38 c:/siliconlabs/simplicitystudio/v5/developer/toolchains/gnu_arm/10.2_2020q4/bin/../lib/gcc/arm-none-eabi/10.2.1/../../../../arm-none-eabi/lib/thumb/v8-m.main+fp/hard\libc_nano.a(lib_a-init.o)
 .ARM.attributes
                0x00000b18       0x38 c:/siliconlabs/simplicitystudio/v5/developer/toolchains/gnu_arm/10.2_2020q4/bin/../lib/gcc/arm-none-eabi/10.2.1/../../../../arm-none-eabi/lib/thumb/v8-m.main+fp/hard\libc_nano.a(lib_a-malloc.o)
 .ARM.attributes
                0x00000b50       0x38 c:/siliconlabs/simplicitystudio/v5/developer/toolchains/gnu_arm/10.2_2020q4/bin/../lib/gcc/arm-none-eabi/10.2.1/../../../../arm-none-eabi/lib/thumb/v8-m.main+fp/hard\libc_nano.a(lib_a-memcpy-stub.o)
 .ARM.attributes
                0x00000b88       0x38 c:/siliconlabs/simplicitystudio/v5/developer/toolchains/gnu_arm/10.2_2020q4/bin/../lib/gcc/arm-none-eabi/10.2.1/../../../../arm-none-eabi/lib/thumb/v8-m.main+fp/hard\libc_nano.a(lib_a-memset.o)
 .ARM.attributes
                0x00000bc0       0x38 c:/siliconlabs/simplicitystudio/v5/developer/toolchains/gnu_arm/10.2_2020q4/bin/../lib/gcc/arm-none-eabi/10.2.1/../../../../arm-none-eabi/lib/thumb/v8-m.main+fp/hard\libc_nano.a(lib_a-nano-freer.o)
 .ARM.attributes
                0x00000bf8       0x38 c:/siliconlabs/simplicitystudio/v5/developer/toolchains/gnu_arm/10.2_2020q4/bin/../lib/gcc/arm-none-eabi/10.2.1/../../../../arm-none-eabi/lib/thumb/v8-m.main+fp/hard\libc_nano.a(lib_a-nano-mallocr.o)
 .ARM.attributes
                0x00000c30       0x38 c:/siliconlabs/simplicitystudio/v5/developer/toolchains/gnu_arm/10.2_2020q4/bin/../lib/gcc/arm-none-eabi/10.2.1/../../../../arm-none-eabi/lib/thumb/v8-m.main+fp/hard\libc_nano.a(lib_a-sbrkr.o)
 .ARM.attributes
                0x00000c68       0x38 c:/siliconlabs/simplicitystudio/v5/developer/toolchains/gnu_arm/10.2_2020q4/bin/../lib/gcc/arm-none-eabi/10.2.1/../../../../arm-none-eabi/lib/thumb/v8-m.main+fp/hard\libc_nano.a(lib_a-setvbuf.o)
 .ARM.attributes
                0x00000ca0       0x38 c:/siliconlabs/simplicitystudio/v5/developer/toolchains/gnu_arm/10.2_2020q4/bin/../lib/gcc/arm-none-eabi/10.2.1/../../../../arm-none-eabi/lib/thumb/v8-m.main+fp/hard\libc_nano.a(lib_a-strcpy.o)
 .ARM.attributes
                0x00000cd8       0x38 c:/siliconlabs/simplicitystudio/v5/developer/toolchains/gnu_arm/10.2_2020q4/bin/../lib/gcc/arm-none-eabi/10.2.1/../../../../arm-none-eabi/lib/thumb/v8-m.main+fp/hard\libc_nano.a(lib_a-vprintf.o)
 .ARM.attributes
                0x00000d10       0x38 c:/siliconlabs/simplicitystudio/v5/developer/toolchains/gnu_arm/10.2_2020q4/bin/../lib/gcc/arm-none-eabi/10.2.1/../../../../arm-none-eabi/lib/thumb/v8-m.main+fp/hard\libc_nano.a(lib_a-fflush.o)
 .ARM.attributes
                0x00000d48       0x38 c:/siliconlabs/simplicitystudio/v5/developer/toolchains/gnu_arm/10.2_2020q4/bin/../lib/gcc/arm-none-eabi/10.2.1/../../../../arm-none-eabi/lib/thumb/v8-m.main+fp/hard\libc_nano.a(lib_a-findfp.o)
 .ARM.attributes
                0x00000d80       0x38 c:/siliconlabs/simplicitystudio/v5/developer/toolchains/gnu_arm/10.2_2020q4/bin/../lib/gcc/arm-none-eabi/10.2.1/../../../../arm-none-eabi/lib/thumb/v8-m.main+fp/hard\libc_nano.a(lib_a-fwalk.o)
 .ARM.attributes
                0x00000db8       0x38 c:/siliconlabs/simplicitystudio/v5/developer/toolchains/gnu_arm/10.2_2020q4/bin/../lib/gcc/arm-none-eabi/10.2.1/../../../../arm-none-eabi/lib/thumb/v8-m.main+fp/hard\libc_nano.a(lib_a-lock.o)
 .ARM.attributes
                0x00000df0       0x38 c:/siliconlabs/simplicitystudio/v5/developer/toolchains/gnu_arm/10.2_2020q4/bin/../lib/gcc/arm-none-eabi/10.2.1/../../../../arm-none-eabi/lib/thumb/v8-m.main+fp/hard\libc_nano.a(lib_a-makebuf.o)
 .ARM.attributes
                0x00000e28       0x38 c:/siliconlabs/simplicitystudio/v5/developer/toolchains/gnu_arm/10.2_2020q4/bin/../lib/gcc/arm-none-eabi/10.2.1/../../../../arm-none-eabi/lib/thumb/v8-m.main+fp/hard\libc_nano.a(lib_a-mlock.o)
 .ARM.attributes
                0x00000e60       0x38 c:/siliconlabs/simplicitystudio/v5/developer/toolchains/gnu_arm/10.2_2020q4/bin/../lib/gcc/arm-none-eabi/10.2.1/../../../../arm-none-eabi/lib/thumb/v8-m.main+fp/hard\libc_nano.a(lib_a-nano-vfprintf.o)
 .ARM.attributes
                0x00000e98       0x38 c:/siliconlabs/simplicitystudio/v5/developer/toolchains/gnu_arm/10.2_2020q4/bin/../lib/gcc/arm-none-eabi/10.2.1/../../../../arm-none-eabi/lib/thumb/v8-m.main+fp/hard\libc_nano.a(lib_a-nano-vfprintf_i.o)
 .ARM.attributes
                0x00000ed0       0x38 c:/siliconlabs/simplicitystudio/v5/developer/toolchains/gnu_arm/10.2_2020q4/bin/../lib/gcc/arm-none-eabi/10.2.1/../../../../arm-none-eabi/lib/thumb/v8-m.main+fp/hard\libc_nano.a(lib_a-reent.o)
 .ARM.attributes
                0x00000f08       0x38 c:/siliconlabs/simplicitystudio/v5/developer/toolchains/gnu_arm/10.2_2020q4/bin/../lib/gcc/arm-none-eabi/10.2.1/../../../../arm-none-eabi/lib/thumb/v8-m.main+fp/hard\libc_nano.a(lib_a-stdio.o)
 .ARM.attributes
                0x00000f40       0x38 c:/siliconlabs/simplicitystudio/v5/developer/toolchains/gnu_arm/10.2_2020q4/bin/../lib/gcc/arm-none-eabi/10.2.1/../../../../arm-none-eabi/lib/thumb/v8-m.main+fp/hard\libc_nano.a(lib_a-wbuf.o)
 .ARM.attributes
                0x00000f78       0x38 c:/siliconlabs/simplicitystudio/v5/developer/toolchains/gnu_arm/10.2_2020q4/bin/../lib/gcc/arm-none-eabi/10.2.1/../../../../arm-none-eabi/lib/thumb/v8-m.main+fp/hard\libc_nano.a(lib_a-writer.o)
 .ARM.attributes
                0x00000fb0       0x38 c:/siliconlabs/simplicitystudio/v5/developer/toolchains/gnu_arm/10.2_2020q4/bin/../lib/gcc/arm-none-eabi/10.2.1/../../../../arm-none-eabi/lib/thumb/v8-m.main+fp/hard\libc_nano.a(lib_a-wsetup.o)
 .ARM.attributes
                0x00000fe8       0x38 c:/siliconlabs/simplicitystudio/v5/developer/toolchains/gnu_arm/10.2_2020q4/bin/../lib/gcc/arm-none-eabi/10.2.1/../../../../arm-none-eabi/lib/thumb/v8-m.main+fp/hard\libc_nano.a(lib_a-closer.o)
 .ARM.attributes
                0x00001020       0x38 c:/siliconlabs/simplicitystudio/v5/developer/toolchains/gnu_arm/10.2_2020q4/bin/../lib/gcc/arm-none-eabi/10.2.1/../../../../arm-none-eabi/lib/thumb/v8-m.main+fp/hard\libc_nano.a(lib_a-fstatr.o)
 .ARM.attributes
                0x00001058       0x38 c:/siliconlabs/simplicitystudio/v5/developer/toolchains/gnu_arm/10.2_2020q4/bin/../lib/gcc/arm-none-eabi/10.2.1/../../../../arm-none-eabi/lib/thumb/v8-m.main+fp/hard\libc_nano.a(lib_a-isattyr.o)
 .ARM.attributes
                0x00001090       0x38 c:/siliconlabs/simplicitystudio/v5/developer/toolchains/gnu_arm/10.2_2020q4/bin/../lib/gcc/arm-none-eabi/10.2.1/../../../../arm-none-eabi/lib/thumb/v8-m.main+fp/hard\libc_nano.a(lib_a-lseekr.o)
 .ARM.attributes
                0x000010c8       0x38 c:/siliconlabs/simplicitystudio/v5/developer/toolchains/gnu_arm/10.2_2020q4/bin/../lib/gcc/arm-none-eabi/10.2.1/../../../../arm-none-eabi/lib/thumb/v8-m.main+fp/hard\libc_nano.a(lib_a-memchr-stub.o)
 .ARM.attributes
                0x00001100       0x38 c:/siliconlabs/simplicitystudio/v5/developer/toolchains/gnu_arm/10.2_2020q4/bin/../lib/gcc/arm-none-eabi/10.2.1/../../../../arm-none-eabi/lib/thumb/v8-m.main+fp/hard\libc_nano.a(lib_a-readr.o)
 .ARM.attributes
                0x00001138       0x22 c:/siliconlabs/simplicitystudio/v5/developer/toolchains/gnu_arm/10.2_2020q4/bin/../lib/gcc/arm-none-eabi/10.2.1/thumb/v8-m.main+fp/hard/crtn.o

.comment        0x00000000       0x4d
 .comment       0x00000000       0x4d ./app.o
                                 0x4e (size before relaxing)
 .comment       0x0000004d       0x4e ./bh1750_driver.o
 .comment       0x0000004d       0x4e ./dht11_driver.o
 .comment       0x0000004d       0x4e ./lora.o
 .comment       0x0000004d       0x4e ./main.o
 .comment       0x0000004d       0x4e ./autogen/sl_board_default_init.o
 .comment       0x0000004d       0x4e ./autogen/sl_device_init_clocks.o
 .comment       0x0000004d       0x4e ./autogen/sl_event_handler.o
 .comment       0x0000004d       0x4e ./autogen/sl_i2cspm_init.o
 .comment       0x0000004d       0x4e ./autogen/sl_iostream_init_usart_instances.o
 .comment       0x0000004d       0x4e ./gecko_sdk_4.0.1/app/common/util/app_log/app_log.o
 .comment       0x0000004d       0x4e ./gecko_sdk_4.0.1/hardware/board/src/sl_board_control_gpio.o
 .comment       0x0000004d       0x4e ./gecko_sdk_4.0.1/hardware/board/src/sl_board_init.o
 .comment       0x0000004d       0x4e ./gecko_sdk_4.0.1/platform/Device/SiliconLabs/BGM22/Source/GCC/startup_bgm22.o
 .comment       0x0000004d       0x4e ./gecko_sdk_4.0.1/platform/Device/SiliconLabs/BGM22/Source/system_bgm22.o
 .comment       0x0000004d       0x4e ./gecko_sdk_4.0.1/platform/common/toolchain/src/sl_memory.o
 .comment       0x0000004d       0x4e ./gecko_sdk_4.0.1/platform/driver/i2cspm/src/sl_i2cspm.o
 .comment       0x0000004d       0x4e ./gecko_sdk_4.0.1/platform/emlib/src/em_assert.o
 .comment       0x0000004d       0x4e ./gecko_sdk_4.0.1/platform/emlib/src/em_cmu.o
 .comment       0x0000004d       0x4e ./gecko_sdk_4.0.1/platform/emlib/src/em_core.o
 .comment       0x0000004d       0x4e ./gecko_sdk_4.0.1/platform/emlib/src/em_emu.o
 .comment       0x0000004d       0x4e ./gecko_sdk_4.0.1/platform/emlib/src/em_eusart.o
 .comment       0x0000004d       0x4e ./gecko_sdk_4.0.1/platform/emlib/src/em_gpio.o
 .comment       0x0000004d       0x4e ./gecko_sdk_4.0.1/platform/emlib/src/em_i2c.o
 .comment       0x0000004d       0x4e ./gecko_sdk_4.0.1/platform/emlib/src/em_iadc.o
 .comment       0x0000004d       0x4e ./gecko_sdk_4.0.1/platform/emlib/src/em_usart.o
 .comment       0x0000004d       0x4e ./gecko_sdk_4.0.1/platform/service/device_init/src/sl_device_init_dcdc_s2.o
 .comment       0x0000004d       0x4e ./gecko_sdk_4.0.1/platform/service/device_init/src/sl_device_init_emu_s2.o
 .comment       0x0000004d       0x4e ./gecko_sdk_4.0.1/platform/service/device_init/src/sl_device_init_hfxo_s2.o
 .comment       0x0000004d       0x4e ./gecko_sdk_4.0.1/platform/service/device_init/src/sl_device_init_lfxo_s2.o
 .comment       0x0000004d       0x4e ./gecko_sdk_4.0.1/platform/service/device_init/src/sl_device_init_nvic.o
 .comment       0x0000004d       0x4e ./gecko_sdk_4.0.1/platform/service/iostream/src/sl_iostream.o
 .comment       0x0000004d       0x4e ./gecko_sdk_4.0.1/platform/service/iostream/src/sl_iostream_retarget_stdio.o
 .comment       0x0000004d       0x4e ./gecko_sdk_4.0.1/platform/service/iostream/src/sl_iostream_rtt.o
 .comment       0x0000004d       0x4e ./gecko_sdk_4.0.1/platform/service/iostream/src/sl_iostream_stdlib_config.o
 .comment       0x0000004d       0x4e ./gecko_sdk_4.0.1/platform/service/iostream/src/sl_iostream_uart.o
 .comment       0x0000004d       0x4e ./gecko_sdk_4.0.1/platform/service/iostream/src/sl_iostream_usart.o
 .comment       0x0000004d       0x4e ./gecko_sdk_4.0.1/platform/service/system/src/sl_system_init.o
 .comment       0x0000004d       0x4e ./gecko_sdk_4.0.1/platform/service/system/src/sl_system_process_action.o
 .comment       0x0000004d       0x4e ./gecko_sdk_4.0.1/platform/service/udelay/src/sl_udelay.o
 .comment       0x0000004d       0x4e ./gecko_sdk_4.0.1/util/third_party/segger/systemview/SEGGER/SEGGER_RTT.o

.debug_info     0x00000000    0x338ce
 .debug_info    0x00000000       0x54 ./app.o
 .debug_info    0x00000054      0x74a ./bh1750_driver.o
 .debug_info    0x0000079e     0x16b9 ./dht11_driver.o
 .debug_info    0x00001e57     0x2cc3 ./lora.o
 .debug_info    0x00004b1a     0x41d3 ./main.o
 .debug_info    0x00008ced       0x8a ./autogen/sl_board_default_init.o
 .debug_info    0x00008d77      0x388 ./autogen/sl_device_init_clocks.o
 .debug_info    0x000090ff     0x1310 ./autogen/sl_event_handler.o
 .debug_info    0x0000a40f      0x843 ./autogen/sl_i2cspm_init.o
 .debug_info    0x0000ac52     0x149a ./autogen/sl_iostream_init_usart_instances.o
 .debug_info    0x0000c0ec      0x5ba ./gecko_sdk_4.0.1/app/common/util/app_log/app_log.o
 .debug_info    0x0000c6a6      0x3a5 ./gecko_sdk_4.0.1/hardware/board/src/sl_board_control_gpio.o
 .debug_info    0x0000ca4b      0x27e ./gecko_sdk_4.0.1/hardware/board/src/sl_board_init.o
 .debug_info    0x0000ccc9      0x21f ./gecko_sdk_4.0.1/platform/Device/SiliconLabs/BGM22/Source/GCC/startup_bgm22.o
 .debug_info    0x0000cee8     0x1370 ./gecko_sdk_4.0.1/platform/Device/SiliconLabs/BGM22/Source/system_bgm22.o
 .debug_info    0x0000e258      0x209 ./gecko_sdk_4.0.1/platform/common/toolchain/src/sl_memory.o
 .debug_info    0x0000e461     0x1d69 ./gecko_sdk_4.0.1/platform/driver/i2cspm/src/sl_i2cspm.o
 .debug_info    0x000101ca       0x8a ./gecko_sdk_4.0.1/platform/emlib/src/em_assert.o
 .debug_info    0x00010254     0x72eb ./gecko_sdk_4.0.1/platform/emlib/src/em_cmu.o
 .debug_info    0x0001753f     0x13e0 ./gecko_sdk_4.0.1/platform/emlib/src/em_core.o
 .debug_info    0x0001891f     0x39ef ./gecko_sdk_4.0.1/platform/emlib/src/em_emu.o
 .debug_info    0x0001c30e     0x436b ./gecko_sdk_4.0.1/platform/emlib/src/em_eusart.o