Archive member included to satisfy reference by file (symbol)

c:/siliconlabs/simplicitystudio/v5/developer/toolchains/gnu_arm/10.2_2020q4/bin/../lib/gcc/arm-none-eabi/10.2.1/thumb/v8-m.main+fp/hard\libgcc.a(_arm_addsubdf3.o)
                              ./bh1750_driver.o (__aeabi_i2d)
c:/siliconlabs/simplicitystudio/v5/developer/toolchains/gnu_arm/10.2_2020q4/bin/../lib/gcc/arm-none-eabi/10.2.1/thumb/v8-m.main+fp/hard\libgcc.a(_arm_muldivdf3.o)
                              ./bh1750_driver.o (__aeabi_ddiv)
c:/siliconlabs/simplicitystudio/v5/developer/toolchains/gnu_arm/10.2_2020q4/bin/../lib/gcc/arm-none-eabi/10.2.1/thumb/v8-m.main+fp/hard\libgcc.a(_arm_fixunsdfsi.o)
                              ./bh1750_driver.o (__aeabi_d2uiz)
c:/siliconlabs/simplicitystudio/v5/developer/toolchains/gnu_arm/10.2_2020q4/bin/../lib/gcc/arm-none-eabi/10.2.1/thumb/v8-m.main+fp/hard\libgcc.a(_aeabi_ldivmod.o)
                              ./gecko_sdk_4.0.1/platform/emdrv/ustimer/src/ustimer.o (__aeabi_ldivmod)
c:/siliconlabs/simplicitystudio/v5/developer/toolchains/gnu_arm/10.2_2020q4/bin/../lib/gcc/arm-none-eabi/10.2.1/thumb/v8-m.main+fp/hard\libgcc.a(_aeabi_uldivmod.o)
                              ./gecko_sdk_4.0.1/platform/emdrv/ustimer/src/ustimer.o (__aeabi_uldivmod)
c:/siliconlabs/simplicitystudio/v5/developer/toolchains/gnu_arm/10.2_2020q4/bin/../lib/gcc/arm-none-eabi/10.2.1/thumb/v8-m.main+fp/hard\libgcc.a(_udivmoddi4.o)
                              c:/siliconlabs/simplicitystudio/v5/developer/toolchains/gnu_arm/10.2_2020q4/bin/../lib/gcc/arm-none-eabi/10.2.1/thumb/v8-m.main+fp/hard\libgcc.a(_aeabi_ldivmod.o) (__udivmoddi4)
c:/siliconlabs/simplicitystudio/v5/developer/toolchains/gnu_arm/10.2_2020q4/bin/../lib/gcc/arm-none-eabi/10.2.1/thumb/v8-m.main+fp/hard\libgcc.a(_dvmd_tls.o)
                              c:/siliconlabs/simplicitystudio/v5/developer/toolchains/gnu_arm/10.2_2020q4/bin/../lib/gcc/arm-none-eabi/10.2.1/thumb/v8-m.main+fp/hard\libgcc.a(_aeabi_ldivmod.o) (__aeabi_ldiv0)
c:/siliconlabs/simplicitystudio/v5/developer/toolchains/gnu_arm/10.2_2020q4/bin/../lib/gcc/arm-none-eabi/10.2.1/../../../../arm-none-eabi/lib/thumb/v8-m.main+fp/hard\libc_nano.a(lib_a-exit.o)
                              c:/siliconlabs/simplicitystudio/v5/developer/toolchains/gnu_arm/10.2_2020q4/bin/../lib/gcc/arm-none-eabi/10.2.1/../../../../arm-none-eabi/lib/thumb/v8-m.main+fp/hard/crt0.o (exit)
c:/siliconlabs/simplicitystudio/v5/developer/toolchains/gnu_arm/10.2_2020q4/bin/../lib/gcc/arm-none-eabi/10.2.1/../../../../arm-none-eabi/lib/thumb/v8-m.main+fp/hard\libc_nano.a(lib_a-impure.o)
                              c:/siliconlabs/simplicitystudio/v5/developer/toolchains/gnu_arm/10.2_2020q4/bin/../lib/gcc/arm-none-eabi/10.2.1/../../../../arm-none-eabi/lib/thumb/v8-m.main+fp/hard\libc_nano.a(lib_a-exit.o) (_global_impure_ptr)
c:/siliconlabs/simplicitystudio/v5/developer/toolchains/gnu_arm/10.2_2020q4/bin/../lib/gcc/arm-none-eabi/10.2.1/../../../../arm-none-eabi/lib/thumb/v8-m.main+fp/hard\libc_nano.a(lib_a-init.o)
                              c:/siliconlabs/simplicitystudio/v5/developer/toolchains/gnu_arm/10.2_2020q4/bin/../lib/gcc/arm-none-eabi/10.2.1/../../../../arm-none-eabi/lib/thumb/v8-m.main+fp/hard/crt0.o (__libc_init_array)
c:/siliconlabs/simplicitystudio/v5/developer/toolchains/gnu_arm/10.2_2020q4/bin/../lib/gcc/arm-none-eabi/10.2.1/../../../../arm-none-eabi/lib/thumb/v8-m.main+fp/hard\libc_nano.a(lib_a-memset.o)
                              c:/siliconlabs/simplicitystudio/v5/developer/toolchains/gnu_arm/10.2_2020q4/bin/../lib/gcc/arm-none-eabi/10.2.1/../../../../arm-none-eabi/lib/thumb/v8-m.main+fp/hard/crt0.o (memset)
c:/siliconlabs/simplicitystudio/v5/developer/toolchains/gnu_arm/10.2_2020q4/bin/../lib/gcc/arm-none-eabi/10.2.1/../../../../arm-none-eabi/lib/thumb/v8-m.main+fp/hard\libc_nano.a(lib_a-setvbuf.o)
                              ./gecko_sdk_4.0.1/platform/service/iostream/src/sl_iostream_stdlib_config.o (setvbuf)
c:/siliconlabs/simplicitystudio/v5/developer/toolchains/gnu_arm/10.2_2020q4/bin/../lib/gcc/arm-none-eabi/10.2.1/../../../../arm-none-eabi/lib/thumb/v8-m.main+fp/hard\libc_nano.a(lib_a-strcmp.o)
                              ./autogen/sl_iostream_handles.o (strcmp)
c:/siliconlabs/simplicitystudio/v5/developer/toolchains/gnu_arm/10.2_2020q4/bin/../lib/gcc/arm-none-eabi/10.2.1/../../../../arm-none-eabi/lib/thumb/v8-m.main+fp/hard\libc_nano.a(lib_a-vprintf.o)
                              ./gecko_sdk_4.0.1/platform/service/iostream/src/sl_iostream.o (vprintf)
c:/siliconlabs/simplicitystudio/v5/developer/toolchains/gnu_arm/10.2_2020q4/bin/../lib/gcc/arm-none-eabi/10.2.1/../../../../arm-none-eabi/lib/thumb/v8-m.main+fp/hard\libc_nano.a(lib_a-fflush.o)
                              c:/siliconlabs/simplicitystudio/v5/developer/toolchains/gnu_arm/10.2_2020q4/bin/../lib/gcc/arm-none-eabi/10.2.1/../../../../arm-none-eabi/lib/thumb/v8-m.main+fp/hard\libc_nano.a(lib_a-setvbuf.o) (_fflush_r)
[...]
Memory Configuration

Name             Origin             Length             Attributes
FLASH            0x00000000         0x0007e000         xr
RAM              0x20000000         0x00008000         xrw
*default*        0x00000000         0xffffffff

Linker script and memory map

LOAD c:/siliconlabs/simplicitystudio/v5/developer/toolchains/gnu_arm/10.2_2020q4/bin/../lib/gcc/arm-none-eabi/10.2.1/thumb/v8-m.main+fp/hard/crti.o
LOAD c:/siliconlabs/simplicitystudio/v5/developer/toolchains/gnu_arm/10.2_2020q4/bin/../lib/gcc/arm-none-eabi/10.2.1/thumb/v8-m.main+fp/hard/crtbegin.o
LOAD c:/siliconlabs/simplicitystudio/v5/developer/toolchains/gnu_arm/10.2_2020q4/bin/../lib/gcc/arm-none-eabi/10.2.1/../../../../arm-none-eabi/lib/thumb/v8-m.main+fp/hard/crt0.o
START GROUP
LOAD ./app.o
LOAD ./bh1750_driver.o
LOAD ./dht11_driver.o
LOAD ./ds18b20_driver.o
LOAD ./main.o
LOAD ./one_wire.o
LOAD ./autogen/sl_board_default_init.o
LOAD ./autogen/sl_device_init_clocks.o
LOAD ./autogen/sl_event_handler.o
LOAD ./autogen/sl_i2cspm_init.o
LOAD ./autogen/sl_iostream_handles.o
LOAD ./autogen/sl_iostream_init_usart_instances.o
LOAD ./gecko_sdk_4.0.1/app/common/util/app_log/app_log.o
LOAD ./gecko_sdk_4.0.1/hardware/board/src/sl_board_control_gpio.o
LOAD ./gecko_sdk_4.0.1/hardware/board/src/sl_board_init.o
LOAD ./gecko_sdk_4.0.1/platform/Device/SiliconLabs/BGM22/Source/GCC/startup_bgm22.o
LOAD ./gecko_sdk_4.0.1/platform/Device/SiliconLabs/BGM22/Source/system_bgm22.o
LOAD ./gecko_sdk_4.0.1/platform/common/toolchain/src/sl_memory.o
LOAD ./gecko_sdk_4.0.1/platform/driver/i2cspm/src/sl_i2cspm.o
LOAD ./gecko_sdk_4.0.1/platform/emdrv/ustimer/src/ustimer.o
LOAD ./gecko_sdk_4.0.1/platform/emlib/src/em_assert.o
LOAD ./gecko_sdk_4.0.1/platform/emlib/src/em_cmu.o
LOAD ./gecko_sdk_4.0.1/platform/emlib/src/em_core.o
LOAD ./gecko_sdk_4.0.1/platform/emlib/src/em_emu.o
LOAD ./gecko_sdk_4.0.1/platform/emlib/src/em_gpio.o
LOAD ./gecko_sdk_4.0.1/platform/emlib/src/em_i2c.o
LOAD ./gecko_sdk_4.0.1/platform/emlib/src/em_iadc.o
LOAD ./gecko_sdk_4.0.1/platform/emlib/src/em_system.o
LOAD ./gecko_sdk_4.0.1/platform/emlib/src/em_timer.o
LOAD ./gecko_sdk_4.0.1/platform/emlib/src/em_usart.o
LOAD ./gecko_sdk_4.0.1/platform/service/device_init/src/sl_device_init_dcdc_s2.o
LOAD ./gecko_sdk_4.0.1/platform/service/device_init/src/sl_device_init_emu_s2.o
LOAD ./gecko_sdk_4.0.1/platform/service/device_init/src/sl_device_init_hfxo_s2.o
LOAD ./gecko_sdk_4.0.1/platform/service/device_init/src/sl_device_init_lfxo_s2.o
LOAD ./gecko_sdk_4.0.1/platform/service/device_init/src/sl_device_init_nvic.o
LOAD ./gecko_sdk_4.0.1/platform/service/iostream/src/sl_iostream.o
LOAD ./gecko_sdk_4.0.1/platform/service/iostream/src/sl_iostream_retarget_stdio.o
LOAD ./gecko_sdk_4.0.1/platform/service/iostream/src/sl_iostream_stdlib_config.o
LOAD ./gecko_sdk_4.0.1/platform/service/iostream/src/sl_iostream_uart.o
LOAD ./gecko_sdk_4.0.1/platform/service/iostream/src/sl_iostream_usart.o
LOAD ./gecko_sdk_4.0.1/platform/service/system/src/sl_system_init.o
LOAD ./gecko_sdk_4.0.1/platform/service/system/src/sl_system_process_action.o
LOAD ./gecko_sdk_4.0.1/platform/service/udelay/src/sl_udelay.o
LOAD ./gecko_sdk_4.0.1/platform/service/udelay/src/sl_udelay_armv6m_gcc.o
LOAD c:/siliconlabs/simplicitystudio/v5/developer/toolchains/gnu_arm/10.2_2020q4/bin/../lib/gcc/arm-none-eabi/10.2.1/thumb/v8-m.main+fp/hard\libgcc.a
LOAD c:/siliconlabs/simplicitystudio/v5/developer/toolchains/gnu_arm/10.2_2020q4/bin/../lib/gcc/arm-none-eabi/10.2.1/../../../../arm-none-eabi/lib/thumb/v8-m.main+fp/hard\libc_nano.a
LOAD c:/siliconlabs/simplicitystudio/v5/developer/toolchains/gnu_arm/10.2_2020q4/bin/../lib/gcc/arm-none-eabi/10.2.1/../../../../arm-none-eabi/lib/thumb/v8-m.main+fp/hard\libm.a
LOAD c:/siliconlabs/simplicitystudio/v5/developer/toolchains/gnu_arm/10.2_2020q4/bin/../lib/gcc/arm-none-eabi/10.2.1/../../../../arm-none-eabi/lib/thumb/v8-m.main+fp/hard\libnosys.a
END GROUP
START GROUP
LOAD c:/siliconlabs/simplicitystudio/v5/developer/toolchains/gnu_arm/10.2_2020q4/bin/../lib/gcc/arm-none-eabi/10.2.1/thumb/v8-m.main+fp/hard\libgcc.a
LOAD c:/siliconlabs/simplicitystudio/v5/developer/toolchains/gnu_arm/10.2_2020q4/bin/../lib/gcc/arm-none-eabi/10.2.1/../../../../arm-none-eabi/lib/thumb/v8-m.main+fp/hard\libc_nano.a
LOAD c:/siliconlabs/simplicitystudio/v5/developer/toolchains/gnu_arm/10.2_2020q4/bin/../lib/gcc/arm-none-eabi/10.2.1/../../../../arm-none-eabi/lib/thumb/v8-m.main+fp/hard\libnosys.a
END GROUP
START GROUP
LOAD c:/siliconlabs/simplicitystudio/v5/developer/toolchains/gnu_arm/10.2_2020q4/bin/../lib/gcc/arm-none-eabi/10.2.1/thumb/v8-m.main+fp/hard\libgcc.a
LOAD c:/siliconlabs/simplicitystudio/v5/developer/toolchains/gnu_arm/10.2_2020q4/bin/../lib/gcc/arm-none-eabi/10.2.1/../../../../arm-none-eabi/lib/thumb/v8-m.main+fp/hard\libg_nano.a
LOAD c:/siliconlabs/simplicitystudio/v5/developer/toolchains/gnu_arm/10.2_2020q4/bin/../lib/gcc/arm-none-eabi/10.2.1/../../../../arm-none-eabi/lib/thumb/v8-m.main+fp/hard\libc_nano.a
END GROUP
START GROUP
LOAD c:/siliconlabs/simplicitystudio/v5/developer/toolchains/gnu_arm/10.2_2020q4/bin/../lib/gcc/arm-none-eabi/10.2.1/thumb/v8-m.main+fp/hard\libgcc.a
LOAD c:/siliconlabs/simplicitystudio/v5/developer/toolchains/gnu_arm/10.2_2020q4/bin/../lib/gcc/arm-none-eabi/10.2.1/../../../../arm-none-eabi/lib/thumb/v8-m.main+fp/hard\libc_nano.a
END GROUP
LOAD c:/siliconlabs/simplicitystudio/v5/developer/toolchains/gnu_arm/10.2_2020q4/bin/../lib/gcc/arm-none-eabi/10.2.1/thumb/v8-m.main+fp/hard/crtend.o
LOAD c:/siliconlabs/simplicitystudio/v5/developer/toolchains/gnu_arm/10.2_2020q4/bin/../lib/gcc/arm-none-eabi/10.2.1/thumb/v8-m.main+fp/hard/crtn.o

.text           0x00000000     0x450c
                0x00000000                linker_vectors_begin = .
 *(.vectors)
 .vectors       0x00000000      0x140 ./gecko_sdk_4.0.1/platform/Device/SiliconLabs/BGM22/Source/GCC/startup_bgm22.o
                0x00000000                __Vectors
                0x00000140                linker_vectors_end = .
                0x00000140                __Vectors_End = .
                0x00000140                __Vectors_Size = (__Vectors_End - __Vectors)
                0x00000140                linker_code_begin = .
 *(.text*)
 .text          0x00000140       0x40 c:/siliconlabs/simplicitystudio/v5/developer/toolchains/gnu_arm/10.2_2020q4/bin/../lib/gcc/arm-none-eabi/10.2.1/thumb/v8-m.main+fp/hard/crtbegin.o
 .text          0x00000180       0x7c c:/siliconlabs/simplicitystudio/v5/developer/toolchains/gnu_arm/10.2_2020q4/bin/../lib/gcc/arm-none-eabi/10.2.1/../../../../arm-none-eabi/lib/thumb/v8-m.main+fp/hard/crt0.o
                0x00000180                _stack_init
                0x00000188                _start
                0x00000188                _mainCRTStartup
 .text.app_init
                0x000001fc        0x2 ./app.o
                0x000001fc                app_init
 .text.app_process_action
                0x000001fe        0x2 ./app.o
                0x000001fe                app_process_action
 .text.GPIO_PinInGet.constprop.0
                0x00000200       0x10 ./dht11_driver.o
 .text.DHT11_Start
                0x00000210       0x58 ./dht11_driver.o
                0x00000210                DHT11_Start
 .text.DHT11_Read
                0x00000268       0x4a ./dht11_driver.o
                0x00000268                DHT11_Read
 .text.DHT11_Read_Temp_Hum
                0x000002b2       0x1e ./dht11_driver.o
                0x000002b2                DHT11_Read_Temp_Hum
 .text.startup.main
                0x000002d0      0x10c ./main.o
                0x000002d0                main
 .text.sl_board_default_init
                0x000003dc        0x2 ./autogen/sl_board_default_init.o
                0x000003dc                sl_board_default_init
 .text.sl_device_init_clocks
                0x000003de       0x46 ./autogen/sl_device_init_clocks.o
                0x000003de                sl_device_init_clocks
 .text.sl_platform_init
                0x00000424       0x60 ./autogen/sl_event_handler.o
                0x00000424                sl_platform_init
 .text.sl_driver_init
                0x00000484        0x4 ./autogen/sl_event_handler.o
                0x00000484                sl_driver_init
 .text.sl_service_init
                0x00000488       0x12 ./autogen/sl_event_handler.o
                0x00000488                sl_service_init
 .text.sl_stack_init
                0x0000049a        0x2 ./autogen/sl_event_handler.o
                0x0000049a                sl_stack_init
 .text.sl_internal_app_init
                0x0000049c        0x4 ./autogen/sl_event_handler.o
                0x0000049c                sl_internal_app_init
 .text.sl_i2cspm_init_instances
                0x000004a0       0x18 ./autogen/sl_i2cspm_init.o
                0x000004a0                sl_i2cspm_init_instances
 .text.sl_iostream_usart_init_vcom
                0x000004b8       0x64 ./autogen/sl_iostream_init_usart_instances.o
                0x000004b8                sl_iostream_usart_init_vcom
 .text.sl_iostream_usart_init_instances
                0x0000051c        0x4 ./autogen/sl_iostream_init_usart_instances.o
                0x0000051c                sl_iostream_usart_init_instances
 .text.USART1_RX_IRQHandler
                0x00000520        0xc ./autogen/sl_iostream_init_usart_instances.o
                0x00000520                USART1_RX_IRQHandler
 .text.USART1_TX_IRQHandler
                0x0000052c        0x4 ./autogen/sl_iostream_init_usart_instances.o
                0x0000052c                USART1_TX_IRQHandler
 .text._app_log_check_level
                0x00000530       0x40 ./gecko_sdk_4.0.1/app/common/util/app_log/app_log.o
                0x00000530                _app_log_check_level
 .text._app_log_time
                0x00000570        0x2 ./gecko_sdk_4.0.1/app/common/util/app_log/app_log.o
                0x00000570                _app_log_time
 .text._app_log_counter
                0x00000572        0x2 ./gecko_sdk_4.0.1/app/common/util/app_log/app_log.o
                0x00000572                _app_log_counter
 .text.app_log_init
                0x00000574       0x38 ./gecko_sdk_4.0.1/app/common/util/app_log/app_log.o
                0x00000574                app_log_init
 .text.sl_board_configure_vcom
                0x000005ac        0x4 ./gecko_sdk_4.0.1/hardware/board/src/sl_board_control_gpio.o
                0x000005ac                sl_board_configure_vcom
 .text.sl_board_init
                0x000005b0       0x12 ./gecko_sdk_4.0.1/hardware/board/src/sl_board_init.o
                0x000005b0                sl_board_init
 .text.sl_board_preinit
                0x000005c2        0x8 ./gecko_sdk_4.0.1/hardware/board/src/sl_board_init.o
                0x000005c2                sl_board_preinit
 .text.Default_Handler
                0x000005ca        0x2 ./gecko_sdk_4.0.1/platform/Device/SiliconLabs/BGM22/Source/GCC/startup_bgm22.o
                0x000005ca                ULFRCO_IRQHandler
                0x000005ca                SW2_IRQHandler
                0x000005ca                TIMER2_IRQHandler
                0x000005ca                DebugMon_Handler
                0x000005ca                PKE_IRQHandler
                0x000005ca                USART0_TX_IRQHandler
                0x000005ca                PRORTC_IRQHandler
                0x000005ca                IADC_IRQHandler
                0x000005ca                I2C0_IRQHandler
                0x000005ca                LFXO_IRQHandler
                0x000005ca                CRYPTOACC_IRQHandler
                0x000005ca                HardFault_Handler
                0x000005ca                SMU_SECURE_IRQHandler
                0x000005ca                SysTick_Handler
                0x000005ca                EMUEFP_IRQHandler
                0x000005ca                PendSV_Handler
                0x000005ca                NMI_Handler
                0x000005ca                SYNTH_IRQHandler
                0x000005ca                HFXO0_IRQHandler
                0x000005ca                I2C1_IRQHandler
                0x000005ca                PDM_IRQHandler
                0x000005ca                WDOG0_IRQHandler
                0x000005ca                TIMER3_IRQHandler
                0x000005ca                SYSCFG_IRQHandler
                0x000005ca                EMUSE_IRQHandler
                0x000005ca                EMUDG_IRQHandler
                0x000005ca                SMU_PRIVILEGED_IRQHandler
                0x000005ca                MSC_IRQHandler
                0x000005ca                DPLL0_IRQHandler
                0x000005ca                UsageFault_Handler
                0x000005ca                M33CTI1_IRQHandler
                0x000005ca                TIMER4_IRQHandler
                0x000005ca                GPIO_EVEN_IRQHandler
                0x000005ca                LDMA_IRQHandler
                0x000005ca                SW0_IRQHandler
                0x000005ca                LETIMER0_IRQHandler
                0x000005ca                TIMER1_IRQHandler
                0x000005ca                HFRCO0_IRQHandler
                0x000005ca                RFSENSE_IRQHandler
                0x000005ca                BUFC_IRQHandler
                0x000005ca                DCDC_IRQHandler
                0x000005ca                MODEM_IRQHandler
                0x000005ca                Default_Handler
                0x000005ca                RAC_SEQ_IRQHandler
                0x000005ca                FRC_PRI_IRQHandler
                0x000005ca                EMU_IRQHandler
                0x000005ca                SW3_IRQHandler
                0x000005ca                KERNEL0_IRQHandler
                0x000005ca                FRC_IRQHandler
                0x000005ca                KERNEL1_IRQHandler
                0x000005ca                AGC_IRQHandler
                0x000005ca                sl_app_properties
                0x000005ca                BURTC_IRQHandler
                0x000005ca                LFRCO_IRQHandler
                0x000005ca                USART0_RX_IRQHandler
                0x000005ca                MemManage_Handler
                0x000005ca                RDMAILBOX_IRQHandler
                0x000005ca                SVC_Handler
                0x000005ca                RTCC_IRQHandler
                0x000005ca                SW1_IRQHandler
                0x000005ca                CMU_IRQHandler
                0x000005ca                RAC_RSM_IRQHandler
                0x000005ca                EUART0_TX_IRQHandler
                0x000005ca                EUART0_RX_IRQHandler
                0x000005ca                GPIO_ODD_IRQHandler
                0x000005ca                AES_IRQHandler
                0x000005ca                M33CTI0_IRQHandler
                0x000005ca                ICACHE0_IRQHandler
                0x000005ca                SMU_NS_PRIVILEGED_IRQHandler
                0x000005ca                PROTIMER_IRQHandler
                0x000005ca                BusFault_Handler
                0x000005ca                TRNG_IRQHandler
 .text.Reset_Handler
                0x000005cc       0x2c ./gecko_sdk_4.0.1/platform/Device/SiliconLabs/BGM22/Source/GCC/startup_bgm22.o
                0x000005cc                Reset_Handler
 .text.SystemInit
                0x000005f8       0x1c ./gecko_sdk_4.0.1/platform/Device/SiliconLabs/BGM22/Source/system_bgm22.o
                0x000005f8                SystemInit
 .text.SystemHFRCODPLLClockGet
                0x00000614        0xc ./gecko_sdk_4.0.1/platform/Device/SiliconLabs/BGM22/Source/system_bgm22.o
                0x00000614                SystemHFRCODPLLClockGet
 .text.SystemSYSCLKGet
                0x00000620       0x34 ./gecko_sdk_4.0.1/platform/Device/SiliconLabs/BGM22/Source/system_bgm22.o
                0x00000620                SystemSYSCLKGet
 .text.SystemHCLKGet
                0x00000654       0x24 ./gecko_sdk_4.0.1/platform/Device/SiliconLabs/BGM22/Source/system_bgm22.o
                0x00000654                SystemHCLKGet
 .text.SystemMaxCoreClockGet
                0x00000678        0x8 ./gecko_sdk_4.0.1/platform/Device/SiliconLabs/BGM22/Source/system_bgm22.o
                0x00000678                SystemMaxCoreClockGet
 .text.SystemHFXOClockGet
                0x00000680        0xc ./gecko_sdk_4.0.1/platform/Device/SiliconLabs/BGM22/Source/system_bgm22.o
                0x00000680                SystemHFXOClockGet
 .text.SystemHFXOClockSet
                0x0000068c       0x20 ./gecko_sdk_4.0.1/platform/Device/SiliconLabs/BGM22/Source/system_bgm22.o
                0x0000068c                SystemHFXOClockSet
 .text.SystemCLKIN0Get
                0x000006ac        0x4 ./gecko_sdk_4.0.1/platform/Device/SiliconLabs/BGM22/Source/system_bgm22.o
                0x000006ac                SystemCLKIN0Get
 .text.SystemFSRCOClockGet
                0x000006b0        0x8 ./gecko_sdk_4.0.1/platform/Device/SiliconLabs/BGM22/Source/system_bgm22.o
                0x000006b0                SystemFSRCOClockGet
 .text.SystemLFRCOClockGet
                0x000006b8        0x6 ./gecko_sdk_4.0.1/platform/Device/SiliconLabs/BGM22/Source/system_bgm22.o
                0x000006b8                SystemLFRCOClockGet
 .text.SystemULFRCOClockGet
                0x000006be        0x6 ./gecko_sdk_4.0.1/platform/Device/SiliconLabs/BGM22/Source/system_bgm22.o
                0x000006be                SystemULFRCOClockGet
 .text.SystemLFXOClockGet
                0x000006c4        0xc ./gecko_sdk_4.0.1/platform/Device/SiliconLabs/BGM22/Source/system_bgm22.o
                0x000006c4                SystemLFXOClockGet
 .text._sbrk    0x000006d0       0x20 ./gecko_sdk_4.0.1/platform/common/toolchain/src/sl_memory.o
                0x000006d0                _sbrk
 .text.I2CSPM_Init
                0x000006f0      0x180 ./gecko_sdk_4.0.1/platform/driver/i2cspm/src/sl_i2cspm.o
                0x000006f0                I2CSPM_Init
 .text.DelayTicksEM1.part.0
                0x00000870       0x7c ./gecko_sdk_4.0.1/platform/emdrv/ustimer/src/ustimer.o
 .text.USTIMER_Init
                0x000008ec       0xf0 ./gecko_sdk_4.0.1/platform/emdrv/ustimer/src/ustimer.o
                0x000008ec                USTIMER_Init
 .text.USTIMER_Delay
                0x000009dc       0x58 ./gecko_sdk_4.0.1/platform/emdrv/ustimer/src/ustimer.o
                0x000009dc                USTIMER_Delay
 .text.TIMER0_IRQHandler
                0x00000a34       0x24 ./gecko_sdk_4.0.1/platform/emdrv/ustimer/src/ustimer.o
                0x00000a34                TIMER0_IRQHandler
 .text.assertEFM
                0x00000a58        0x2 ./gecko_sdk_4.0.1/platform/emlib/src/em_assert.o
                0x00000a58                assertEFM
 .text.EMU_VScaleGet
                0x00000a5a       0x16 ./gecko_sdk_4.0.1/platform/emlib/src/em_cmu.o
 .text.em01GrpaClkGet
                0x00000a70       0x54 ./gecko_sdk_4.0.1/platform/emlib/src/em_cmu.o
 .text.iadcClkGet
                0x00000ac4       0x54 ./gecko_sdk_4.0.1/platform/emlib/src/em_cmu.o
 .text.em01GrpbClkGet
                0x00000b18       0x70 ./gecko_sdk_4.0.1/platform/emlib/src/em_cmu.o
 .text.em23GrpaClkGet
                0x00000b88       0x54 ./gecko_sdk_4.0.1/platform/emlib/src/em_cmu.o
 .text.wdog0ClkGet
                0x00000bdc       0x60 ./gecko_sdk_4.0.1/platform/emlib/src/em_cmu.o
 .text.rtccClkGet
                0x00000c3c       0x54 ./gecko_sdk_4.0.1/platform/emlib/src/em_cmu.o
 .text.em4GrpaClkGet
                0x00000c90       0x54 ./gecko_sdk_4.0.1/platform/emlib/src/em_cmu.o
 .text.euart0ClkGet
                0x00000ce4       0x48 ./gecko_sdk_4.0.1/platform/emlib/src/em_cmu.o
 .text.CMU_ClockDivGet
                0x00000d2c       0x84 ./gecko_sdk_4.0.1/platform/emlib/src/em_cmu.o
                0x00000d2c                CMU_ClockDivGet
 .text.flashWaitStateControl
                0x00000db0       0x50 ./gecko_sdk_4.0.1/platform/emlib/src/em_cmu.o
 .text.waitStateMax
                0x00000e00       0x10 ./gecko_sdk_4.0.1/platform/emlib/src/em_cmu.o
 .text.CMU_ClockEnable
                0x00000e10       0x54 ./gecko_sdk_4.0.1/platform/emlib/src/em_cmu.o
                0x00000e10                CMU_ClockEnable
 .text.CMU_ClockFreqGet
                0x00000e64      0x198 ./gecko_sdk_4.0.1/platform/emlib/src/em_cmu.o
                0x00000e64                CMU_ClockFreqGet
 .text.rhclkPrescOptimize
                0x00000ffc       0x20 ./gecko_sdk_4.0.1/platform/emlib/src/em_cmu.o
 .text.CMU_ClockSelectGet
                0x0000101c      0x188 ./gecko_sdk_4.0.1/platform/emlib/src/em_cmu.o
                0x0000101c                CMU_ClockSelectGet
 .text.CMU_HFXOInit
                0x000011a4      0x1d8 ./gecko_sdk_4.0.1/platform/emlib/src/em_cmu.o
                0x000011a4                CMU_HFXOInit
 .text.CMU_HFXOCTuneDeltaGet
                0x0000137c        0xc ./gecko_sdk_4.0.1/platform/emlib/src/em_cmu.o
                0x0000137c                CMU_HFXOCTuneDeltaGet
 .text.CMU_LFXOInit
                0x00001388       0xc4 ./gecko_sdk_4.0.1/platform/emlib/src/em_cmu.o
                0x00001388                CMU_LFXOInit
 .text.CMU_LFXOPrecisionSet
                0x0000144c        0xc ./gecko_sdk_4.0.1/platform/emlib/src/em_cmu.o
                0x0000144c                CMU_LFXOPrecisionSet
 .text.CMU_UpdateWaitStates
                0x00001458        0xc ./gecko_sdk_4.0.1/platform/emlib/src/em_cmu.o
                0x00001458                CMU_UpdateWaitStates
 .text.CMU_ClockDivSet
                0x00001464      0x104 ./gecko_sdk_4.0.1/platform/emlib/src/em_cmu.o
                0x00001464                CMU_ClockDivSet
 .text.pclkDivMax
                0x00001568        0xa ./gecko_sdk_4.0.1/platform/emlib/src/em_cmu.o
 *fill*         0x00001572        0x2 
 .text.pclkDivOptimize
                0x00001574       0x24 ./gecko_sdk_4.0.1/platform/emlib/src/em_cmu.o
 .text.CMU_ClockSelectSet
                0x00001598      0x3c4 ./gecko_sdk_4.0.1/platform/emlib/src/em_cmu.o
                0x00001598                CMU_ClockSelectSet
 .text.CORE_EnterCritical
                0x0000195c        0x8 ./gecko_sdk_4.0.1/platform/emlib/src/em_core.o
                0x0000195c                CORE_EnterCritical
 .text.CORE_ExitCritical
                0x00001964        0x6 ./gecko_sdk_4.0.1/platform/emlib/src/em_core.o
                0x00001964                CORE_ExitCritical
 .text.CORE_EnterAtomic
                0x0000196a        0xc ./gecko_sdk_4.0.1/platform/emlib/src/em_core.o
                0x0000196a                CORE_EnterAtomic
 .text.CORE_ExitAtomic
                0x00001976        0x6 ./gecko_sdk_4.0.1/platform/emlib/src/em_core.o
                0x00001976                CORE_ExitAtomic
 .text.EMU_EM4Init
                0x0000197c       0x12 ./gecko_sdk_4.0.1/platform/emlib/src/em_emu.o
                0x0000197c                EMU_EM4Init
 .text.EMU_EFPEM01VScale
                0x0000198e        0x2 ./gecko_sdk_4.0.1/platform/emlib/src/em_emu.o
                0x0000198e                EMU_EFPEM01VScale
 .text.EMU_VScaleEM01
                0x00001990       0xb0 ./gecko_sdk_4.0.1/platform/emlib/src/em_emu.o
                0x00001990                EMU_VScaleEM01
 .text.EMU_VScaleEM01ByClock
                0x00001a40       0x30 ./gecko_sdk_4.0.1/platform/emlib/src/em_emu.o
                0x00001a40                EMU_VScaleEM01ByClock
 .text.EMU_DCDCModeSet
                0x00001a70       0x74 ./gecko_sdk_4.0.1/platform/emlib/src/em_emu.o
                0x00001a70                EMU_DCDCModeSet
 .text.EMU_DCDCInit
                0x00001ae4       0x74 ./gecko_sdk_4.0.1/platform/emlib/src/em_emu.o
                0x00001ae4                EMU_DCDCInit
 .text.GPIO_PinOutSet
                0x00001b58       0x54 ./gecko_sdk_4.0.1/platform/emlib/src/em_gpio.o
 .text.GPIO_PinOutClear
                0x00001bac       0x54 ./gecko_sdk_4.0.1/platform/emlib/src/em_gpio.o
 .text.BUS_RegMaskedWrite
                0x00001c00       0x22 ./gecko_sdk_4.0.1/platform/emlib/src/em_gpio.o
 *fill*         0x00001c22        0x2 
 .text.GPIO_PinModeSet
                0x00001c24       0xa0 ./gecko_sdk_4.0.1/platform/emlib/src/em_gpio.o
                0x00001c24                GPIO_PinModeSet
 .text.I2C_BusFreqSet
                0x00001cc4       0xe8 ./gecko_sdk_4.0.1/platform/emlib/src/em_i2c.o
                0x00001cc4                I2C_BusFreqSet
 .text.I2C_Enable
                0x00001dac       0x3c ./gecko_sdk_4.0.1/platform/emlib/src/em_i2c.o
                0x00001dac                I2C_Enable
 .text.I2C_Init
                0x00001de8       0x68 ./gecko_sdk_4.0.1/platform/emlib/src/em_i2c.o
                0x00001de8                I2C_Init
 .text.TIMER_Valid
                0x00001e50       0x34 ./gecko_sdk_4.0.1/platform/emlib/src/em_timer.o
 .text.timerPrsConfig
                0x00001e84       0x7c ./gecko_sdk_4.0.1/platform/emlib/src/em_timer.o
 .text.TIMER_SyncWait
                0x00001f00        0xe ./gecko_sdk_4.0.1/platform/emlib/src/em_timer.o
                0x00001f00                TIMER_SyncWait
 *fill*         0x00001f0e        0x2 
 .text.TIMER_Init
                0x00001f10       0xb0 ./gecko_sdk_4.0.1/platform/emlib/src/em_timer.o
                0x00001f10                TIMER_Init
 .text.TIMER_InitCC
                0x00001fc0       0xb4 ./gecko_sdk_4.0.1/platform/emlib/src/em_timer.o
                0x00001fc0                TIMER_InitCC
 .text.USART_BaudrateAsyncSet
                0x00002074       0xe0 ./gecko_sdk_4.0.1/platform/emlib/src/em_usart.o
                0x00002074                USART_BaudrateAsyncSet
 .text.USART_Enable
                0x00002154       0x44 ./gecko_sdk_4.0.1/platform/emlib/src/em_usart.o
                0x00002154                USART_Enable
 .text.USART_Reset
                0x00002198       0x78 ./gecko_sdk_4.0.1/platform/emlib/src/em_usart.o
                0x00002198                USART_Reset
 .text.USART_InitAsync
                0x00002210      0x124 ./gecko_sdk_4.0.1/platform/emlib/src/em_usart.o
                0x00002210                USART_InitAsync
 .text.USART_Rx
                0x00002334        0xc ./gecko_sdk_4.0.1/platform/emlib/src/em_usart.o
                0x00002334                USART_Rx
 .text.USART_Tx
                0x00002340        0xa ./gecko_sdk_4.0.1/platform/emlib/src/em_usart.o
                0x00002340                USART_Tx
 *fill*         0x0000234a        0x2 
 .text.sl_device_init_dcdc
                0x0000234c       0x20 ./gecko_sdk_4.0.1/platform/service/device_init/src/sl_device_init_dcdc_s2.o
                0x0000234c                sl_device_init_dcdc
 .text.sl_device_init_emu
                0x0000236c       0x22 ./gecko_sdk_4.0.1/platform/service/device_init/src/sl_device_init_emu_s2.o
                0x0000236c                sl_device_init_emu
 *fill*         0x0000238e        0x2 
 .text.sl_device_init_hfxo
                0x00002390       0x7c ./gecko_sdk_4.0.1/platform/service/device_init/src/sl_device_init_hfxo_s2.o
                0x00002390                sl_device_init_hfxo
 .text.sl_device_init_lfxo
                0x0000240c       0x34 ./gecko_sdk_4.0.1/platform/service/device_init/src/sl_device_init_lfxo_s2.o
                0x0000240c                sl_device_init_lfxo
 .text.sl_device_init_nvic
                0x00002440       0x3c ./gecko_sdk_4.0.1/platform/service/device_init/src/sl_device_init_nvic.o
                0x00002440                sl_device_init_nvic
 .text.sl_iostream_set_default
                0x0000247c       0x18 ./gecko_sdk_4.0.1/platform/service/iostream/src/sl_iostream.o
                0x0000247c                sl_iostream_set_default
 .text.sl_iostream_get_default
                0x00002494       0x18 ./gecko_sdk_4.0.1/platform/service/iostream/src/sl_iostream.o
                0x00002494                sl_iostream_get_default
 .text.sl_iostream_write
                0x000024ac       0x28 ./gecko_sdk_4.0.1/platform/service/iostream/src/sl_iostream.o
                0x000024ac                sl_iostream_write
 .text.sl_iostream_read
                0x000024d4       0x32 ./gecko_sdk_4.0.1/platform/service/iostream/src/sl_iostream.o
                0x000024d4                sl_iostream_read
 .text.sl_iostream_printf
                0x00002506       0x50 ./gecko_sdk_4.0.1/platform/service/iostream/src/sl_iostream.o
                0x00002506                sl_iostream_printf
 .text._close   0x00002556        0x4 ./gecko_sdk_4.0.1/platform/service/iostream/src/sl_iostream_retarget_stdio.o
                0x00002556                _close
 .text._exit    0x0000255a        0x2 ./gecko_sdk_4.0.1/platform/service/iostream/src/sl_iostream_retarget_stdio.o
                0x0000255a                _exit
 .text._fstat   0x0000255c        0xa ./gecko_sdk_4.0.1/platform/service/iostream/src/sl_iostream_retarget_stdio.o
                0x0000255c                _fstat
 .text._isatty  0x00002566        0x4 ./gecko_sdk_4.0.1/platform/service/iostream/src/sl_iostream_retarget_stdio.o
                0x00002566                _isatty
 .text._lseek   0x0000256a        0x4 ./gecko_sdk_4.0.1/platform/service/iostream/src/sl_iostream_retarget_stdio.o
                0x0000256a                _lseek
 .text._read    0x0000256e       0x1c ./gecko_sdk_4.0.1/platform/service/iostream/src/sl_iostream_retarget_stdio.o
                0x0000256e                _read
 *fill*         0x0000258a        0x2 
 .text._write   0x0000258c       0x1c ./gecko_sdk_4.0.1/platform/service/iostream/src/sl_iostream_retarget_stdio.o
                0x0000258c                _write
 .text.sl_iostream_stdlib_disable_buffering
                0x000025a8       0x14 ./gecko_sdk_4.0.1/platform/service/iostream/src/sl_iostream_stdlib_config.o
                0x000025a8                sl_iostream_stdlib_disable_buffering
 .text.set_auto_cr_lf
                0x000025bc        0x6 ./gecko_sdk_4.0.1/platform/service/iostream/src/sl_iostream_uart.o
 .text.get_auto_cr_lf
                0x000025c2        0x6 ./gecko_sdk_4.0.1/platform/service/iostream/src/sl_iostream_uart.o
 .text.uart_deinit
                0x000025c8       0x56 ./gecko_sdk_4.0.1/platform/service/iostream/src/sl_iostream_uart.o
 .text.nolock_uart_write.isra.0
                0x0000261e       0x4e ./gecko_sdk_4.0.1/platform/service/iostream/src/sl_iostream_uart.o
 .text.uart_read
                0x0000266c       0x84 ./gecko_sdk_4.0.1/platform/service/iostream/src/sl_iostream_uart.o
 .text.uart_write
                0x000026f0        0xa ./gecko_sdk_4.0.1/platform/service/iostream/src/sl_iostream_uart.o
 *fill*         0x000026fa        0x2 
 .text.sli_iostream_uart_context_init
                0x000026fc       0xac ./gecko_sdk_4.0.1/platform/service/iostream/src/sl_iostream_uart.o
                0x000026fc                sli_iostream_uart_context_init
 .text.sli_uart_is_rx_space_avail
                0x000027a8       0x20 ./gecko_sdk_4.0.1/platform/service/iostream/src/sl_iostream_uart.o
                0x000027a8                sli_uart_is_rx_space_avail
 .text.sli_uart_push_rxd_data
                0x000027c8       0x8c ./gecko_sdk_4.0.1/platform/service/iostream/src/sl_iostream_uart.o
                0x000027c8                sli_uart_push_rxd_data
 .text.usart_enable_rx
                0x00002854        0xc ./gecko_sdk_4.0.1/platform/service/iostream/src/sl_iostream_usart.o
 .text.usart_deinit
                0x00002860       0x70 ./gecko_sdk_4.0.1/platform/service/iostream/src/sl_iostream_usart.o
 .text.usart_tx
                0x000028d0        0xc ./gecko_sdk_4.0.1/platform/service/iostream/src/sl_iostream_usart.o
 .text.sl_iostream_usart_init
                0x000028dc      0x178 ./gecko_sdk_4.0.1/platform/service/iostream/src/sl_iostream_usart.o
                0x000028dc                sl_iostream_usart_init
 .text.sl_iostream_usart_irq_handler
                0x00002a54       0x30 ./gecko_sdk_4.0.1/platform/service/iostream/src/sl_iostream_usart.o
                0x00002a54                sl_iostream_usart_irq_handler
 .text.sl_system_init
                0x00002a84       0x1a ./gecko_sdk_4.0.1/platform/service/system/src/sl_system_init.o
                0x00002a84                sl_system_init
 *fill*         0x00002a9e        0x2 
 .text.sl_udelay_wait
                0x00002aa0       0x58 ./gecko_sdk_4.0.1/platform/service/udelay/src/sl_udelay.o
                0x00002aa0                sl_udelay_wait
 *fill*         0x00002af8        0x8 
 .text          0x00002b00        0x8 ./gecko_sdk_4.0.1/platform/service/udelay/src/sl_udelay_armv6m_gcc.o
                0x00002b00                sli_delay_loop
 .text          0x00002b08       0x30 c:/siliconlabs/simplicitystudio/v5/developer/toolchains/gnu_arm/10.2_2020q4/bin/../lib/gcc/arm-none-eabi/10.2.1/thumb/v8-m.main+fp/hard\libgcc.a(_aeabi_uldivmod.o)
                0x00002b08                __aeabi_uldivmod
 .text          0x00002b38      0x2ec c:/siliconlabs/simplicitystudio/v5/developer/toolchains/gnu_arm/10.2_2020q4/bin/../lib/gcc/arm-none-eabi/10.2.1/thumb/v8-m.main+fp/hard\libgcc.a(_udivmoddi4.o)
                0x00002b38                __udivmoddi4
 .text          0x00002e24        0x4 c:/siliconlabs/simplicitystudio/v5/developer/toolchains/gnu_arm/10.2_2020q4/bin/../lib/gcc/arm-none-eabi/10.2.1/thumb/v8-m.main+fp/hard\libgcc.a(_dvmd_tls.o)
                0x00002e24                __aeabi_idiv0
                0x00002e24                __aeabi_ldiv0
 .text.exit     0x00002e28       0x28 c:/siliconlabs/simplicitystudio/v5/developer/toolchains/gnu_arm/10.2_2020q4/bin/../lib/gcc/arm-none-eabi/10.2.1/../../../../arm-none-eabi/lib/thumb/v8-m.main+fp/hard\libc_nano.a(lib_a-exit.o)
                0x00002e28                exit
 .text.__libc_init_array
                0x00002e50       0x48 c:/siliconlabs/simplicitystudio/v5/developer/toolchains/gnu_arm/10.2_2020q4/bin/../lib/gcc/arm-none-eabi/10.2.1/../../../../arm-none-eabi/lib/thumb/v8-m.main+fp/hard\libc_nano.a(lib_a-init.o)
                0x00002e50                __libc_init_array
 .text.memset   0x00002e98       0x10 c:/siliconlabs/simplicitystudio/v5/developer/toolchains/gnu_arm/10.2_2020q4/bin/../lib/gcc/arm-none-eabi/10.2.1/../../../../arm-none-eabi/lib/thumb/v8-m.main+fp/hard\libc_nano.a(lib_a-memset.o)
                0x00002e98                memset
 .text.setvbuf  0x00002ea8      0x188 c:/siliconlabs/simplicitystudio/v5/developer/toolchains/gnu_arm/10.2_2020q4/bin/../lib/gcc/arm-none-eabi/10.2.1/../../../../arm-none-eabi/lib/thumb/v8-m.main+fp/hard\libc_nano.a(lib_a-setvbuf.o)
                0x00002ea8                setvbuf
 .text.vprintf  0x00003030       0x30 c:/siliconlabs/simplicitystudio/v5/developer/toolchains/gnu_arm/10.2_2020q4/bin/../lib/gcc/arm-none-eabi/10.2.1/../../../../arm-none-eabi/lib/thumb/v8-m.main+fp/hard\libc_nano.a(lib_a-vprintf.o)
                0x00003030                viprintf
                0x00003030                vprintf
 .text.__sflush_r
                0x00003060      0x108 c:/siliconlabs/simplicitystudio/v5/developer/toolchains/gnu_arm/10.2_2020q4/bin/../lib/gcc/arm-none-eabi/10.2.1/../../../../arm-none-eabi/lib/thumb/v8-m.main+fp/hard\libc_nano.a(lib_a-fflush.o)
                0x00003060                __sflush_r
 .text._fflush_r
                0x00003168       0x78 c:/siliconlabs/simplicitystudio/v5/developer/toolchains/gnu_arm/10.2_2020q4/bin/../lib/gcc/arm-none-eabi/10.2.1/../../../../arm-none-eabi/lib/thumb/v8-m.main+fp/hard\libc_nano.a(lib_a-fflush.o)
                0x00003168                _fflush_r
 .text.std      0x000031e0       0x48 c:/siliconlabs/simplicitystudio/v5/developer/toolchains/gnu_arm/10.2_2020q4/bin/../lib/gcc/arm-none-eabi/10.2.1/../../../../arm-none-eabi/lib/thumb/v8-m.main+fp/hard\libc_nano.a(lib_a-findfp.o)
 .text._cleanup_r
                0x00003228        0xc c:/siliconlabs/simplicitystudio/v5/developer/toolchains/gnu_arm/10.2_2020q4/bin/../lib/gcc/arm-none-eabi/10.2.1/../../../../arm-none-eabi/lib/thumb/v8-m.main+fp/hard\libc_nano.a(lib_a-findfp.o)
                0x00003228                _cleanup_r
 .text.__sfmoreglue
                0x00003234       0x2c c:/siliconlabs/simplicitystudio/v5/developer/toolchains/gnu_arm/10.2_2020q4/bin/../lib/gcc/arm-none-eabi/10.2.1/../../../../arm-none-eabi/lib/thumb/v8-m.main+fp/hard\libc_nano.a(lib_a-findfp.o)
                0x00003234                __sfmoreglue
 .text.__sfp_lock_acquire
                0x00003260        0xc c:/siliconlabs/simplicitystudio/v5/developer/toolchains/gnu_arm/10.2_2020q4/bin/../lib/gcc/arm-none-eabi/10.2.1/../../../../arm-none-eabi/lib/thumb/v8-m.main+fp/hard\libc_nano.a(lib_a-findfp.o)
                0x00003260                __sfp_lock_acquire
 .text.__sfp_lock_release
                0x0000326c        0xc c:/siliconlabs/simplicitystudio/v5/developer/toolchains/gnu_arm/10.2_2020q4/bin/../lib/gcc/arm-none-eabi/10.2.1/../../../../arm-none-eabi/lib/thumb/v8-m.main+fp/hard\libc_nano.a(lib_a-findfp.o)
                0x0000326c                __sfp_lock_release
 .text.__sinit_lock_acquire
                0x00003278        0xc c:/siliconlabs/simplicitystudio/v5/developer/toolchains/gnu_arm/10.2_2020q4/bin/../lib/gcc/arm-none-eabi/10.2.1/../../../../arm-none-eabi/lib/thumb/v8-m.main+fp/hard\libc_nano.a(lib_a-findfp.o)
                0x00003278                __sinit_lock_acquire
 .text.__sinit_lock_release
                0x00003284        0xc c:/siliconlabs/simplicitystudio/v5/developer/toolchains/gnu_arm/10.2_2020q4/bin/../lib/gcc/arm-none-eabi/10.2.1/../../../../arm-none-eabi/lib/thumb/v8-m.main+fp/hard\libc_nano.a(lib_a-findfp.o)
                0x00003284                __sinit_lock_release
 .text.__sinit  0x00003290       0x70 c:/siliconlabs/simplicitystudio/v5/developer/toolchains/gnu_arm/10.2_2020q4/bin/../lib/gcc/arm-none-eabi/10.2.1/../../../../arm-none-eabi/lib/thumb/v8-m.main+fp/hard\libc_nano.a(lib_a-findfp.o)
                0x00003290                __sinit
 .text.__sfp    0x00003300       0x8c c:/siliconlabs/simplicitystudio/v5/developer/toolchains/gnu_arm/10.2_2020q4/bin/../lib/gcc/arm-none-eabi/10.2.1/../../../../arm-none-eabi/lib/thumb/v8-m.main+fp/hard\libc_nano.a(lib_a-findfp.o)
                0x00003300                __sfp
 .text._fwalk_reent
                0x0000338c       0x3e c:/siliconlabs/simplicitystudio/v5/developer/toolchains/gnu_arm/10.2_2020q4/bin/../lib/gcc/arm-none-eabi/10.2.1/../../../../arm-none-eabi/lib/thumb/v8-m.main+fp/hard\libc_nano.a(lib_a-fwalk.o)
                0x0000338c                _fwalk_reent
 .text.__retarget_lock_init_recursive
                0x000033ca        0x2 c:/siliconlabs/simplicitystudio/v5/developer/toolchains/gnu_arm/10.2_2020q4/bin/../lib/gcc/arm-none-eabi/10.2.1/../../../../arm-none-eabi/lib/thumb/v8-m.main+fp/hard\libc_nano.a(lib_a-lock.o)
                0x000033ca                __retarget_lock_init_recursive
 .text.__retarget_lock_acquire_recursive
                0x000033cc        0x2 c:/siliconlabs/simplicitystudio/v5/developer/toolchains/gnu_arm/10.2_2020q4/bin/../lib/gcc/arm-none-eabi/10.2.1/../../../../arm-none-eabi/lib/thumb/v8-m.main+fp/hard\libc_nano.a(lib_a-lock.o)
                0x000033cc                __retarget_lock_acquire_recursive
 .text.__retarget_lock_release_recursive
                0x000033ce        0x2 c:/siliconlabs/simplicitystudio/v5/developer/toolchains/gnu_arm/10.2_2020q4/bin/../lib/gcc/arm-none-eabi/10.2.1/../../../../arm-none-eabi/lib/thumb/v8-m.main+fp/hard\libc_nano.a(lib_a-lock.o)
                0x000033ce                __retarget_lock_release_recursive
 .text.__swhatbuf_r
                0x000033d0       0x4a c:/siliconlabs/simplicitystudio/v5/developer/toolchains/gnu_arm/10.2_2020q4/bin/../lib/gcc/arm-none-eabi/10.2.1/../../../../arm-none-eabi/lib/thumb/v8-m.main+fp/hard\libc_nano.a(lib_a-makebuf.o)
                0x000033d0                __swhatbuf_r
 *fill*         0x0000341a        0x2 
 .text.__smakebuf_r
                0x0000341c       0x80 c:/siliconlabs/simplicitystudio/v5/developer/toolchains/gnu_arm/10.2_2020q4/bin/../lib/gcc/arm-none-eabi/10.2.1/../../../../arm-none-eabi/lib/thumb/v8-m.main+fp/hard\libc_nano.a(lib_a-makebuf.o)
                0x0000341c                __smakebuf_r
 .text.malloc   0x0000349c       0x10 c:/siliconlabs/simplicitystudio/v5/developer/toolchains/gnu_arm/10.2_2020q4/bin/../lib/gcc/arm-none-eabi/10.2.1/../../../../arm-none-eabi/lib/thumb/v8-m.main+fp/hard\libc_nano.a(lib_a-malloc.o)
                0x0000349c                malloc
 .text._free_r  0x000034ac       0x98 c:/siliconlabs/simplicitystudio/v5/developer/toolchains/gnu_arm/10.2_2020q4/bin/../lib/gcc/arm-none-eabi/10.2.1/../../../../arm-none-eabi/lib/thumb/v8-m.main+fp/hard\libc_nano.a(lib_a-nano-freer.o)
                0x000034ac                _free_r
 .text._malloc_r
                0x00003544       0xb4 c:/siliconlabs/simplicitystudio/v5/developer/toolchains/gnu_arm/10.2_2020q4/bin/../lib/gcc/arm-none-eabi/10.2.1/../../../../arm-none-eabi/lib/thumb/v8-m.main+fp/hard\libc_nano.a(lib_a-nano-mallocr.o)
                0x00003544                _malloc_r
 .text.__sfputc_r
                0x000035f8       0x2e c:/siliconlabs/simplicitystudio/v5/developer/toolchains/gnu_arm/10.2_2020q4/bin/../lib/gcc/arm-none-eabi/10.2.1/../../../../arm-none-eabi/lib/thumb/v8-m.main+fp/hard\libc_nano.a(lib_a-nano-vfprintf.o)
 .text.__sfputs_r
                0x00003626       0x24 c:/siliconlabs/simplicitystudio/v5/developer/toolchains/gnu_arm/10.2_2020q4/bin/../lib/gcc/arm-none-eabi/10.2.1/../../../../arm-none-eabi/lib/thumb/v8-m.main+fp/hard\libc_nano.a(lib_a-nano-vfprintf.o)
                0x00003626                __sfputs_r
 *fill*         0x0000364a        0x2 
 .text._vfprintf_r
                0x0000364c      0x260 c:/siliconlabs/simplicitystudio/v5/developer/toolchains/gnu_arm/10.2_2020q4/bin/../lib/gcc/arm-none-eabi/10.2.1/../../../../arm-none-eabi/lib/thumb/v8-m.main+fp/hard\libc_nano.a(lib_a-nano-vfprintf.o)
                0x0000364c                _vfprintf_r
                0x0000364c                _vfiprintf_r
 .text._printf_common
                0x000038ac       0xe0 c:/siliconlabs/simplicitystudio/v5/developer/toolchains/gnu_arm/10.2_2020q4/bin/../lib/gcc/arm-none-eabi/10.2.1/../../../../arm-none-eabi/lib/thumb/v8-m.main+fp/hard\libc_nano.a(lib_a-nano-vfprintf_i.o)
                0x000038ac                _printf_common
 .text._printf_i
                0x0000398c      0x24c c:/siliconlabs/simplicitystudio/v5/developer/toolchains/gnu_arm/10.2_2020q4/bin/../lib/gcc/arm-none-eabi/10.2.1/../../../../arm-none-eabi/lib/thumb/v8-m.main+fp/hard\libc_nano.a(lib_a-nano-vfprintf_i.o)
                0x0000398c                _printf_i
 .text._sbrk_r  0x00003bd8       0x20 c:/siliconlabs/simplicitystudio/v5/developer/toolchains/gnu_arm/10.2_2020q4/bin/../lib/gcc/arm-none-eabi/10.2.1/../../../../arm-none-eabi/lib/thumb/v8-m.main+fp/hard\libc_nano.a(lib_a-sbrkr.o)
                0x00003bd8                _sbrk_r
 .text.__sread  0x00003bf8       0x22 c:/siliconlabs/simplicitystudio/v5/developer/toolchains/gnu_arm/10.2_2020q4/bin/../lib/gcc/arm-none-eabi/10.2.1/../../../../arm-none-eabi/lib/thumb/v8-m.main+fp/hard\libc_nano.a(lib_a-stdio.o)
                0x00003bf8                __sread
 .text.__swrite
                0x00003c1a       0x38 c:/siliconlabs/simplicitystudio/v5/developer/toolchains/gnu_arm/10.2_2020q4/bin/../lib/gcc/arm-none-eabi/10.2.1/../../../../arm-none-eabi/lib/thumb/v8-m.main+fp/hard\libc_nano.a(lib_a-stdio.o)
                0x00003c1a                __swrite
 .text.__sseek  0x00003c52       0x24 c:/siliconlabs/simplicitystudio/v5/developer/toolchains/gnu_arm/10.2_2020q4/bin/../lib/gcc/arm-none-eabi/10.2.1/../../../../arm-none-eabi/lib/thumb/v8-m.main+fp/hard\libc_nano.a(lib_a-stdio.o)
                0x00003c52                __sseek
 .text.__sclose
                0x00003c76        0x8 c:/siliconlabs/simplicitystudio/v5/developer/toolchains/gnu_arm/10.2_2020q4/bin/../lib/gcc/arm-none-eabi/10.2.1/../../../../arm-none-eabi/lib/thumb/v8-m.main+fp/hard\libc_nano.a(lib_a-stdio.o)
                0x00003c76                __sclose
 *fill*         0x00003c7e        0x2 
 .text.__swbuf_r
                0x00003c80       0xa4 c:/siliconlabs/simplicitystudio/v5/developer/toolchains/gnu_arm/10.2_2020q4/bin/../lib/gcc/arm-none-eabi/10.2.1/../../../../arm-none-eabi/lib/thumb/v8-m.main+fp/hard\libc_nano.a(lib_a-wbuf.o)
                0x00003c80                __swbuf_r
 .text._write_r
                0x00003d24       0x24 c:/siliconlabs/simplicitystudio/v5/developer/toolchains/gnu_arm/10.2_2020q4/bin/../lib/gcc/arm-none-eabi/10.2.1/../../../../arm-none-eabi/lib/thumb/v8-m.main+fp/hard\libc_nano.a(lib_a-writer.o)
                0x00003d24                _write_r
 .text.__swsetup_r
                0x00003d48       0xdc c:/siliconlabs/simplicitystudio/v5/developer/toolchains/gnu_arm/10.2_2020q4/bin/../lib/gcc/arm-none-eabi/10.2.1/../../../../arm-none-eabi/lib/thumb/v8-m.main+fp/hard\libc_nano.a(lib_a-wsetup.o)
                0x00003d48                __swsetup_r
 .text._close_r
                0x00003e24       0x20 c:/siliconlabs/simplicitystudio/v5/developer/toolchains/gnu_arm/10.2_2020q4/bin/../lib/gcc/arm-none-eabi/10.2.1/../../../../arm-none-eabi/lib/thumb/v8-m.main+fp/hard\libc_nano.a(lib_a-closer.o)
                0x00003e24                _close_r
 .text._fstat_r
                0x00003e44       0x24 c:/siliconlabs/simplicitystudio/v5/developer/toolchains/gnu_arm/10.2_2020q4/bin/../lib/gcc/arm-none-eabi/10.2.1/../../../../arm-none-eabi/lib/thumb/v8-m.main+fp/hard\libc_nano.a(lib_a-fstatr.o)
                0x00003e44                _fstat_r
 .text._isatty_r
                0x00003e68       0x20 c:/siliconlabs/simplicitystudio/v5/developer/toolchains/gnu_arm/10.2_2020q4/bin/../lib/gcc/arm-none-eabi/10.2.1/../../../../arm-none-eabi/lib/thumb/v8-m.main+fp/hard\libc_nano.a(lib_a-isattyr.o)
                0x00003e68                _isatty_r
 .text._lseek_r
                0x00003e88       0x24 c:/siliconlabs/simplicitystudio/v5/developer/toolchains/gnu_arm/10.2_2020q4/bin/../lib/gcc/arm-none-eabi/10.2.1/../../../../arm-none-eabi/lib/thumb/v8-m.main+fp/hard\libc_nano.a(lib_a-lseekr.o)
                0x00003e88                _lseek_r
 .text.memchr   0x00003eac       0x1c c:/siliconlabs/simplicitystudio/v5/developer/toolchains/gnu_arm/10.2_2020q4/bin/../lib/gcc/arm-none-eabi/10.2.1/../../../../arm-none-eabi/lib/thumb/v8-m.main+fp/hard\libc_nano.a(lib_a-memchr-stub.o)
                0x00003eac                memchr
 .text.__malloc_lock
                0x00003ec8        0xc c:/siliconlabs/simplicitystudio/v5/developer/toolchains/gnu_arm/10.2_2020q4/bin/../lib/gcc/arm-none-eabi/10.2.1/../../../../arm-none-eabi/lib/thumb/v8-m.main+fp/hard\libc_nano.a(lib_a-mlock.o)
                0x00003ec8                __malloc_lock
 .text.__malloc_unlock
                0x00003ed4        0xc c:/siliconlabs/simplicitystudio/v5/developer/toolchains/gnu_arm/10.2_2020q4/bin/../lib/gcc/arm-none-eabi/10.2.1/../../../../arm-none-eabi/lib/thumb/v8-m.main+fp/hard\libc_nano.a(lib_a-mlock.o)
                0x00003ed4                __malloc_unlock
 .text._read_r  0x00003ee0       0x24 c:/siliconlabs/simplicitystudio/v5/developer/toolchains/gnu_arm/10.2_2020q4/bin/../lib/gcc/arm-none-eabi/10.2.1/../../../../arm-none-eabi/lib/thumb/v8-m.main+fp/hard\libc_nano.a(lib_a-readr.o)
                0x00003ee0                _read_r
                0x00003f04                linker_code_end = .
 *(.init)
 .init          0x00003f04        0x4 c:/siliconlabs/simplicitystudio/v5/developer/toolchains/gnu_arm/10.2_2020q4/bin/../lib/gcc/arm-none-eabi/10.2.1/thumb/v8-m.main+fp/hard/crti.o
                0x00003f04                _init
 .init          0x00003f08        0x8 c:/siliconlabs/simplicitystudio/v5/developer/toolchains/gnu_arm/10.2_2020q4/bin/../lib/gcc/arm-none-eabi/10.2.1/thumb/v8-m.main+fp/hard/crtn.o
 *(.fini)
 .fini          0x00003f10        0x4 c:/siliconlabs/simplicitystudio/v5/developer/toolchains/gnu_arm/10.2_2020q4/bin/../lib/gcc/arm-none-eabi/10.2.1/thumb/v8-m.main+fp/hard/crti.o
                0x00003f10                _fini
 .fini          0x00003f14        0x8 c:/siliconlabs/simplicitystudio/v5/developer/toolchains/gnu_arm/10.2_2020q4/bin/../lib/gcc/arm-none-eabi/10.2.1/thumb/v8-m.main+fp/hard/crtn.o
 *crtbegin.o(.ctors)
 *crtbegin?.o(.ctors)
 *(EXCLUDE_FILE(*crtend.o *crtend?.o) .ctors)
 *(SORT_BY_NAME(.ctors.*))
 *(.ctors)
 *crtbegin.o(.dtors)
 *crtbegin?.o(.dtors)
 *(EXCLUDE_FILE(*crtend.o *crtend?.o) .dtors)
 *(SORT_BY_NAME(.dtors.*))
 *(.dtors)
 *(.rodata*)
 .rodata.main.str1.1
                0x00003f1c       0xc6 ./main.o
                                 0xc8 (size before relaxing)
 .rodata.sl_iostream_usart_init_vcom.str1.1
                0x00003fe2       0x2e ./autogen/sl_iostream_init_usart_instances.o
 .rodata        0x00004010       0x3c ./autogen/sl_iostream_init_usart_instances.o
 .rodata.I2CSPM_Init.str1.1
                0x0000404c       0xa2 ./gecko_sdk_4.0.1/platform/driver/i2cspm/src/sl_i2cspm.o
 .rodata.DelayTicksEM1.part.0.str1.1
                0x000040ee       0x4d ./gecko_sdk_4.0.1/platform/emdrv/ustimer/src/ustimer.o
 .rodata.HFRCODPLLDevinfoGet.str1.1
                0x0000413b       0x4b ./gecko_sdk_4.0.1/platform/emlib/src/em_cmu.o
 .rodata.CSWTCH.56
                0x00004186        0x4 ./gecko_sdk_4.0.1/platform/emlib/src/em_cmu.o
 .rodata.CSWTCH.58
                0x0000418a        0x6 ./gecko_sdk_4.0.1/platform/emlib/src/em_cmu.o
 .rodata.EMU_VScaleEM01.str1.1
                0x00004190       0x4b ./gecko_sdk_4.0.1/platform/emlib/src/em_emu.o
 .rodata.GPIO_PinOutSet.str1.1
                0x000041db       0x4c ./gecko_sdk_4.0.1/platform/emlib/src/em_gpio.o
 .rodata.GPIO_ExtIntConfig.str1.1
                0x000041db       0x4c ./gecko_sdk_4.0.1/platform/emlib/src/em_gpio.o
 .rodata.I2C_BusFreqGet.str1.1
                0x00004227       0x4b ./gecko_sdk_4.0.1/platform/emlib/src/em_i2c.o
 *fill*         0x00004272        0x2 
 .rodata.CSWTCH.13
                0x00004274        0xc ./gecko_sdk_4.0.1/platform/emlib/src/em_i2c.o
 .rodata.CSWTCH.14
                0x00004280        0xc ./gecko_sdk_4.0.1/platform/emlib/src/em_i2c.o
 .rodata.i2cNSum
                0x0000428c        0x4 ./gecko_sdk_4.0.1/platform/emlib/src/em_i2c.o
 .rodata.timerPrsConfig.str1.1
                0x00004290       0x4d ./gecko_sdk_4.0.1/platform/emlib/src/em_timer.o
 .rodata.USART_BaudrateAsyncSet.str1.1
                0x000042dd       0x4d ./gecko_sdk_4.0.1/platform/emlib/src/em_usart.o
 .rodata        0x0000432a        0x8 ./gecko_sdk_4.0.1/platform/service/device_init/src/sl_device_init_dcdc_s2.o
 .rodata        0x00004332       0x13 ./gecko_sdk_4.0.1/platform/service/device_init/src/sl_device_init_hfxo_s2.o
 .rodata        0x00004345        0xb ./gecko_sdk_4.0.1/platform/service/device_init/src/sl_device_init_lfxo_s2.o
 .rodata._write.str1.1
                0x00004350       0x6a ./gecko_sdk_4.0.1/platform/service/iostream/src/sl_iostream_retarget_stdio.o
 .rodata.sli_uart_push_rxd_data.str1.1
                0x000043ba       0x60 ./gecko_sdk_4.0.1/platform/service/iostream/src/sl_iostream_uart.o
 .rodata.sl_udelay_wait.str1.1
                0x0000441a       0x57 ./gecko_sdk_4.0.1/platform/service/udelay/src/sl_udelay.o
 *fill*         0x00004471        0x3 
 .rodata._global_impure_ptr
                0x00004474        0x4 c:/siliconlabs/simplicitystudio/v5/developer/toolchains/gnu_arm/10.2_2020q4/bin/../lib/gcc/arm-none-eabi/10.2.1/../../../../arm-none-eabi/lib/thumb/v8-m.main+fp/hard\libc_nano.a(lib_a-impure.o)
                0x00004474                _global_impure_ptr
 .rodata.__sf_fake_stderr
                0x00004478       0x20 c:/siliconlabs/simplicitystudio/v5/developer/toolchains/gnu_arm/10.2_2020q4/bin/../lib/gcc/arm-none-eabi/10.2.1/../../../../arm-none-eabi/lib/thumb/v8-m.main+fp/hard\libc_nano.a(lib_a-findfp.o)
                0x00004478                __sf_fake_stderr
 .rodata.__sf_fake_stdin
                0x00004498       0x20 c:/siliconlabs/simplicitystudio/v5/developer/toolchains/gnu_arm/10.2_2020q4/bin/../lib/gcc/arm-none-eabi/10.2.1/../../../../arm-none-eabi/lib/thumb/v8-m.main+fp/hard\libc_nano.a(lib_a-findfp.o)
                0x00004498                __sf_fake_stdin
 .rodata.__sf_fake_stdout
                0x000044b8       0x20 c:/siliconlabs/simplicitystudio/v5/developer/toolchains/gnu_arm/10.2_2020q4/bin/../lib/gcc/arm-none-eabi/10.2.1/../../../../arm-none-eabi/lib/thumb/v8-m.main+fp/hard\libc_nano.a(lib_a-findfp.o)
                0x000044b8                __sf_fake_stdout
 .rodata._vfprintf_r.str1.1
                0x000044d8       0x11 c:/siliconlabs/simplicitystudio/v5/developer/toolchains/gnu_arm/10.2_2020q4/bin/../lib/gcc/arm-none-eabi/10.2.1/../../../../arm-none-eabi/lib/thumb/v8-m.main+fp/hard\libc_nano.a(lib_a-nano-vfprintf.o)
 .rodata._printf_i.str1.1
                0x000044e9       0x22 c:/siliconlabs/simplicitystudio/v5/developer/toolchains/gnu_arm/10.2_2020q4/bin/../lib/gcc/arm-none-eabi/10.2.1/../../../../arm-none-eabi/lib/thumb/v8-m.main+fp/hard\libc_nano.a(lib_a-nano-vfprintf_i.o)
 *(.eh_frame*)
 *fill*         0x0000450b        0x1 
 .eh_frame      0x0000450c        0x0 c:/siliconlabs/simplicitystudio/v5/developer/toolchains/gnu_arm/10.2_2020q4/bin/../lib/gcc/arm-none-eabi/10.2.1/thumb/v8-m.main+fp/hard/crtbegin.o

.glue_7         0x0000450c        0x0
 .glue_7        0x0000450c        0x0 linker stubs

.glue_7t        0x0000450c        0x0
 .glue_7t       0x0000450c        0x0 linker stubs

.vfp11_veneer   0x0000450c        0x0
 .vfp11_veneer  0x0000450c        0x0 linker stubs

.v4_bx          0x0000450c        0x0
 .v4_bx         0x0000450c        0x0 linker stubs

.iplt           0x0000450c        0x0
 .iplt          0x0000450c        0x0 c:/siliconlabs/simplicitystudio/v5/developer/toolchains/gnu_arm/10.2_2020q4/bin/../lib/gcc/arm-none-eabi/10.2.1/thumb/v8-m.main+fp/hard/crtbegin.o

.ARM.extab
 *(.ARM.extab* .gnu.linkonce.armextab.*)
                0x0000450c                __exidx_start = .

.ARM.exidx      0x0000450c        0x8
 *(.ARM.exidx* .gnu.linkonce.armexidx.*)
 .ARM.exidx     0x0000450c        0x8 c:/siliconlabs/simplicitystudio/v5/developer/toolchains/gnu_arm/10.2_2020q4/bin/../lib/gcc/arm-none-eabi/10.2.1/../../../../arm-none-eabi/lib/thumb/v8-m.main+fp/hard/crt0.o
                                 0x10 (size before relaxing)
 .ARM.exidx     0x00004514        0x0 c:/siliconlabs/simplicitystudio/v5/developer/toolchains/gnu_arm/10.2_2020q4/bin/../lib/gcc/arm-none-eabi/10.2.1/thumb/v8-m.main+fp/hard\libgcc.a(_udivmoddi4.o)
                                  0x8 (size before relaxing)
                0x00004514                __exidx_end = .
                0x00004514                __etext = .

.rel.dyn        0x00004514        0x0
 .rel.iplt      0x00004514        0x0 c:/siliconlabs/simplicitystudio/v5/developer/toolchains/gnu_arm/10.2_2020q4/bin/../lib/gcc/arm-none-eabi/10.2.1/thumb/v8-m.main+fp/hard/crtbegin.o
                0x20000000                . = ORIGIN (RAM)

.stack          0x20000000     0x1000
                0x20000000                __StackLimit = .
 *(.stack*)
 .stack         0x20000000        0x0 ./gecko_sdk_4.0.1/platform/Device/SiliconLabs/BGM22/Source/GCC/startup_bgm22.o
 .stack         0x20000000     0x1000 ./gecko_sdk_4.0.1/platform/common/toolchain/src/sl_memory.o
                0x20001000                . = ALIGN (0x4)
                0x20001000                __StackTop = .
                0x20001000                PROVIDE (__stack = __StackTop)

.noinit
 *(.noinit*)

.data           0x20001000       0x9c load address 0x00004514
                0x20001000                . = ALIGN (0x4)
                0x20001000                __data_start__ = .
 *(vtable)
 *(.data*)
 .data.init_mikroe
                0x20001000       0x14 ./autogen/sl_i2cspm_init.o
                0x20001000                init_mikroe
 .data.level_filter_enabled
                0x20001014        0x1 ./gecko_sdk_4.0.1/app/common/util/app_log/app_log.o
 .data.level_filter_threshold
                0x20001015        0x1 ./gecko_sdk_4.0.1/app/common/util/app_log/app_log.o
 .data.level_mask
                0x20001016        0x1 ./gecko_sdk_4.0.1/app/common/util/app_log/app_log.o
 *fill*         0x20001017        0x1 
 .data.SystemCoreClock
                0x20001018        0x4 ./gecko_sdk_4.0.1/platform/Device/SiliconLabs/BGM22/Source/system_bgm22.o
                0x20001018                SystemCoreClock
 .data.SystemHFRCODPLLClock
                0x2000101c        0x4 ./gecko_sdk_4.0.1/platform/Device/SiliconLabs/BGM22/Source/system_bgm22.o
 .data.SystemHFXOClock
                0x20001020        0x4 ./gecko_sdk_4.0.1/platform/Device/SiliconLabs/BGM22/Source/system_bgm22.o
 .data.SystemLFXOClock
                0x20001024        0x4 ./gecko_sdk_4.0.1/platform/Device/SiliconLabs/BGM22/Source/system_bgm22.o
 .data.heap_end.0
                0x20001028        0x4 ./gecko_sdk_4.0.1/platform/common/toolchain/src/sl_memory.o
 .data.lfxo_precision
                0x2000102c        0x2 ./gecko_sdk_4.0.1/platform/emlib/src/em_cmu.o
 *fill*         0x2000102e        0x2 
 .data._impure_ptr
                0x20001030        0x4 c:/siliconlabs/simplicitystudio/v5/developer/toolchains/gnu_arm/10.2_2020q4/bin/../lib/gcc/arm-none-eabi/10.2.1/../../../../arm-none-eabi/lib/thumb/v8-m.main+fp/hard\libc_nano.a(lib_a-impure.o)
                0x20001030                _impure_ptr
 .data.impure_data
                0x20001034       0x60 c:/siliconlabs/simplicitystudio/v5/developer/toolchains/gnu_arm/10.2_2020q4/bin/../lib/gcc/arm-none-eabi/10.2.1/../../../../arm-none-eabi/lib/thumb/v8-m.main+fp/hard\libc_nano.a(lib_a-impure.o)
                0x20001094                . = ALIGN (0x4)
                [!provide]                PROVIDE (__ram_func_section_start = .)
 *(.ram)
                [!provide]                PROVIDE (__ram_func_section_end = .)
                0x20001094                . = ALIGN (0x4)
                0x20001094                PROVIDE (__preinit_array_start = .)
 *(.preinit_array)
                0x20001094                PROVIDE (__preinit_array_end = .)
                0x20001094                . = ALIGN (0x4)
                0x20001094                PROVIDE (__init_array_start = .)
 *(SORT_BY_NAME(.init_array.*))
 *(.init_array)
 .init_array    0x20001094        0x4 c:/siliconlabs/simplicitystudio/v5/developer/toolchains/gnu_arm/10.2_2020q4/bin/../lib/gcc/arm-none-eabi/10.2.1/thumb/v8-m.main+fp/hard/crtbegin.o
                0x20001098                PROVIDE (__init_array_end = .)
                0x20001098                . = ALIGN (0x4)
                [!provide]                PROVIDE (__fini_array_start = .)
 *(SORT_BY_NAME(.fini_array.*))
 *(.fini_array)
 .fini_array    0x20001098        0x4 c:/siliconlabs/simplicitystudio/v5/developer/toolchains/gnu_arm/10.2_2020q4/bin/../lib/gcc/arm-none-eabi/10.2.1/thumb/v8-m.main+fp/hard/crtbegin.o
                [!provide]                PROVIDE (__fini_array_end = .)
                0x2000109c                . = ALIGN (0x4)
                0x2000109c                __data_end__ = .

.igot.plt       0x2000109c        0x0 load address 0x000045b0
 .igot.plt      0x2000109c        0x0 c:/siliconlabs/simplicitystudio/v5/developer/toolchains/gnu_arm/10.2_2020q4/bin/../lib/gcc/arm-none-eabi/10.2.1/thumb/v8-m.main+fp/hard/crtbegin.o

.bss            0x2000109c       0xb8 load address 0x000045b0
                0x2000109c                . = ALIGN (0x4)
                0x2000109c                __bss_start__ = .
 *(.bss*)
 .bss           0x2000109c       0x1c c:/siliconlabs/simplicitystudio/v5/developer/toolchains/gnu_arm/10.2_2020q4/bin/../lib/gcc/arm-none-eabi/10.2.1/thumb/v8-m.main+fp/hard/crtbegin.o
 .bss.context_vcom
                0x200010b8       0x3c ./autogen/sl_iostream_init_usart_instances.o
 .bss.rx_buffer_vcom
                0x200010f4       0x20 ./autogen/sl_iostream_init_usart_instances.o
 .bss.sl_iostream_vcom
                0x20001114       0x18 ./autogen/sl_iostream_init_usart_instances.o
 .bss.app_log_iostream
                0x2000112c        0x4 ./gecko_sdk_4.0.1/app/common/util/app_log/app_log.o
                0x2000112c                app_log_iostream
 .bss.level_mask_enabled
                0x20001130        0x1 ./gecko_sdk_4.0.1/app/common/util/app_log/app_log.o
 *fill*         0x20001131        0x3 
 .bss.freq      0x20001134        0x4 ./gecko_sdk_4.0.1/platform/emdrv/ustimer/src/ustimer.o
 .bss.minTicks  0x20001138        0x4 ./gecko_sdk_4.0.1/platform/emdrv/ustimer/src/ustimer.o
 .bss.timeElapsed
                0x2000113c        0x1 ./gecko_sdk_4.0.1/platform/emdrv/ustimer/src/ustimer.o
 .bss.ctuneDelta
                0x2000113d        0x1 ./gecko_sdk_4.0.1/platform/emlib/src/em_cmu.o
 .bss.vScaleEM01Config
                0x2000113e        0x1 ./gecko_sdk_4.0.1/platform/emlib/src/em_emu.o
 *fill*         0x2000113f        0x1 
 .bss.sli_iostream_default
                0x20001140        0x4 ./gecko_sdk_4.0.1/platform/service/iostream/src/sl_iostream.o
 .bss.__lock___malloc_recursive_mutex
                0x20001144        0x1 c:/siliconlabs/simplicitystudio/v5/developer/toolchains/gnu_arm/10.2_2020q4/bin/../lib/gcc/arm-none-eabi/10.2.1/../../../../arm-none-eabi/lib/thumb/v8-m.main+fp/hard\libc_nano.a(lib_a-lock.o)
                0x20001144                __lock___malloc_recursive_mutex
 .bss.__lock___sfp_recursive_mutex
                0x20001145        0x1 c:/siliconlabs/simplicitystudio/v5/developer/toolchains/gnu_arm/10.2_2020q4/bin/../lib/gcc/arm-none-eabi/10.2.1/../../../../arm-none-eabi/lib/thumb/v8-m.main+fp/hard\libc_nano.a(lib_a-lock.o)
                0x20001145                __lock___sfp_recursive_mutex
 .bss.__lock___sinit_recursive_mutex
                0x20001146        0x1 c:/siliconlabs/simplicitystudio/v5/developer/toolchains/gnu_arm/10.2_2020q4/bin/../lib/gcc/arm-none-eabi/10.2.1/../../../../arm-none-eabi/lib/thumb/v8-m.main+fp/hard\libc_nano.a(lib_a-lock.o)
                0x20001146                __lock___sinit_recursive_mutex
 *fill*         0x20001147        0x1 
 .bss.__malloc_free_list
                0x20001148        0x4 c:/siliconlabs/simplicitystudio/v5/developer/toolchains/gnu_arm/10.2_2020q4/bin/../lib/gcc/arm-none-eabi/10.2.1/../../../../arm-none-eabi/lib/thumb/v8-m.main+fp/hard\libc_nano.a(lib_a-nano-mallocr.o)
                0x20001148                __malloc_free_list
 .bss.__malloc_sbrk_start
                0x2000114c        0x4 c:/siliconlabs/simplicitystudio/v5/developer/toolchains/gnu_arm/10.2_2020q4/bin/../lib/gcc/arm-none-eabi/10.2.1/../../../../arm-none-eabi/lib/thumb/v8-m.main+fp/hard\libc_nano.a(lib_a-nano-mallocr.o)
                0x2000114c                __malloc_sbrk_start
 .bss.errno     0x20001150        0x4 c:/siliconlabs/simplicitystudio/v5/developer/toolchains/gnu_arm/10.2_2020q4/bin/../lib/gcc/arm-none-eabi/10.2.1/../../../../arm-none-eabi/lib/thumb/v8-m.main+fp/hard\libc_nano.a(lib_a-reent.o)
                0x20001150                errno
 *(COMMON)
                0x20001154                . = ALIGN (0x4)
                0x20001154                __bss_end__ = .

.heap           0x20001158     0x6ea8
                0x20001158                __HeapBase = .
                0x20001158                __end__ = .
                0x20001158                end = __end__
                0x20001158                _end = __end__
 *(.heap*)
 .heap          0x20001158      0x800 ./gecko_sdk_4.0.1/platform/common/toolchain/src/sl_memory.o
                0x20008000                . = (ORIGIN (RAM) + LENGTH (RAM))
 *fill*         0x20001958     0x66a8 
                0x20008000                __HeapLimit = .
                0x00006ea8                __heap_size = (__HeapLimit - __HeapBase)
                0x0007e000                __main_flash_end__ = 0x7e000

.internal_storage
                0x00004514        0x0
 *(.internal_storage*)

.nvm            0x00004514        0x0
 *(.simee*)
                0x0007e000                linker_nvm_end = __main_flash_end__
                0x0007e000                linker_nvm_begin = (linker_nvm_end - SIZEOF (.nvm))
                0x00000000                linker_nvm_size = SIZEOF (.nvm)
                0x0007e000                linker_storage_end = linker_nvm_begin
                0x0007e000                linker_storage_begin = (linker_storage_end - SIZEOF (.internal_storage))
                0x00000000                linker_storage_size = SIZEOF (.internal_storage)
                0x0007e000                __nvm3Base = linker_nvm_begin
OUTPUT(IOT_Challenge_Module_2.axf elf32-littlearm)
LOAD linker stubs

.ARM.attributes
                0x00000000       0x36
 .ARM.attributes
                0x00000000       0x22 c:/siliconlabs/simplicitystudio/v5/developer/toolchains/gnu_arm/10.2_2020q4/bin/../lib/gcc/arm-none-eabi/10.2.1/thumb/v8-m.main+fp/hard/crti.o
 .ARM.attributes
                0x00000022       0x38 c:/siliconlabs/simplicitystudio/v5/developer/toolchains/gnu_arm/10.2_2020q4/bin/../lib/gcc/arm-none-eabi/10.2.1/thumb/v8-m.main+fp/hard/crtbegin.o
 .ARM.attributes
                0x0000005a       0x20 c:/siliconlabs/simplicitystudio/v5/developer/toolchains/gnu_arm/10.2_2020q4/bin/../lib/gcc/arm-none-eabi/10.2.1/../../../../arm-none-eabi/lib/thumb/v8-m.main+fp/hard/crt0.o
 .ARM.attributes
                0x0000007a       0x3a ./app.o
 .ARM.attributes
                0x000000b4       0x3a ./dht11_driver.o
 .ARM.attributes
                0x000000ee       0x3a ./main.o
 .ARM.attributes
                0x00000128       0x3a ./autogen/sl_board_default_init.o
 .ARM.attributes
                0x00000162       0x3a ./autogen/sl_device_init_clocks.o
 .ARM.attributes
                0x0000019c       0x3a ./autogen/sl_event_handler.o
 .ARM.attributes
                0x000001d6       0x3a ./autogen/sl_i2cspm_init.o
 .ARM.attributes
                0x00000210       0x3a ./autogen/sl_iostream_init_usart_instances.o
 .ARM.attributes
                0x0000024a       0x3a ./gecko_sdk_4.0.1/app/common/util/app_log/app_log.o
 .ARM.attributes
                0x00000284       0x3a ./gecko_sdk_4.0.1/hardware/board/src/sl_board_control_gpio.o
 .ARM.attributes
                0x000002be       0x3a ./gecko_sdk_4.0.1/hardware/board/src/sl_board_init.o
 .ARM.attributes
                0x000002f8       0x3a ./gecko_sdk_4.0.1/platform/Device/SiliconLabs/BGM22/Source/GCC/startup_bgm22.o
 .ARM.attributes
                0x00000332       0x3a ./gecko_sdk_4.0.1/platform/Device/SiliconLabs/BGM22/Source/system_bgm22.o
 .ARM.attributes
                0x0000036c       0x3a ./gecko_sdk_4.0.1/platform/common/toolchain/src/sl_memory.o
 .ARM.attributes
                0x000003a6       0x3a ./gecko_sdk_4.0.1/platform/driver/i2cspm/src/sl_i2cspm.o
 .ARM.attributes
                0x000003e0       0x3a ./gecko_sdk_4.0.1/platform/emdrv/ustimer/src/ustimer.o
 .ARM.attributes
                0x0000041a       0x3a ./gecko_sdk_4.0.1/platform/emlib/src/em_assert.o
 .ARM.attributes
                0x00000454       0x3a ./gecko_sdk_4.0.1/platform/emlib/src/em_cmu.o
 .ARM.attributes
                0x0000048e       0x3a ./gecko_sdk_4.0.1/platform/emlib/src/em_core.o
 .ARM.attributes
                0x000004c8       0x3a ./gecko_sdk_4.0.1/platform/emlib/src/em_emu.o
 .ARM.attributes
                0x00000502       0x3a ./gecko_sdk_4.0.1/platform/emlib/src/em_gpio.o
 .ARM.attributes
                0x0000053c       0x3a ./gecko_sdk_4.0.1/platform/emlib/src/em_i2c.o
 .ARM.attributes
                0x00000576       0x3a ./gecko_sdk_4.0.1/platform/emlib/src/em_timer.o
 .ARM.attributes
                0x000005b0       0x3a ./gecko_sdk_4.0.1/platform/emlib/src/em_usart.o
 .ARM.attributes
                0x000005ea       0x3a ./gecko_sdk_4.0.1/platform/service/device_init/src/sl_device_init_dcdc_s2.o
 .ARM.attributes
                0x00000624       0x3a ./gecko_sdk_4.0.1/platform/service/device_init/src/sl_device_init_emu_s2.o
 .ARM.attributes
                0x0000065e       0x3a ./gecko_sdk_4.0.1/platform/service/device_init/src/sl_device_init_hfxo_s2.o
 .ARM.attributes
                0x00000698       0x3a ./gecko_sdk_4.0.1/platform/service/device_init/src/sl_device_init_lfxo_s2.o
 .ARM.attributes
                0x000006d2       0x3a ./gecko_sdk_4.0.1/platform/service/device_init/src/sl_device_init_nvic.o
 .ARM.attributes
                0x0000070c       0x3a ./gecko_sdk_4.0.1/platform/service/iostream/src/sl_iostream.o
 .ARM.attributes
                0x00000746       0x3a ./gecko_sdk_4.0.1/platform/service/iostream/src/sl_iostream_retarget_stdio.o
 .ARM.attributes
                0x00000780       0x3a ./gecko_sdk_4.0.1/platform/service/iostream/src/sl_iostream_stdlib_config.o
 .ARM.attributes
                0x000007ba       0x3a ./gecko_sdk_4.0.1/platform/service/iostream/src/sl_iostream_uart.o
 .ARM.attributes
                0x000007f4       0x3a ./gecko_sdk_4.0.1/platform/service/iostream/src/sl_iostream_usart.o
 .ARM.attributes
                0x0000082e       0x3a ./gecko_sdk_4.0.1/platform/service/system/src/sl_system_init.o
 .ARM.attributes
                0x00000868       0x3a ./gecko_sdk_4.0.1/platform/service/udelay/src/sl_udelay.o
 .ARM.attributes
                0x000008a2       0x26 ./gecko_sdk_4.0.1/platform/service/udelay/src/sl_udelay_armv6m_gcc.o
 .ARM.attributes
                0x000008c8       0x22 c:/siliconlabs/simplicitystudio/v5/developer/toolchains/gnu_arm/10.2_2020q4/bin/../lib/gcc/arm-none-eabi/10.2.1/thumb/v8-m.main+fp/hard\libgcc.a(_aeabi_uldivmod.o)
 .ARM.attributes
                0x000008ea       0x38 c:/siliconlabs/simplicitystudio/v5/developer/toolchains/gnu_arm/10.2_2020q4/bin/../lib/gcc/arm-none-eabi/10.2.1/thumb/v8-m.main+fp/hard\libgcc.a(_udivmoddi4.o)
 .ARM.attributes
                0x00000922       0x22 c:/siliconlabs/simplicitystudio/v5/developer/toolchains/gnu_arm/10.2_2020q4/bin/../lib/gcc/arm-none-eabi/10.2.1/thumb/v8-m.main+fp/hard\libgcc.a(_dvmd_tls.o)
 .ARM.attributes
                0x00000944       0x38 c:/siliconlabs/simplicitystudio/v5/developer/toolchains/gnu_arm/10.2_2020q4/bin/../lib/gcc/arm-none-eabi/10.2.1/../../../../arm-none-eabi/lib/thumb/v8-m.main+fp/hard\libc_nano.a(lib_a-exit.o)
 .ARM.attributes
                0x0000097c       0x36 c:/siliconlabs/simplicitystudio/v5/developer/toolchains/gnu_arm/10.2_2020q4/bin/../lib/gcc/arm-none-eabi/10.2.1/../../../../arm-none-eabi/lib/thumb/v8-m.main+fp/hard\libc_nano.a(lib_a-impure.o)
 .ARM.attributes
                0x000009b2       0x38 c:/siliconlabs/simplicitystudio/v5/developer/toolchains/gnu_arm/10.2_2020q4/bin/../lib/gcc/arm-none-eabi/10.2.1/../../../../arm-none-eabi/lib/thumb/v8-m.main+fp/hard\libc_nano.a(lib_a-init.o)
 .ARM.attributes
                0x000009ea       0x38 c:/siliconlabs/simplicitystudio/v5/developer/toolchains/gnu_arm/10.2_2020q4/bin/../lib/gcc/arm-none-eabi/10.2.1/../../../../arm-none-eabi/lib/thumb/v8-m.main+fp/hard\libc_nano.a(lib_a-memset.o)
 .ARM.attributes
                0x00000a22       0x38 c:/siliconlabs/simplicitystudio/v5/developer/toolchains/gnu_arm/10.2_2020q4/bin/../lib/gcc/arm-none-eabi/10.2.1/../../../../arm-none-eabi/lib/thumb/v8-m.main+fp/hard\libc_nano.a(lib_a-setvbuf.o)
 .ARM.attributes
                0x00000a5a       0x38 c:/siliconlabs/simplicitystudio/v5/developer/toolchains/gnu_arm/10.2_2020q4/bin/../lib/gcc/arm-none-eabi/10.2.1/../../../../arm-none-eabi/lib/thumb/v8-m.main+fp/hard\libc_nano.a(lib_a-vprintf.o)
 .ARM.attributes
                0x00000a92       0x38 c:/siliconlabs/simplicitystudio/v5/developer/toolchains/gnu_arm/10.2_2020q4/bin/../lib/gcc/arm-none-eabi/10.2.1/../../../../arm-none-eabi/lib/thumb/v8-m.main+fp/hard\libc_nano.a(lib_a-fflush.o)
 .ARM.attributes
                0x00000aca       0x38 c:/siliconlabs/simplicitystudio/v5/developer/toolchains/gnu_arm/10.2_2020q4/bin/../lib/gcc/arm-none-eabi/10.2.1/../../../../arm-none-eabi/lib/thumb/v8-m.main+fp/hard\libc_nano.a(lib_a-findfp.o)
 .ARM.attributes
                0x00000b02       0x38 c:/siliconlabs/simplicitystudio/v5/developer/toolchains/gnu_arm/10.2_2020q4/bin/../lib/gcc/arm-none-eabi/10.2.1/../../../../arm-none-eabi/lib/thumb/v8-m.main+fp/hard\libc_nano.a(lib_a-fwalk.o)
 .ARM.attributes
                0x00000b3a       0x38 c:/siliconlabs/simplicitystudio/v5/developer/toolchains/gnu_arm/10.2_2020q4/bin/../lib/gcc/arm-none-eabi/10.2.1/../../../../arm-none-eabi/lib/thumb/v8-m.main+fp/hard\libc_nano.a(lib_a-lock.o)
 .ARM.attributes
                0x00000b72       0x38 c:/siliconlabs/simplicitystudio/v5/developer/toolchains/gnu_arm/10.2_2020q4/bin/../lib/gcc/arm-none-eabi/10.2.1/../../../../arm-none-eabi/lib/thumb/v8-m.main+fp/hard\libc_nano.a(lib_a-makebuf.o)
 .ARM.attributes
                0x00000baa       0x38 c:/siliconlabs/simplicitystudio/v5/developer/toolchains/gnu_arm/10.2_2020q4/bin/../lib/gcc/arm-none-eabi/10.2.1/../../../../arm-none-eabi/lib/thumb/v8-m.main+fp/hard\libc_nano.a(lib_a-malloc.o)
 .ARM.attributes
                0x00000be2       0x38 c:/siliconlabs/simplicitystudio/v5/developer/toolchains/gnu_arm/10.2_2020q4/bin/../lib/gcc/arm-none-eabi/10.2.1/../../../../arm-none-eabi/lib/thumb/v8-m.main+fp/hard\libc_nano.a(lib_a-nano-freer.o)
 .ARM.attributes
                0x00000c1a       0x38 c:/siliconlabs/simplicitystudio/v5/developer/toolchains/gnu_arm/10.2_2020q4/bin/../lib/gcc/arm-none-eabi/10.2.1/../../../../arm-none-eabi/lib/thumb/v8-m.main+fp/hard\libc_nano.a(lib_a-nano-mallocr.o)
 .ARM.attributes
                0x00000c52       0x38 c:/siliconlabs/simplicitystudio/v5/developer/toolchains/gnu_arm/10.2_2020q4/bin/../lib/gcc/arm-none-eabi/10.2.1/../../../../arm-none-eabi/lib/thumb/v8-m.main+fp/hard\libc_nano.a(lib_a-nano-vfprintf.o)
 .ARM.attributes
                0x00000c8a       0x38 c:/siliconlabs/simplicitystudio/v5/developer/toolchains/gnu_arm/10.2_2020q4/bin/../lib/gcc/arm-none-eabi/10.2.1/../../../../arm-none-eabi/lib/thumb/v8-m.main+fp/hard\libc_nano.a(lib_a-nano-vfprintf_i.o)
 .ARM.attributes
                0x00000cc2       0x38 c:/siliconlabs/simplicitystudio/v5/developer/toolchains/gnu_arm/10.2_2020q4/bin/../lib/gcc/arm-none-eabi/10.2.1/../../../../arm-none-eabi/lib/thumb/v8-m.main+fp/hard\libc_nano.a(lib_a-sbrkr.o)
 .ARM.attributes
                0x00000cfa       0x38 c:/siliconlabs/simplicitystudio/v5/developer/toolchains/gnu_arm/10.2_2020q4/bin/../lib/gcc/arm-none-eabi/10.2.1/../../../../arm-none-eabi/lib/thumb/v8-m.main+fp/hard\libc_nano.a(lib_a-stdio.o)
 .ARM.attributes
                0x00000d32       0x38 c:/siliconlabs/simplicitystudio/v5/developer/toolchains/gnu_arm/10.2_2020q4/bin/../lib/gcc/arm-none-eabi/10.2.1/../../../../arm-none-eabi/lib/thumb/v8-m.main+fp/hard\libc_nano.a(lib_a-wbuf.o)
 .ARM.attributes
                0x00000d6a       0x38 c:/siliconlabs/simplicitystudio/v5/developer/toolchains/gnu_arm/10.2_2020q4/bin/../lib/gcc/arm-none-eabi/10.2.1/../../../../arm-none-eabi/lib/thumb/v8-m.main+fp/hard\libc_nano.a(lib_a-writer.o)
 .ARM.attributes
                0x00000da2       0x38 c:/siliconlabs/simplicitystudio/v5/developer/toolchains/gnu_arm/10.2_2020q4/bin/../lib/gcc/arm-none-eabi/10.2.1/../../../../arm-none-eabi/lib/thumb/v8-m.main+fp/hard\libc_nano.a(lib_a-wsetup.o)
 .ARM.attributes
                0x00000dda       0x38 c:/siliconlabs/simplicitystudio/v5/developer/toolchains/gnu_arm/10.2_2020q4/bin/../lib/gcc/arm-none-eabi/10.2.1/../../../../arm-none-eabi/lib/thumb/v8-m.main+fp/hard\libc_nano.a(lib_a-closer.o)
 .ARM.attributes
                0x00000e12       0x38 c:/siliconlabs/simplicitystudio/v5/developer/toolchains/gnu_arm/10.2_2020q4/bin/../lib/gcc/arm-none-eabi/10.2.1/../../../../arm-none-eabi/lib/thumb/v8-m.main+fp/hard\libc_nano.a(lib_a-fstatr.o)
 .ARM.attributes
                0x00000e4a       0x38 c:/siliconlabs/simplicitystudio/v5/developer/toolchains/gnu_arm/10.2_2020q4/bin/../lib/gcc/arm-none-eabi/10.2.1/../../../../arm-none-eabi/lib/thumb/v8-m.main+fp/hard\libc_nano.a(lib_a-isattyr.o)
 .ARM.attributes
                0x00000e82       0x38 c:/siliconlabs/simplicitystudio/v5/developer/toolchains/gnu_arm/10.2_2020q4/bin/../lib/gcc/arm-none-eabi/10.2.1/../../../../arm-none-eabi/lib/thumb/v8-m.main+fp/hard\libc_nano.a(lib_a-lseekr.o)
 .ARM.attributes
                0x00000eba       0x38 c:/siliconlabs/simplicitystudio/v5/developer/toolchains/gnu_arm/10.2_2020q4/bin/../lib/gcc/arm-none-eabi/10.2.1/../../../../arm-none-eabi/lib/thumb/v8-m.main+fp/hard\libc_nano.a(lib_a-memchr-stub.o)
 .ARM.attributes
                0x00000ef2       0x38 c:/siliconlabs/simplicitystudio/v5/developer/toolchains/gnu_arm/10.2_2020q4/bin/../lib/gcc/arm-none-eabi/10.2.1/../../../../arm-none-eabi/lib/thumb/v8-m.main+fp/hard\libc_nano.a(lib_a-mlock.o)
 .ARM.attributes
                0x00000f2a       0x38 c:/siliconlabs/simplicitystudio/v5/developer/toolchains/gnu_arm/10.2_2020q4/bin/../lib/gcc/arm-none-eabi/10.2.1/../../../../arm-none-eabi/lib/thumb/v8-m.main+fp/hard\libc_nano.a(lib_a-readr.o)
 .ARM.attributes
                0x00000f62       0x38 c:/siliconlabs/simplicitystudio/v5/developer/toolchains/gnu_arm/10.2_2020q4/bin/../lib/gcc/arm-none-eabi/10.2.1/../../../../arm-none-eabi/lib/thumb/v8-m.main+fp/hard\libc_nano.a(lib_a-reent.o)
 .ARM.attributes
                0x00000f9a       0x22 c:/siliconlabs/simplicitystudio/v5/developer/toolchains/gnu_arm/10.2_2020q4/bin/../lib/gcc/arm-none-eabi/10.2.1/thumb/v8-m.main+fp/hard/crtn.o

.comment        0x00000000       0x4d
 .comment       0x00000000       0x4d ./app.o
                                 0x4e (size before relaxing)
 .comment       0x0000004d       0x4e ./dht11_driver.o
 .comment       0x0000004d       0x4e ./main.o
 .comment       0x0000004d       0x4e ./autogen/sl_board_default_init.o
 .comment       0x0000004d       0x4e ./autogen/sl_device_init_clocks.o
 .comment       0x0000004d       0x4e ./autogen/sl_event_handler.o
 .comment       0x0000004d       0x4e ./autogen/sl_i2cspm_init.o
 .comment       0x0000004d       0x4e ./autogen/sl_iostream_init_usart_instances.o
 .comment       0x0000004d       0x4e ./gecko_sdk_4.0.1/app/common/util/app_log/app_log.o
 .comment       0x0000004d       0x4e ./gecko_sdk_4.0.1/hardware/board/src/sl_board_control_gpio.o
 .comment       0x0000004d       0x4e ./gecko_sdk_4.0.1/hardware/board/src/sl_board_init.o
 .comment       0x0000004d       0x4e ./gecko_sdk_4.0.1/platform/Device/SiliconLabs/BGM22/Source/GCC/startup_bgm22.o
 .comment       0x0000004d       0x4e ./gecko_sdk_4.0.1/platform/Device/SiliconLabs/BGM22/Source/system_bgm22.o
 .comment       0x0000004d       0x4e ./gecko_sdk_4.0.1/platform/common/toolchain/src/sl_memory.o
 .comment       0x0000004d       0x4e ./gecko_sdk_4.0.1/platform/driver/i2cspm/src/sl_i2cspm.o
 .comment       0x0000004d       0x4e ./gecko_sdk_4.0.1/platform/emdrv/ustimer/src/ustimer.o
 .comment       0x0000004d       0x4e ./gecko_sdk_4.0.1/platform/emlib/src/em_assert.o
 .comment       0x0000004d       0x4e ./gecko_sdk_4.0.1/platform/emlib/src/em_cmu.o
 .comment       0x0000004d       0x4e ./gecko_sdk_4.0.1/platform/emlib/src/em_core.o
 .comment       0x0000004d       0x4e ./gecko_sdk_4.0.1/platform/emlib/src/em_emu.o
 .comment       0x0000004d       0x4e ./gecko_sdk_4.0.1/platform/emlib/src/em_gpio.o
 .comment       0x0000004d       0x4e ./gecko_sdk_4.0.1/platform/emlib/src/em_i2c.o
 .comment       0x0000004d       0x4e ./gecko_sdk_4.0.1/platform/emlib/src/em_timer.o
 .comment       0x0000004d       0x4e ./gecko_sdk_4.0.1/platform/emlib/src/em_usart.o
 .comment       0x0000004d       0x4e ./gecko_sdk_4.0.1/platform/service/device_init/src/sl_device_init_dcdc_s2.o
 .comment       0x0000004d       0x4e ./gecko_sdk_4.0.1/platform/service/device_init/src/sl_device_init_emu_s2.o
 .comment       0x0000004d       0x4e ./gecko_sdk_4.0.1/platform/service/device_init/src/sl_device_init_hfxo_s2.o
 .comment       0x0000004d       0x4e ./gecko_sdk_4.0.1/platform/service/device_init/src/sl_device_init_lfxo_s2.o
 .comment       0x0000004d       0x4e ./gecko_sdk_4.0.1/platform/service/device_init/src/sl_device_init_nvic.o
 .comment       0x0000004d       0x4e ./gecko_sdk_4.0.1/platform/service/iostream/src/sl_iostream.o
 .comment       0x0000004d       0x4e ./gecko_sdk_4.0.1/platform/service/iostream/src/sl_iostream_retarget_stdio.o
 .comment       0x0000004d       0x4e ./gecko_sdk_4.0.1/platform/service/iostream/src/sl_iostream_stdlib_config.o
 .comment       0x0000004d       0x4e ./gecko_sdk_4.0.1/platform/service/iostream/src/sl_iostream_uart.o
 .comment       0x0000004d       0x4e ./gecko_sdk_4.0.1/platform/service/iostream/src/sl_iostream_usart.o
 .comment       0x0000004d       0x4e ./gecko_sdk_4.0.1/platform/service/system/src/sl_system_init.o
 .comment       0x0000004d       0x4e ./gecko_sdk_4.0.1/platform/service/udelay/src/sl_udelay.o

.debug_info     0x00000000    0x28284
 .debug_info    0x00000000       0xa8 ./app.o
 .debug_info    0x000000a8     0x1613 ./dht11_driver.o
 .debug_info    0x000016bb      0x5a9 ./main.o
 .debug_info    0x00001c64       0x8a ./autogen/sl_board_default_init.o
 .debug_info    0x00001cee      0x388 ./autogen/sl_device_init_clocks.o
 .debug_info    0x00002076     0x1314 ./autogen/sl_event_handler.o
 .debug_info    0x0000338a      0x843 ./autogen/sl_i2cspm_init.o
 .debug_info    0x00003bcd     0x149a ./autogen/sl_iostream_init_usart_instances.o
 .debug_info    0x00005067      0x5ba ./gecko_sdk_4.0.1/app/common/util/app_log/app_log.o
 .debug_info    0x00005621      0x3a5 ./gecko_sdk_4.0.1/hardware/board/src/sl_board_control_gpio.o
 .debug_info    0x000059c6      0x27e ./gecko_sdk_4.0.1/hardware/board/src/sl_board_init.o
 .debug_info    0x00005c44      0x21f ./gecko_sdk_4.0.1/platform/Device/SiliconLabs/BGM22/Source/GCC/startup_bgm22.o
 .debug_info    0x00005e63     0x1370 ./gecko_sdk_4.0.1/platform/Device/SiliconLabs/BGM22/Source/system_bgm22.o
 .debug_info    0x000071d3      0x209 ./gecko_sdk_4.0.1/platform/common/toolchain/src/sl_memory.o
 .debug_info    0x000073dc     0x1d6c ./gecko_sdk_4.0.1/platform/driver/i2cspm/src/sl_i2cspm.o
 .debug_info    0x00009148     0x2038 ./gecko_sdk_4.0.1/platform/emdrv/ustimer/src/ustimer.o
 .debug_info    0x0000b180       0x8a ./gecko_sdk_4.0.1/platform/emlib/src/em_assert.o
 .debug_info    0x0000b20a     0x72eb ./gecko_sdk_4.0.1/platform/emlib/src/em_cmu.o
 .debug_info    0x000124f5     0x13e0 ./gecko_sdk_4.0.1/platform/emlib/src/em_core.o
 .debug_info    0x000138d5     0x39ef ./gecko_sdk_4.0.1/platform/emlib/src/em_emu.o
 .debug_info    0x000172c4     0x2195 ./gecko_sdk_4.0.1/platform/emlib/src/em_gpio.o
 .debug_info    0x00019459     0x1365 ./gecko_sdk_4.0.1/platform/emlib/src/em_i2c.o
 .debug_info    0x0001a7be     0x2995 ./gecko_sdk_4.0.1/platform/emlib/src/em_timer.o
 .debug_info    0x0001d153     0x4035 ./gecko_sdk_4.0.1/platform/emlib/src/em_usart.o
 .debug_info    0x00021188      0x2ad ./gecko_sdk_4.0.1/platform/service/device_init/src/sl_device_init_dcdc_s2.o
 .debug_info    0x00021435      0x9ab ./gecko_sdk_4.0.1/platform/service/device_init/src/sl_device_init_emu_s2.o
 .debug_info    0x00021de0      0x830 ./gecko_sdk_4.0.1/platform/service/device_init/src/sl_device_init_hfxo_s2.o
 .debug_info    0x00022610      0x26d ./gecko_sdk_4.0.1/platform/service/device_init/src/sl_device_init_lfxo_s2.o
 .debug_info    0x0002287d      0x892 ./gecko_sdk_4.0.1/platform/service/device_init/src/sl_device_init_nvic.o
 .debug_info    0x0002310f      0x565 ./gecko_sdk_4.0.1/platform/service/iostream/src/sl_iostream.o
 .debug_info    0x00023674      0x5bb ./gecko_sdk_4.0.1/platform/service/iostream/src/sl_iostream_retarget_stdio.o
 .debug_info    0x00023c2f      0xa25 ./gecko_sdk_4.0.1/platform/service/iostream/src/sl_iostream_stdlib_config.o
 .debug_info    0x00024654     0x10ab ./gecko_sdk_4.0.1/platform/service/iostream/src/sl_iostream_uart.o
 .debug_info    0x000256ff     0x291d ./gecko_sdk_4.0.1/platform/service/iostream/src/sl_iostream_usart.o
 .debug_info    0x0002801c       0xbe ./gecko_sdk_4.0.1/platform/service/system/src/sl_system_init.o
 .debug_info    0x000280da      0x184 ./gecko_sdk_4.0.1/platform/service/udelay/src/sl_udelay.o
 .debug_info    0x0002825e       0x26 ./gecko_sdk_4.0.1/platform/service/udelay/src/sl_udelay_armv6m_gcc.o

.debug_abbrev   0x00000000     0x4ad9
 .debug_abbrev  0x00000000       0x63 ./app.o
 .debug_abbrev  0x00000063      0x286 ./dht11_driver.o
 .debug_abbrev  0x000002e9      0x170 ./main.o
 .debug_abbrev  0x00000459       0x49 ./autogen/sl_board_default_init.o
 .debug_abbrev  0x000004a2       0xc8 ./autogen/sl_device_init_clocks.o
 .debug_abbrev  0x0000056a      0x1cd ./autogen/sl_event_handler.o
 .debug_abbrev  0x00000737      0x16c ./autogen/sl_i2cspm_init.o
 .debug_abbrev  0x000008a3      0x22e ./autogen/sl_iostream_init_usart_instances.o
 .debug_abbrev  0x00000ad1      0x285 ./gecko_sdk_4.0.1/app/common/util/app_log/app_log.o
 .debug_abbrev  0x00000d56      0x170 ./gecko_sdk_4.0.1/hardware/board/src/sl_board_control_gpio.o
 .debug_abbrev  0x00000ec6       0xe9 ./gecko_sdk_4.0.1/hardware/board/src/sl_board_init.o
 .debug_abbrev  0x00000faf      0x148 ./gecko_sdk_4.0.1/platform/Device/SiliconLabs/BGM22/Source/GCC/startup_bgm22.o
 .debug_abbrev  0x000010f7      0x274 ./gecko_sdk_4.0.1/platform/Device/SiliconLabs/BGM22/Source/system_bgm22.o
 .debug_abbrev  0x0000136b      0x121 ./gecko_sdk_4.0.1/platform/common/toolchain/src/sl_memory.o
 .debug_abbrev  0x0000148c      0x28c ./gecko_sdk_4.0.1/platform/driver/i2cspm/src/sl_i2cspm.o
 .debug_abbrev  0x00001718      0x3e7 ./gecko_sdk_4.0.1/platform/emdrv/ustimer/src/ustimer.o
 .debug_abbrev  0x00001aff       0x6f ./gecko_sdk_4.0.1/platform/emlib/src/em_assert.o
 .debug_abbrev  0x00001b6e      0x4d5 ./gecko_sdk_4.0.1/platform/emlib/src/em_cmu.o
 .debug_abbrev  0x00002043      0x316 ./gecko_sdk_4.0.1/platform/emlib/src/em_core.o
 .debug_abbrev  0x00002359      0x4c6 ./gecko_sdk_4.0.1/platform/emlib/src/em_emu.o
 .debug_abbrev  0x0000281f      0x329 ./gecko_sdk_4.0.1/platform/emlib/src/em_gpio.o
 .debug_abbrev  0x00002b48      0x424 ./gecko_sdk_4.0.1/platform/emlib/src/em_i2c.o
 .debug_abbrev  0x00002f6c      0x34a ./gecko_sdk_4.0.1/platform/emlib/src/em_timer.o
 .debug_abbrev  0x000032b6      0x324 ./gecko_sdk_4.0.1/platform/emlib/src/em_usart.o
 .debug_abbrev  0x000035da       0xe3 ./gecko_sdk_4.0.1/platform/service/device_init/src/sl_device_init_dcdc_s2.o
 .debug_abbrev  0x000036bd      0x13d ./gecko_sdk_4.0.1/platform/service/device_init/src/sl_device_init_emu_s2.o
 .debug_abbrev  0x000037fa      0x172 ./gecko_sdk_4.0.1/platform/service/device_init/src/sl_device_init_hfxo_s2.o
 .debug_abbrev  0x0000396c       0xf0 ./gecko_sdk_4.0.1/platform/service/device_init/src/sl_device_init_lfxo_s2.o
 .debug_abbrev  0x00003a5c      0x147 ./gecko_sdk_4.0.1/platform/service/device_init/src/sl_device_init_nvic.o
 .debug_abbrev  0x00003ba3      0x23a ./gecko_sdk_4.0.1/platform/service/iostream/src/sl_iostream.o
 .debug_abbrev  0x00003ddd      0x19b ./gecko_sdk_4.0.1/platform/service/iostream/src/sl_iostream_retarget_stdio.o
 .debug_abbrev  0x00003f78      0x1cf ./gecko_sdk_4.0.1/platform/service/iostream/src/sl_iostream_stdlib_config.o
 .debug_abbrev  0x00004147      0x4bf ./gecko_sdk_4.0.1/platform/service/iostream/src/sl_iostream_uart.o
 .debug_abbrev  0x00004606      0x369 ./gecko_sdk_4.0.1/platform/service/iostream/src/sl_iostream_usart.o
 .debug_abbrev  0x0000496f       0x62 ./gecko_sdk_4.0.1/platform/service/system/src/sl_system_init.o
 .debug_abbrev  0x000049d1       0xf4 ./gecko_sdk_4.0.1/platform/service/udelay/src/sl_udelay.o
 .debug_abbrev  0x00004ac5       0x14 ./gecko_sdk_4.0.1/platform/service/udelay/src/sl_udelay_armv6m_gcc.o

.debug_aranges  0x00000000      0xb28
 .debug_aranges
                0x00000000       0x20 ./app.o
 .debug_aranges
                0x00000020       0x38 ./dht11_driver.o
 .debug_aranges
                0x00000058       0x20 ./main.o
 .debug_aranges
                0x00000078       0x20 ./autogen/sl_board_default_init.o
 .debug_aranges
                0x00000098       0x20 ./autogen/sl_device_init_clocks.o
 .debug_aranges
                0x000000b8       0x48 ./autogen/sl_event_handler.o
 .debug_aranges
                0x00000100       0x20 ./autogen/sl_i2cspm_init.o
 .debug_aranges
                0x00000120       0x30 ./autogen/sl_iostream_init_usart_instances.o
 .debug_aranges
                0x00000150       0x88 ./gecko_sdk_4.0.1/app/common/util/app_log/app_log.o
 .debug_aranges
                0x000001d8       0x58 ./gecko_sdk_4.0.1/hardware/board/src/sl_board_control_gpio.o
 .debug_aranges
                0x00000230       0x28 ./gecko_sdk_4.0.1/hardware/board/src/sl_board_init.o
 .debug_aranges
                0x00000258       0x28 ./gecko_sdk_4.0.1/platform/Device/SiliconLabs/BGM22/Source/GCC/startup_bgm22.o
 .debug_aranges
                0x00000280       0x88 ./gecko_sdk_4.0.1/platform/Device/SiliconLabs/BGM22/Source/system_bgm22.o
 .debug_aranges
                0x00000308       0x30 ./gecko_sdk_4.0.1/platform/common/toolchain/src/sl_memory.o
 .debug_aranges
                0x00000338       0x28 ./gecko_sdk_4.0.1/platform/driver/i2cspm/src/sl_i2cspm.o
 .debug_aranges
                0x00000360       0x48 ./gecko_sdk_4.0.1/platform/emdrv/ustimer/src/ustimer.o
 .debug_aranges
                0x000003a8       0x20 ./gecko_sdk_4.0.1/platform/emlib/src/em_assert.o
 .debug_aranges
                0x000003c8      0x150 ./gecko_sdk_4.0.1/platform/emlib/src/em_cmu.o
 .debug_aranges
                0x00000518       0xe8 ./gecko_sdk_4.0.1/platform/emlib/src/em_core.o
 .debug_aranges
                0x00000600       0xf8 ./gecko_sdk_4.0.1/platform/emlib/src/em_emu.o
 .debug_aranges
                0x000006f8       0x68 ./gecko_sdk_4.0.1/platform/emlib/src/em_gpio.o
 .debug_aranges
                0x00000760       0x50 ./gecko_sdk_4.0.1/platform/emlib/src/em_i2c.o
 .debug_aranges
                0x000007b0       0x50 ./gecko_sdk_4.0.1/platform/emlib/src/em_timer.o
 .debug_aranges
                0x00000800       0xb8 ./gecko_sdk_4.0.1/platform/emlib/src/em_usart.o
 .debug_aranges
                0x000008b8       0x20 ./gecko_sdk_4.0.1/platform/service/device_init/src/sl_device_init_dcdc_s2.o
 .debug_aranges
                0x000008d8       0x20 ./gecko_sdk_4.0.1/platform/service/device_init/src/sl_device_init_emu_s2.o
 .debug_aranges
                0x000008f8       0x20 ./gecko_sdk_4.0.1/platform/service/device_init/src/sl_device_init_hfxo_s2.o
 .debug_aranges
                0x00000918       0x20 ./gecko_sdk_4.0.1/platform/service/device_init/src/sl_device_init_lfxo_s2.o
 .debug_aranges
                0x00000938       0x20 ./gecko_sdk_4.0.1/platform/service/device_init/src/sl_device_init_nvic.o
 .debug_aranges
                0x00000958       0x50 ./gecko_sdk_4.0.1/platform/service/iostream/src/sl_iostream.o
 .debug_aranges
                0x000009a8       0x60 ./gecko_sdk_4.0.1/platform/service/iostream/src/sl_iostream_retarget_stdio.o
 .debug_aranges
                0x00000a08       0x20 ./gecko_sdk_4.0.1/platform/service/iostream/src/sl_iostream_stdlib_config.o
 .debug_aranges
                0x00000a28       0x60 ./gecko_sdk_4.0.1/platform/service/iostream/src/sl_iostream_uart.o
 .debug_aranges
                0x00000a88       0x40 ./gecko_sdk_4.0.1/platform/service/iostream/src/sl_iostream_usart.o
 .debug_aranges
                0x00000ac8       0x20 ./gecko_sdk_4.0.1/platform/service/system/src/sl_system_init.o
 .debug_aranges
                0x00000ae8       0x20 ./gecko_sdk_4.0.1/platform/service/udelay/src/sl_udelay.o
 .debug_aranges
                0x00000b08       0x20 ./gecko_sdk_4.0.1/platform/service/udelay/src/sl_udelay_armv6m_gcc.o

.debug_ranges   0x00000000     0x1178
 .debug_ranges  0x00000000       0x10 ./app.o
 .debug_ranges  0x00000010       0x68 ./dht11_driver.o
 .debug_ranges  0x00000078       0x48 ./main.o
 .debug_ranges  0x000000c0       0x10 ./autogen/sl_board_default_init.o
 .debug_ranges  0x000000d0       0x10 ./autogen/sl_device_init_clocks.o
 .debug_ranges  0x000000e0       0x80 ./autogen/sl_event_handler.o
 .debug_ranges  0x00000160       0x10 ./autogen/sl_i2cspm_init.o
 .debug_ranges  0x00000170       0x20 ./autogen/sl_iostream_init_usart_instances.o
 .debug_ranges  0x00000190       0xa0 ./gecko_sdk_4.0.1/app/common/util/app_log/app_log.o
 .debug_ranges  0x00000230       0x48 ./gecko_sdk_4.0.1/hardware/board/src/sl_board_control_gpio.o
 .debug_ranges  0x00000278       0x18 ./gecko_sdk_4.0.1/hardware/board/src/sl_board_init.o
 .debug_ranges  0x00000290       0x18 ./gecko_sdk_4.0.1/platform/Device/SiliconLabs/BGM22/Source/GCC/startup_bgm22.o
 .debug_ranges  0x000002a8       0x78 ./gecko_sdk_4.0.1/platform/Device/SiliconLabs/BGM22/Source/system_bgm22.o
 .debug_ranges  0x00000320       0x20 ./gecko_sdk_4.0.1/platform/common/toolchain/src/sl_memory.o
 .debug_ranges  0x00000340       0x58 ./gecko_sdk_4.0.1/platform/driver/i2cspm/src/sl_i2cspm.o
 .debug_ranges  0x00000398      0x210 ./gecko_sdk_4.0.1/platform/emdrv/ustimer/src/ustimer.o
 .debug_ranges  0x000005a8       0x10 ./gecko_sdk_4.0.1/platform/emlib/src/em_assert.o
 .debug_ranges  0x000005b8      0x200 ./gecko_sdk_4.0.1/platform/emlib/src/em_cmu.o
 .debug_ranges  0x000007b8      0x188 ./gecko_sdk_4.0.1/platform/emlib/src/em_core.o
 .debug_ranges  0x00000940      0x280 ./gecko_sdk_4.0.1/platform/emlib/src/em_emu.o
 .debug_ranges  0x00000bc0       0x70 ./gecko_sdk_4.0.1/platform/emlib/src/em_gpio.o
 .debug_ranges  0x00000c30      0x178 ./gecko_sdk_4.0.1/platform/emlib/src/em_i2c.o
 .debug_ranges  0x00000da8       0x60 ./gecko_sdk_4.0.1/platform/emlib/src/em_timer.o
 .debug_ranges  0x00000e08      0x108 ./gecko_sdk_4.0.1/platform/emlib/src/em_usart.o
 .debug_ranges  0x00000f10       0x10 ./gecko_sdk_4.0.1/platform/service/device_init/src/sl_device_init_dcdc_s2.o
 .debug_ranges  0x00000f20       0x10 ./gecko_sdk_4.0.1/platform/service/device_init/src/sl_device_init_emu_s2.o
 .debug_ranges  0x00000f30       0x10 ./gecko_sdk_4.0.1/platform/service/device_init/src/sl_device_init_hfxo_s2.o
 .debug_ranges  0x00000f40       0x10 ./gecko_sdk_4.0.1/platform/service/device_init/src/sl_device_init_lfxo_s2.o
 .debug_ranges  0x00000f50       0x58 ./gecko_sdk_4.0.1/platform/service/device_init/src/sl_device_init_nvic.o
 .debug_ranges  0x00000fa8       0x40 ./gecko_sdk_4.0.1/platform/service/iostream/src/sl_iostream.o